Archive member included to satisfy reference by file (symbol)

.\CortexM3\ARM_GCC_541\Debug\Lab4.a(CyLib.o)
                              .\CortexM3\ARM_GCC_541\Debug\Cm3Start.o (CyHalt)
.\CortexM3\ARM_GCC_541\Debug\Lab4.a(cyPm.o)
                              .\CortexM3\ARM_GCC_541\Debug\Lab4.a(CyLib.o) (CyPmReadStatus)
.\CortexM3\ARM_GCC_541\Debug\Lab4.a(PWM_MOTOR.o)
                              .\CortexM3\ARM_GCC_541\Debug\main.o (PWM_MOTOR_WriteCompare)
.\CortexM3\ARM_GCC_541\Debug\Lab4.a(PWM_TACHO.o)
                              .\CortexM3\ARM_GCC_541\Debug\main.o (PWM_TACHO_ReadStatusRegister)
.\CortexM3\ARM_GCC_541\Debug\Lab4.a(Counter_TACHO.o)
                              .\CortexM3\ARM_GCC_541\Debug\main.o (Counter_TACHO_ReadCapture)
.\CortexM3\ARM_GCC_541\Debug\Lab4.a(IRQ_TACHO.o)
                              .\CortexM3\ARM_GCC_541\Debug\main.o (IRQ_TACHO_StartEx)
.\CortexM3\ARM_GCC_541\Debug\Lab4.a(UART_1.o)
                              .\CortexM3\ARM_GCC_541\Debug\main.o (UART_1_Start)
.\CortexM3\ARM_GCC_541\Debug\Lab4.a(UART_1_IntClock.o)
                              .\CortexM3\ARM_GCC_541\Debug\Lab4.a(UART_1.o) (UART_1_IntClock_Start)
.\CortexM3\ARM_GCC_541\Debug\Lab4.a(CyBootAsmGnu.o)
                              .\CortexM3\ARM_GCC_541\Debug\cyfitter_cfg.o (CyDelayCycles)
.\CortexM3\ARM_GCC_541\Debug\Lab4.a(CyFlash.o)
                              .\CortexM3\ARM_GCC_541\Debug\Lab4.a(cyPm.o) (CyFlash_SetWaitCycles)
.\CortexM3\ARM_GCC_541\Debug\Lab4.a(CySpc.o)
                              .\CortexM3\ARM_GCC_541\Debug\Lab4.a(CyFlash.o) (CySpcStart)
c:/program files (x86)/cypress/psoc creator/4.4/psoc creator/import/gnu/arm/5.4.1/bin/../lib/gcc/arm-none-eabi/5.4.1/../../../../arm-none-eabi/lib/armv7-m\libg_nano.a(lib_a-errno.o)
                              .\CortexM3\ARM_GCC_541\Debug\Cm3Start.o (__errno)
c:/program files (x86)/cypress/psoc creator/4.4/psoc creator/import/gnu/arm/5.4.1/bin/../lib/gcc/arm-none-eabi/5.4.1/../../../../arm-none-eabi/lib/armv7-m\libg_nano.a(lib_a-exit.o)
                              c:/program files (x86)/cypress/psoc creator/4.4/psoc creator/import/gnu/arm/5.4.1/bin/../lib/gcc/arm-none-eabi/5.4.1/../../../../arm-none-eabi/lib/armv7-m/crt0.o (exit)
c:/program files (x86)/cypress/psoc creator/4.4/psoc creator/import/gnu/arm/5.4.1/bin/../lib/gcc/arm-none-eabi/5.4.1/../../../../arm-none-eabi/lib/armv7-m\libg_nano.a(lib_a-impure.o)
                              c:/program files (x86)/cypress/psoc creator/4.4/psoc creator/import/gnu/arm/5.4.1/bin/../lib/gcc/arm-none-eabi/5.4.1/../../../../arm-none-eabi/lib/armv7-m\libg_nano.a(lib_a-exit.o) (_global_impure_ptr)
c:/program files (x86)/cypress/psoc creator/4.4/psoc creator/import/gnu/arm/5.4.1/bin/../lib/gcc/arm-none-eabi/5.4.1/../../../../arm-none-eabi/lib/armv7-m\libg_nano.a(lib_a-init.o)
                              c:/program files (x86)/cypress/psoc creator/4.4/psoc creator/import/gnu/arm/5.4.1/bin/../lib/gcc/arm-none-eabi/5.4.1/../../../../arm-none-eabi/lib/armv7-m/crt0.o (__libc_init_array)
c:/program files (x86)/cypress/psoc creator/4.4/psoc creator/import/gnu/arm/5.4.1/bin/../lib/gcc/arm-none-eabi/5.4.1/../../../../arm-none-eabi/lib/armv7-m\libg_nano.a(lib_a-itoa.o)
                              .\CortexM3\ARM_GCC_541\Debug\main.o (itoa)
c:/program files (x86)/cypress/psoc creator/4.4/psoc creator/import/gnu/arm/5.4.1/bin/../lib/gcc/arm-none-eabi/5.4.1/../../../../arm-none-eabi/lib/armv7-m\libg_nano.a(lib_a-memcpy-stub.o)
                              .\CortexM3\ARM_GCC_541\Debug\cyfitter_cfg.o (memcpy)
c:/program files (x86)/cypress/psoc creator/4.4/psoc creator/import/gnu/arm/5.4.1/bin/../lib/gcc/arm-none-eabi/5.4.1/../../../../arm-none-eabi/lib/armv7-m\libg_nano.a(lib_a-memset.o)
                              c:/program files (x86)/cypress/psoc creator/4.4/psoc creator/import/gnu/arm/5.4.1/bin/../lib/gcc/arm-none-eabi/5.4.1/../../../../arm-none-eabi/lib/armv7-m/crt0.o (memset)
c:/program files (x86)/cypress/psoc creator/4.4/psoc creator/import/gnu/arm/5.4.1/bin/../lib/gcc/arm-none-eabi/5.4.1/../../../../arm-none-eabi/lib/armv7-m\libg_nano.a(lib_a-utoa.o)
                              c:/program files (x86)/cypress/psoc creator/4.4/psoc creator/import/gnu/arm/5.4.1/bin/../lib/gcc/arm-none-eabi/5.4.1/../../../../arm-none-eabi/lib/armv7-m\libg_nano.a(lib_a-itoa.o) (__utoa)

Allocating common symbols
Common symbol       size              file

dieTemperature      0x2               .\CortexM3\ARM_GCC_541\Debug\Lab4.a(CyFlash.o)

Discarded input sections

 .text          0x00000000        0x0 c:/program files (x86)/cypress/psoc creator/4.4/psoc creator/import/gnu/arm/5.4.1/bin/../lib/gcc/arm-none-eabi/5.4.1/armv7-m/crti.o
 .data          0x00000000        0x0 c:/program files (x86)/cypress/psoc creator/4.4/psoc creator/import/gnu/arm/5.4.1/bin/../lib/gcc/arm-none-eabi/5.4.1/armv7-m/crti.o
 .bss           0x00000000        0x0 c:/program files (x86)/cypress/psoc creator/4.4/psoc creator/import/gnu/arm/5.4.1/bin/../lib/gcc/arm-none-eabi/5.4.1/armv7-m/crti.o
 .data          0x00000000        0x4 c:/program files (x86)/cypress/psoc creator/4.4/psoc creator/import/gnu/arm/5.4.1/bin/../lib/gcc/arm-none-eabi/5.4.1/armv7-m/crtbegin.o
 .text          0x00000000       0x74 c:/program files (x86)/cypress/psoc creator/4.4/psoc creator/import/gnu/arm/5.4.1/bin/../lib/gcc/arm-none-eabi/5.4.1/../../../../arm-none-eabi/lib/armv7-m/crt0.o
 .data          0x00000000        0x0 c:/program files (x86)/cypress/psoc creator/4.4/psoc creator/import/gnu/arm/5.4.1/bin/../lib/gcc/arm-none-eabi/5.4.1/../../../../arm-none-eabi/lib/armv7-m/crt0.o
 .bss           0x00000000        0x0 c:/program files (x86)/cypress/psoc creator/4.4/psoc creator/import/gnu/arm/5.4.1/bin/../lib/gcc/arm-none-eabi/5.4.1/../../../../arm-none-eabi/lib/armv7-m/crt0.o
 .ARM.extab     0x00000000        0x0 c:/program files (x86)/cypress/psoc creator/4.4/psoc creator/import/gnu/arm/5.4.1/bin/../lib/gcc/arm-none-eabi/5.4.1/../../../../arm-none-eabi/lib/armv7-m/crt0.o
 .ARM.exidx     0x00000000        0x8 c:/program files (x86)/cypress/psoc creator/4.4/psoc creator/import/gnu/arm/5.4.1/bin/../lib/gcc/arm-none-eabi/5.4.1/../../../../arm-none-eabi/lib/armv7-m/crt0.o
 .text          0x00000000        0x0 .\CortexM3\ARM_GCC_541\Debug\main.o
 .data          0x00000000        0x0 .\CortexM3\ARM_GCC_541\Debug\main.o
 .text          0x00000000        0x0 .\CortexM3\ARM_GCC_541\Debug\cyfitter_cfg.o
 .data          0x00000000        0x0 .\CortexM3\ARM_GCC_541\Debug\cyfitter_cfg.o
 .bss           0x00000000        0x0 .\CortexM3\ARM_GCC_541\Debug\cyfitter_cfg.o
 .text.SetAnalogRoutingPumps
                0x00000000       0x10 .\CortexM3\ARM_GCC_541\Debug\cyfitter_cfg.o
 .text          0x00000000        0x0 .\CortexM3\ARM_GCC_541\Debug\cymetadata.o
 .data          0x00000000        0x0 .\CortexM3\ARM_GCC_541\Debug\cymetadata.o
 .bss           0x00000000        0x0 .\CortexM3\ARM_GCC_541\Debug\cymetadata.o
 .text          0x00000000        0x0 .\CortexM3\ARM_GCC_541\Debug\Cm3Start.o
 .data          0x00000000        0x4 .\CortexM3\ARM_GCC_541\Debug\Cm3Start.o
 .bss           0x00000000        0x0 .\CortexM3\ARM_GCC_541\Debug\Cm3Start.o
 .text._exit    0x00000000        0xc .\CortexM3\ARM_GCC_541\Debug\Cm3Start.o
 .text._sbrk    0x00000000       0x30 .\CortexM3\ARM_GCC_541\Debug\Cm3Start.o
 .text          0x00000000        0x0 .\CortexM3\ARM_GCC_541\Debug\Lab4.a(CyLib.o)
 .data          0x00000000       0x10 .\CortexM3\ARM_GCC_541\Debug\Lab4.a(CyLib.o)
 .bss           0x00000000       0x1c .\CortexM3\ARM_GCC_541\Debug\Lab4.a(CyLib.o)
 .text.CyUSB_PowerOnCheck
                0x00000000       0x48 .\CortexM3\ARM_GCC_541\Debug\Lab4.a(CyLib.o)
 .text.CyBusClk_Internal_SetDivider
                0x00000000       0x48 .\CortexM3\ARM_GCC_541\Debug\Lab4.a(CyLib.o)
 .text.CyPLL_OUT_Stop
                0x00000000       0x10 .\CortexM3\ARM_GCC_541\Debug\Lab4.a(CyLib.o)
 .text.CyIMO_Stop
                0x00000000       0x1c .\CortexM3\ARM_GCC_541\Debug\Lab4.a(CyLib.o)
 .text.CyIMO_EnableDoubler
                0x00000000       0x10 .\CortexM3\ARM_GCC_541\Debug\Lab4.a(CyLib.o)
 .text.CyIMO_DisableDoubler
                0x00000000       0x10 .\CortexM3\ARM_GCC_541\Debug\Lab4.a(CyLib.o)
 .text.CyMasterClk_SetSource
                0x00000000       0x18 .\CortexM3\ARM_GCC_541\Debug\Lab4.a(CyLib.o)
 .text.CyMasterClk_SetDivider
                0x00000000        0xc .\CortexM3\ARM_GCC_541\Debug\Lab4.a(CyLib.o)
 .text.CyBusClk_SetDivider
                0x00000000       0x70 .\CortexM3\ARM_GCC_541\Debug\Lab4.a(CyLib.o)
 .text.CyUsbClk_SetSource
                0x00000000       0x18 .\CortexM3\ARM_GCC_541\Debug\Lab4.a(CyLib.o)
 .text.CyILO_Start1K
                0x00000000       0x10 .\CortexM3\ARM_GCC_541\Debug\Lab4.a(CyLib.o)
 .text.CyILO_Stop1K
                0x00000000       0x10 .\CortexM3\ARM_GCC_541\Debug\Lab4.a(CyLib.o)
 .text.CyILO_Start100K
                0x00000000       0x10 .\CortexM3\ARM_GCC_541\Debug\Lab4.a(CyLib.o)
 .text.CyILO_Stop100K
                0x00000000       0x10 .\CortexM3\ARM_GCC_541\Debug\Lab4.a(CyLib.o)
 .text.CyPLL_OUT_Start
                0x00000000       0x78 .\CortexM3\ARM_GCC_541\Debug\Lab4.a(CyLib.o)
 .text.CyIMO_Start
                0x00000000       0x60 .\CortexM3\ARM_GCC_541\Debug\Lab4.a(CyLib.o)
 .text.CyILO_Enable33K
                0x00000000       0x10 .\CortexM3\ARM_GCC_541\Debug\Lab4.a(CyLib.o)
 .text.CyILO_Disable33K
                0x00000000       0x10 .\CortexM3\ARM_GCC_541\Debug\Lab4.a(CyLib.o)
 .text.CyILO_SetSource
                0x00000000       0x18 .\CortexM3\ARM_GCC_541\Debug\Lab4.a(CyLib.o)
 .text.CyILO_SetPowerMode
                0x00000000       0x24 .\CortexM3\ARM_GCC_541\Debug\Lab4.a(CyLib.o)
 .text.CyXTAL_32KHZ_Stop
                0x00000000       0x30 .\CortexM3\ARM_GCC_541\Debug\Lab4.a(CyLib.o)
 .text.CyXTAL_32KHZ_ReadStatus
                0x00000000       0x10 .\CortexM3\ARM_GCC_541\Debug\Lab4.a(CyLib.o)
 .text.CyXTAL_Start
                0x00000000       0xac .\CortexM3\ARM_GCC_541\Debug\Lab4.a(CyLib.o)
 .text.CyXTAL_Stop
                0x00000000       0x10 .\CortexM3\ARM_GCC_541\Debug\Lab4.a(CyLib.o)
 .text.CyXTAL_EnableErrStatus
                0x00000000       0x10 .\CortexM3\ARM_GCC_541\Debug\Lab4.a(CyLib.o)
 .text.CyXTAL_DisableErrStatus
                0x00000000       0x10 .\CortexM3\ARM_GCC_541\Debug\Lab4.a(CyLib.o)
 .text.CyXTAL_ReadStatus
                0x00000000       0x18 .\CortexM3\ARM_GCC_541\Debug\Lab4.a(CyLib.o)
 .text.CyXTAL_EnableFaultRecovery
                0x00000000       0x10 .\CortexM3\ARM_GCC_541\Debug\Lab4.a(CyLib.o)
 .text.CyXTAL_DisableFaultRecovery
                0x00000000       0x10 .\CortexM3\ARM_GCC_541\Debug\Lab4.a(CyLib.o)
 .text.CyXTAL_SetStartup
                0x00000000       0x18 .\CortexM3\ARM_GCC_541\Debug\Lab4.a(CyLib.o)
 .text.CyXTAL_SetFbVoltage
                0x00000000       0x18 .\CortexM3\ARM_GCC_541\Debug\Lab4.a(CyLib.o)
 .text.CyXTAL_SetWdVoltage
                0x00000000       0x18 .\CortexM3\ARM_GCC_541\Debug\Lab4.a(CyLib.o)
 .text.CyHalt   0x00000000        0x4 .\CortexM3\ARM_GCC_541\Debug\Lab4.a(CyLib.o)
 .text.CyPLL_OUT_SetPQ
                0x00000000       0x60 .\CortexM3\ARM_GCC_541\Debug\Lab4.a(CyLib.o)
 .text.CyPLL_OUT_SetSource
                0x00000000       0x34 .\CortexM3\ARM_GCC_541\Debug\Lab4.a(CyLib.o)
 .text.CyIMO_SetTrimValue
                0x00000000       0xcc .\CortexM3\ARM_GCC_541\Debug\Lab4.a(CyLib.o)
 .text.CyIMO_SetFreq
                0x00000000       0xf4 .\CortexM3\ARM_GCC_541\Debug\Lab4.a(CyLib.o)
 .text.CyIMO_SetSource
                0x00000000       0x58 .\CortexM3\ARM_GCC_541\Debug\Lab4.a(CyLib.o)
 .text.CySoftwareReset
                0x00000000       0x10 .\CortexM3\ARM_GCC_541\Debug\Lab4.a(CyLib.o)
 .text.CyDelay  0x00000000       0x2c .\CortexM3\ARM_GCC_541\Debug\Lab4.a(CyLib.o)
 .text.CyDelayUs
                0x00000000       0x14 .\CortexM3\ARM_GCC_541\Debug\Lab4.a(CyLib.o)
 .text.CyXTAL_32KHZ_SetPowerMode
                0x00000000       0x84 .\CortexM3\ARM_GCC_541\Debug\Lab4.a(CyLib.o)
 .text.CyXTAL_32KHZ_Start
                0x00000000       0x74 .\CortexM3\ARM_GCC_541\Debug\Lab4.a(CyLib.o)
 .text.CyDelayFreq
                0x00000000       0x4c .\CortexM3\ARM_GCC_541\Debug\Lab4.a(CyLib.o)
 .text.CyWdtStart
                0x00000000       0x40 .\CortexM3\ARM_GCC_541\Debug\Lab4.a(CyLib.o)
 .text.CyWdtClear
                0x00000000        0xc .\CortexM3\ARM_GCC_541\Debug\Lab4.a(CyLib.o)
 .text.CyVdStickyStatus
                0x00000000       0x2c .\CortexM3\ARM_GCC_541\Debug\Lab4.a(CyLib.o)
 .text.CyVdLvDigitEnable
                0x00000000       0x84 .\CortexM3\ARM_GCC_541\Debug\Lab4.a(CyLib.o)
 .text.CyVdLvAnalogEnable
                0x00000000       0x80 .\CortexM3\ARM_GCC_541\Debug\Lab4.a(CyLib.o)
 .text.CyVdLvDigitDisable
                0x00000000       0x30 .\CortexM3\ARM_GCC_541\Debug\Lab4.a(CyLib.o)
 .text.CyVdLvAnalogDisable
                0x00000000       0x28 .\CortexM3\ARM_GCC_541\Debug\Lab4.a(CyLib.o)
 .text.CyVdHvAnalogEnable
                0x00000000       0x54 .\CortexM3\ARM_GCC_541\Debug\Lab4.a(CyLib.o)
 .text.CyVdHvAnalogDisable
                0x00000000       0x20 .\CortexM3\ARM_GCC_541\Debug\Lab4.a(CyLib.o)
 .text.CyVdRealTimeStatus
                0x00000000       0x1c .\CortexM3\ARM_GCC_541\Debug\Lab4.a(CyLib.o)
 .text.CyDisableInts
                0x00000000       0x1c .\CortexM3\ARM_GCC_541\Debug\Lab4.a(CyLib.o)
 .text.CyEnableInts
                0x00000000       0x18 .\CortexM3\ARM_GCC_541\Debug\Lab4.a(CyLib.o)
 .text.CyFlushCache
                0x00000000       0x44 .\CortexM3\ARM_GCC_541\Debug\Lab4.a(CyLib.o)
 .text.CyIntSetSysVector
                0x00000000       0x28 .\CortexM3\ARM_GCC_541\Debug\Lab4.a(CyLib.o)
 .text.CyIntGetSysVector
                0x00000000       0x20 .\CortexM3\ARM_GCC_541\Debug\Lab4.a(CyLib.o)
 .text.CyIntSetVector
                0x00000000       0x28 .\CortexM3\ARM_GCC_541\Debug\Lab4.a(CyLib.o)
 .text.CyIntGetVector
                0x00000000       0x24 .\CortexM3\ARM_GCC_541\Debug\Lab4.a(CyLib.o)
 .text.CyIntSetPriority
                0x00000000       0x30 .\CortexM3\ARM_GCC_541\Debug\Lab4.a(CyLib.o)
 .text.CyIntGetPriority
                0x00000000       0x20 .\CortexM3\ARM_GCC_541\Debug\Lab4.a(CyLib.o)
 .text.CyIntGetState
                0x00000000       0x24 .\CortexM3\ARM_GCC_541\Debug\Lab4.a(CyLib.o)
 .text.CySysTickStop
                0x00000000       0x10 .\CortexM3\ARM_GCC_541\Debug\Lab4.a(CyLib.o)
 .text.CySysTickEnableInterrupt
                0x00000000       0x10 .\CortexM3\ARM_GCC_541\Debug\Lab4.a(CyLib.o)
 .text.CySysTickEnable
                0x00000000       0x18 .\CortexM3\ARM_GCC_541\Debug\Lab4.a(CyLib.o)
 .text.CySysTickDisableInterrupt
                0x00000000       0x10 .\CortexM3\ARM_GCC_541\Debug\Lab4.a(CyLib.o)
 .text.CySysTickSetReload
                0x00000000       0x10 .\CortexM3\ARM_GCC_541\Debug\Lab4.a(CyLib.o)
 .text.CySysTickGetReload
                0x00000000       0x10 .\CortexM3\ARM_GCC_541\Debug\Lab4.a(CyLib.o)
 .text.CySysTickGetValue
                0x00000000       0x10 .\CortexM3\ARM_GCC_541\Debug\Lab4.a(CyLib.o)
 .text.CySysTickSetClockSource
                0x00000000       0x20 .\CortexM3\ARM_GCC_541\Debug\Lab4.a(CyLib.o)
 .text.CySysTickGetClockSource
                0x00000000       0x10 .\CortexM3\ARM_GCC_541\Debug\Lab4.a(CyLib.o)
 .text.CySysTickGetCountFlag
                0x00000000       0x10 .\CortexM3\ARM_GCC_541\Debug\Lab4.a(CyLib.o)
 .text.CySysTickServiceCallbacks
                0x00000000       0x28 .\CortexM3\ARM_GCC_541\Debug\Lab4.a(CyLib.o)
 .text.CySysTickClear
                0x00000000        0xc .\CortexM3\ARM_GCC_541\Debug\Lab4.a(CyLib.o)
 .text.CySysTickInit
                0x00000000       0x58 .\CortexM3\ARM_GCC_541\Debug\Lab4.a(CyLib.o)
 .text.CySysTickStart
                0x00000000       0x1c .\CortexM3\ARM_GCC_541\Debug\Lab4.a(CyLib.o)
 .text.CySysTickSetCallback
                0x00000000       0x10 .\CortexM3\ARM_GCC_541\Debug\Lab4.a(CyLib.o)
 .text.CySysTickGetCallback
                0x00000000       0x10 .\CortexM3\ARM_GCC_541\Debug\Lab4.a(CyLib.o)
 .text.CyGetUniqueId
                0x00000000       0x70 .\CortexM3\ARM_GCC_541\Debug\Lab4.a(CyLib.o)
 .text          0x00000000        0x0 .\CortexM3\ARM_GCC_541\Debug\Lab4.a(cyPm.o)
 .data          0x00000000        0x0 .\CortexM3\ARM_GCC_541\Debug\Lab4.a(cyPm.o)
 .bss           0x00000000       0x43 .\CortexM3\ARM_GCC_541\Debug\Lab4.a(cyPm.o)
 .text.CyPmHibSlpSaveSet
                0x00000000      0x1dc .\CortexM3\ARM_GCC_541\Debug\Lab4.a(cyPm.o)
 .text.CyPmHibSlpRestore
                0x00000000       0xd8 .\CortexM3\ARM_GCC_541\Debug\Lab4.a(cyPm.o)
 .text.CyPmHviLviSaveDisable
                0x00000000       0xa0 .\CortexM3\ARM_GCC_541\Debug\Lab4.a(cyPm.o)
 .text.CyPmHibSaveSet
                0x00000000       0x98 .\CortexM3\ARM_GCC_541\Debug\Lab4.a(cyPm.o)
 .text.CyPmHviLviRestore
                0x00000000       0x48 .\CortexM3\ARM_GCC_541\Debug\Lab4.a(cyPm.o)
 .text.CyPmHibRestore
                0x00000000       0x60 .\CortexM3\ARM_GCC_541\Debug\Lab4.a(cyPm.o)
 .text.CyPmSaveClocks
                0x00000000      0x218 .\CortexM3\ARM_GCC_541\Debug\Lab4.a(cyPm.o)
 .text.CyPmRestoreClocks
                0x00000000      0x24c .\CortexM3\ARM_GCC_541\Debug\Lab4.a(cyPm.o)
 .text.CyPmAltAct
                0x00000000       0x6c .\CortexM3\ARM_GCC_541\Debug\Lab4.a(cyPm.o)
 .text.CyPmSleep
                0x00000000       0xf4 .\CortexM3\ARM_GCC_541\Debug\Lab4.a(cyPm.o)
 .text.CyPmHibernateEx
                0x00000000       0xf4 .\CortexM3\ARM_GCC_541\Debug\Lab4.a(cyPm.o)
 .text.CyPmHibernate
                0x00000000        0xc .\CortexM3\ARM_GCC_541\Debug\Lab4.a(cyPm.o)
 .text.CyPmReadStatus
                0x00000000       0x30 .\CortexM3\ARM_GCC_541\Debug\Lab4.a(cyPm.o)
 .text.CyPmCtwSetInterval
                0x00000000       0x5c .\CortexM3\ARM_GCC_541\Debug\Lab4.a(cyPm.o)
 .text.CyPmOppsSet
                0x00000000       0x2c .\CortexM3\ARM_GCC_541\Debug\Lab4.a(cyPm.o)
 .text.CyPmFtwSetInterval
                0x00000000       0x5c .\CortexM3\ARM_GCC_541\Debug\Lab4.a(cyPm.o)
 .rodata        0x00000000        0xf .\CortexM3\ARM_GCC_541\Debug\Lab4.a(cyPm.o)
 .text          0x00000000        0x0 .\CortexM3\ARM_GCC_541\Debug\Lab4.a(PWM_MOTOR.o)
 .data          0x00000000        0x0 .\CortexM3\ARM_GCC_541\Debug\Lab4.a(PWM_MOTOR.o)
 .text.PWM_MOTOR_Stop
                0x00000000       0x10 .\CortexM3\ARM_GCC_541\Debug\Lab4.a(PWM_MOTOR.o)
 .text.PWM_MOTOR_ReadCounter
                0x00000000       0x14 .\CortexM3\ARM_GCC_541\Debug\Lab4.a(PWM_MOTOR.o)
 .text.PWM_MOTOR_ReadControlRegister
                0x00000000        0xc .\CortexM3\ARM_GCC_541\Debug\Lab4.a(PWM_MOTOR.o)
 .text.PWM_MOTOR_WriteControlRegister
                0x00000000        0xc .\CortexM3\ARM_GCC_541\Debug\Lab4.a(PWM_MOTOR.o)
 .text.PWM_MOTOR_ReadCompare
                0x00000000        0xc .\CortexM3\ARM_GCC_541\Debug\Lab4.a(PWM_MOTOR.o)
 .text.PWM_MOTOR_ReadPeriod
                0x00000000        0xc .\CortexM3\ARM_GCC_541\Debug\Lab4.a(PWM_MOTOR.o)
 .text          0x00000000        0x0 .\CortexM3\ARM_GCC_541\Debug\Lab4.a(PWM_TACHO.o)
 .data          0x00000000        0x0 .\CortexM3\ARM_GCC_541\Debug\Lab4.a(PWM_TACHO.o)
 .text.PWM_TACHO_Stop
                0x00000000       0x10 .\CortexM3\ARM_GCC_541\Debug\Lab4.a(PWM_TACHO.o)
 .text.PWM_TACHO_ReadCounter
                0x00000000       0x14 .\CortexM3\ARM_GCC_541\Debug\Lab4.a(PWM_TACHO.o)
 .text.PWM_TACHO_ReadControlRegister
                0x00000000        0xc .\CortexM3\ARM_GCC_541\Debug\Lab4.a(PWM_TACHO.o)
 .text.PWM_TACHO_WriteControlRegister
                0x00000000        0xc .\CortexM3\ARM_GCC_541\Debug\Lab4.a(PWM_TACHO.o)
 .text.PWM_TACHO_ReadCompare
                0x00000000        0xc .\CortexM3\ARM_GCC_541\Debug\Lab4.a(PWM_TACHO.o)
 .text          0x00000000        0x0 .\CortexM3\ARM_GCC_541\Debug\Lab4.a(Counter_TACHO.o)
 .data          0x00000000        0x0 .\CortexM3\ARM_GCC_541\Debug\Lab4.a(Counter_TACHO.o)
 .text.Counter_TACHO_Stop
                0x00000000       0x10 .\CortexM3\ARM_GCC_541\Debug\Lab4.a(Counter_TACHO.o)
 .text.Counter_TACHO_ReadControlRegister
                0x00000000        0xc .\CortexM3\ARM_GCC_541\Debug\Lab4.a(Counter_TACHO.o)
 .text.Counter_TACHO_WriteControlRegister
                0x00000000        0xc .\CortexM3\ARM_GCC_541\Debug\Lab4.a(Counter_TACHO.o)
 .text.Counter_TACHO_ReadCounter
                0x00000000       0x14 .\CortexM3\ARM_GCC_541\Debug\Lab4.a(Counter_TACHO.o)
 .text.Counter_TACHO_ReadPeriod
                0x00000000        0xc .\CortexM3\ARM_GCC_541\Debug\Lab4.a(Counter_TACHO.o)
 .text.Counter_TACHO_ReadCompare
                0x00000000        0xc .\CortexM3\ARM_GCC_541\Debug\Lab4.a(Counter_TACHO.o)
 .text.Counter_TACHO_SetCompareMode
                0x00000000       0x18 .\CortexM3\ARM_GCC_541\Debug\Lab4.a(Counter_TACHO.o)
 .text          0x00000000        0x0 .\CortexM3\ARM_GCC_541\Debug\Lab4.a(IRQ_TACHO.o)
 .data          0x00000000        0x0 .\CortexM3\ARM_GCC_541\Debug\Lab4.a(IRQ_TACHO.o)
 .bss           0x00000000        0x0 .\CortexM3\ARM_GCC_541\Debug\Lab4.a(IRQ_TACHO.o)
 .text.IRQ_TACHO_Interrupt
                0x00000000        0x4 .\CortexM3\ARM_GCC_541\Debug\Lab4.a(IRQ_TACHO.o)
 .text.IRQ_TACHO_GetVector
                0x00000000        0xc .\CortexM3\ARM_GCC_541\Debug\Lab4.a(IRQ_TACHO.o)
 .text.IRQ_TACHO_GetPriority
                0x00000000        0xc .\CortexM3\ARM_GCC_541\Debug\Lab4.a(IRQ_TACHO.o)
 .text.IRQ_TACHO_GetState
                0x00000000       0x10 .\CortexM3\ARM_GCC_541\Debug\Lab4.a(IRQ_TACHO.o)
 .text.IRQ_TACHO_Start
                0x00000000       0x1c .\CortexM3\ARM_GCC_541\Debug\Lab4.a(IRQ_TACHO.o)
 .text.IRQ_TACHO_Stop
                0x00000000       0x14 .\CortexM3\ARM_GCC_541\Debug\Lab4.a(IRQ_TACHO.o)
 .text.IRQ_TACHO_SetPending
                0x00000000        0xc .\CortexM3\ARM_GCC_541\Debug\Lab4.a(IRQ_TACHO.o)
 .text.IRQ_TACHO_ClearPending
                0x00000000        0xc .\CortexM3\ARM_GCC_541\Debug\Lab4.a(IRQ_TACHO.o)
 .text          0x00000000        0x0 .\CortexM3\ARM_GCC_541\Debug\Lab4.a(UART_1.o)
 .data          0x00000000        0x0 .\CortexM3\ARM_GCC_541\Debug\Lab4.a(UART_1.o)
 .text.UART_1_Stop
                0x00000000       0x3c .\CortexM3\ARM_GCC_541\Debug\Lab4.a(UART_1.o)
 .text.UART_1_ReadControlRegister
                0x00000000        0x4 .\CortexM3\ARM_GCC_541\Debug\Lab4.a(UART_1.o)
 .text.UART_1_WriteControlRegister
                0x00000000        0x4 .\CortexM3\ARM_GCC_541\Debug\Lab4.a(UART_1.o)
 .text.UART_1_SetRxInterruptMode
                0x00000000        0xc .\CortexM3\ARM_GCC_541\Debug\Lab4.a(UART_1.o)
 .text.UART_1_ReadRxData
                0x00000000        0xc .\CortexM3\ARM_GCC_541\Debug\Lab4.a(UART_1.o)
 .text.UART_1_ReadRxStatus
                0x00000000       0x10 .\CortexM3\ARM_GCC_541\Debug\Lab4.a(UART_1.o)
 .text.UART_1_GetChar
                0x00000000       0x2c .\CortexM3\ARM_GCC_541\Debug\Lab4.a(UART_1.o)
 .text.UART_1_GetByte
                0x00000000       0x14 .\CortexM3\ARM_GCC_541\Debug\Lab4.a(UART_1.o)
 .text.UART_1_GetRxBufferSize
                0x00000000       0x18 .\CortexM3\ARM_GCC_541\Debug\Lab4.a(UART_1.o)
 .text.UART_1_ClearRxBuffer
                0x00000000       0x24 .\CortexM3\ARM_GCC_541\Debug\Lab4.a(UART_1.o)
 .text.UART_1_SetRxAddressMode
                0x00000000        0x4 .\CortexM3\ARM_GCC_541\Debug\Lab4.a(UART_1.o)
 .text.UART_1_SetRxAddress1
                0x00000000        0xc .\CortexM3\ARM_GCC_541\Debug\Lab4.a(UART_1.o)
 .text.UART_1_SetRxAddress2
                0x00000000        0xc .\CortexM3\ARM_GCC_541\Debug\Lab4.a(UART_1.o)
 .text.UART_1_SetTxInterruptMode
                0x00000000        0xc .\CortexM3\ARM_GCC_541\Debug\Lab4.a(UART_1.o)
 .text.UART_1_WriteTxData
                0x00000000       0x14 .\CortexM3\ARM_GCC_541\Debug\Lab4.a(UART_1.o)
 .text.UART_1_ReadTxStatus
                0x00000000        0xc .\CortexM3\ARM_GCC_541\Debug\Lab4.a(UART_1.o)
 .text.UART_1_PutArray
                0x00000000       0x28 .\CortexM3\ARM_GCC_541\Debug\Lab4.a(UART_1.o)
 .text.UART_1_PutCRLF
                0x00000000       0x20 .\CortexM3\ARM_GCC_541\Debug\Lab4.a(UART_1.o)
 .text.UART_1_GetTxBufferSize
                0x00000000       0x24 .\CortexM3\ARM_GCC_541\Debug\Lab4.a(UART_1.o)
 .text.UART_1_ClearTxBuffer
                0x00000000       0x24 .\CortexM3\ARM_GCC_541\Debug\Lab4.a(UART_1.o)
 .text.UART_1_SendBreak
                0x00000000       0x58 .\CortexM3\ARM_GCC_541\Debug\Lab4.a(UART_1.o)
 .text.UART_1_SetTxAddressMode
                0x00000000        0x4 .\CortexM3\ARM_GCC_541\Debug\Lab4.a(UART_1.o)
 .text          0x00000000        0x0 .\CortexM3\ARM_GCC_541\Debug\Lab4.a(UART_1_IntClock.o)
 .data          0x00000000        0x0 .\CortexM3\ARM_GCC_541\Debug\Lab4.a(UART_1_IntClock.o)
 .bss           0x00000000        0x0 .\CortexM3\ARM_GCC_541\Debug\Lab4.a(UART_1_IntClock.o)
 .text.UART_1_IntClock_Stop
                0x00000000       0x1c .\CortexM3\ARM_GCC_541\Debug\Lab4.a(UART_1_IntClock.o)
 .text.UART_1_IntClock_StopBlock
                0x00000000       0x6c .\CortexM3\ARM_GCC_541\Debug\Lab4.a(UART_1_IntClock.o)
 .text.UART_1_IntClock_StandbyPower
                0x00000000       0x20 .\CortexM3\ARM_GCC_541\Debug\Lab4.a(UART_1_IntClock.o)
 .text.UART_1_IntClock_GetDividerRegister
                0x00000000        0xc .\CortexM3\ARM_GCC_541\Debug\Lab4.a(UART_1_IntClock.o)
 .text.UART_1_IntClock_SetModeRegister
                0x00000000       0x14 .\CortexM3\ARM_GCC_541\Debug\Lab4.a(UART_1_IntClock.o)
 .text.UART_1_IntClock_ClearModeRegister
                0x00000000       0x18 .\CortexM3\ARM_GCC_541\Debug\Lab4.a(UART_1_IntClock.o)
 .text.UART_1_IntClock_GetModeRegister
                0x00000000       0x10 .\CortexM3\ARM_GCC_541\Debug\Lab4.a(UART_1_IntClock.o)
 .text.UART_1_IntClock_GetSourceRegister
                0x00000000       0x10 .\CortexM3\ARM_GCC_541\Debug\Lab4.a(UART_1_IntClock.o)
 .text.UART_1_IntClock_SetDividerRegister
                0x00000000       0xdc .\CortexM3\ARM_GCC_541\Debug\Lab4.a(UART_1_IntClock.o)
 .text.UART_1_IntClock_SetSourceRegister
                0x00000000       0x5c .\CortexM3\ARM_GCC_541\Debug\Lab4.a(UART_1_IntClock.o)
 .data          0x00000000        0x0 .\CortexM3\ARM_GCC_541\Debug\Lab4.a(CyBootAsmGnu.o)
 .bss           0x00000000        0x0 .\CortexM3\ARM_GCC_541\Debug\Lab4.a(CyBootAsmGnu.o)
 .text          0x00000000        0x0 .\CortexM3\ARM_GCC_541\Debug\Lab4.a(CyFlash.o)
 .data          0x00000000        0x0 .\CortexM3\ARM_GCC_541\Debug\Lab4.a(CyFlash.o)
 .bss           0x00000000        0x0 .\CortexM3\ARM_GCC_541\Debug\Lab4.a(CyFlash.o)
 .text.CySetTempInt
                0x00000000       0x60 .\CortexM3\ARM_GCC_541\Debug\Lab4.a(CyFlash.o)
 .text.CyFlash_Start
                0x00000000       0x54 .\CortexM3\ARM_GCC_541\Debug\Lab4.a(CyFlash.o)
 .text.CyFlash_Stop
                0x00000000       0x24 .\CortexM3\ARM_GCC_541\Debug\Lab4.a(CyFlash.o)
 .text.CyFlash_EraseRow
                0x00000000       0x78 .\CortexM3\ARM_GCC_541\Debug\Lab4.a(CyFlash.o)
 .text.CyFlashGetSpcAlgorithm
                0x00000000       0x4c .\CortexM3\ARM_GCC_541\Debug\Lab4.a(CyFlash.o)
 .text.CySetTemp
                0x00000000       0x14 .\CortexM3\ARM_GCC_541\Debug\Lab4.a(CyFlash.o)
 .text.CySetFlashEEBuffer
                0x00000000       0x20 .\CortexM3\ARM_GCC_541\Debug\Lab4.a(CyFlash.o)
 .text.CyWriteRowFull
                0x00000000       0xf8 .\CortexM3\ARM_GCC_541\Debug\Lab4.a(CyFlash.o)
 .text.CyWriteRowData
                0x00000000       0x14 .\CortexM3\ARM_GCC_541\Debug\Lab4.a(CyFlash.o)
 .text.CyFlash_SetWaitCycles
                0x00000000       0x7c .\CortexM3\ARM_GCC_541\Debug\Lab4.a(CyFlash.o)
 .text.CyEEPROM_Start
                0x00000000       0x54 .\CortexM3\ARM_GCC_541\Debug\Lab4.a(CyFlash.o)
 .text.CyEEPROM_Stop
                0x00000000       0x24 .\CortexM3\ARM_GCC_541\Debug\Lab4.a(CyFlash.o)
 .text.CyEEPROM_ReadReserve
                0x00000000       0x1c .\CortexM3\ARM_GCC_541\Debug\Lab4.a(CyFlash.o)
 .text.CyEEPROM_ReadRelease
                0x00000000       0x10 .\CortexM3\ARM_GCC_541\Debug\Lab4.a(CyFlash.o)
 COMMON         0x00000000        0x2 .\CortexM3\ARM_GCC_541\Debug\Lab4.a(CyFlash.o)
 .text          0x00000000        0x0 .\CortexM3\ARM_GCC_541\Debug\Lab4.a(CySpc.o)
 .data          0x00000000        0x0 .\CortexM3\ARM_GCC_541\Debug\Lab4.a(CySpc.o)
 .bss           0x00000000        0x8 .\CortexM3\ARM_GCC_541\Debug\Lab4.a(CySpc.o)
 .text.CySpcStart
                0x00000000       0x24 .\CortexM3\ARM_GCC_541\Debug\Lab4.a(CySpc.o)
 .text.CySpcStop
                0x00000000       0x24 .\CortexM3\ARM_GCC_541\Debug\Lab4.a(CySpc.o)
 .text.CySpcReadData
                0x00000000       0x34 .\CortexM3\ARM_GCC_541\Debug\Lab4.a(CySpc.o)
 .text.CySpcLoadMultiByte
                0x00000000       0x78 .\CortexM3\ARM_GCC_541\Debug\Lab4.a(CySpc.o)
 .text.CySpcLoadRow
                0x00000000       0x50 .\CortexM3\ARM_GCC_541\Debug\Lab4.a(CySpc.o)
 .text.CySpcLoadRowFull
                0x00000000       0x80 .\CortexM3\ARM_GCC_541\Debug\Lab4.a(CySpc.o)
 .text.CySpcWriteRow
                0x00000000       0x4c .\CortexM3\ARM_GCC_541\Debug\Lab4.a(CySpc.o)
 .text.CySpcEraseSector
                0x00000000       0x3c .\CortexM3\ARM_GCC_541\Debug\Lab4.a(CySpc.o)
 .text.CySpcEraseRow
                0x00000000       0x4c .\CortexM3\ARM_GCC_541\Debug\Lab4.a(CySpc.o)
 .text.CySpcGetTemp
                0x00000000       0x3c .\CortexM3\ARM_GCC_541\Debug\Lab4.a(CySpc.o)
 .text.CySpcLock
                0x00000000       0x4c .\CortexM3\ARM_GCC_541\Debug\Lab4.a(CySpc.o)
 .text.CySpcUnlock
                0x00000000       0x38 .\CortexM3\ARM_GCC_541\Debug\Lab4.a(CySpc.o)
 .text.CySpcGetAlgorithm
                0x00000000       0x28 .\CortexM3\ARM_GCC_541\Debug\Lab4.a(CySpc.o)
 .text          0x00000000        0x0 c:/program files (x86)/cypress/psoc creator/4.4/psoc creator/import/gnu/arm/5.4.1/bin/../lib/gcc/arm-none-eabi/5.4.1/../../../../arm-none-eabi/lib/armv7-m\libg_nano.a(lib_a-errno.o)
 .data          0x00000000        0x0 c:/program files (x86)/cypress/psoc creator/4.4/psoc creator/import/gnu/arm/5.4.1/bin/../lib/gcc/arm-none-eabi/5.4.1/../../../../arm-none-eabi/lib/armv7-m\libg_nano.a(lib_a-errno.o)
 .bss           0x00000000        0x0 c:/program files (x86)/cypress/psoc creator/4.4/psoc creator/import/gnu/arm/5.4.1/bin/../lib/gcc/arm-none-eabi/5.4.1/../../../../arm-none-eabi/lib/armv7-m\libg_nano.a(lib_a-errno.o)
 .text          0x00000000        0x0 c:/program files (x86)/cypress/psoc creator/4.4/psoc creator/import/gnu/arm/5.4.1/bin/../lib/gcc/arm-none-eabi/5.4.1/../../../../arm-none-eabi/lib/armv7-m\libg_nano.a(lib_a-exit.o)
 .data          0x00000000        0x0 c:/program files (x86)/cypress/psoc creator/4.4/psoc creator/import/gnu/arm/5.4.1/bin/../lib/gcc/arm-none-eabi/5.4.1/../../../../arm-none-eabi/lib/armv7-m\libg_nano.a(lib_a-exit.o)
 .bss           0x00000000        0x0 c:/program files (x86)/cypress/psoc creator/4.4/psoc creator/import/gnu/arm/5.4.1/bin/../lib/gcc/arm-none-eabi/5.4.1/../../../../arm-none-eabi/lib/armv7-m\libg_nano.a(lib_a-exit.o)
 .text.exit     0x00000000       0x28 c:/program files (x86)/cypress/psoc creator/4.4/psoc creator/import/gnu/arm/5.4.1/bin/../lib/gcc/arm-none-eabi/5.4.1/../../../../arm-none-eabi/lib/armv7-m\libg_nano.a(lib_a-exit.o)
 .text          0x00000000        0x0 c:/program files (x86)/cypress/psoc creator/4.4/psoc creator/import/gnu/arm/5.4.1/bin/../lib/gcc/arm-none-eabi/5.4.1/../../../../arm-none-eabi/lib/armv7-m\libg_nano.a(lib_a-impure.o)
 .data          0x00000000        0x0 c:/program files (x86)/cypress/psoc creator/4.4/psoc creator/import/gnu/arm/5.4.1/bin/../lib/gcc/arm-none-eabi/5.4.1/../../../../arm-none-eabi/lib/armv7-m\libg_nano.a(lib_a-impure.o)
 .bss           0x00000000        0x0 c:/program files (x86)/cypress/psoc creator/4.4/psoc creator/import/gnu/arm/5.4.1/bin/../lib/gcc/arm-none-eabi/5.4.1/../../../../arm-none-eabi/lib/armv7-m\libg_nano.a(lib_a-impure.o)
 .rodata._global_impure_ptr
                0x00000000        0x4 c:/program files (x86)/cypress/psoc creator/4.4/psoc creator/import/gnu/arm/5.4.1/bin/../lib/gcc/arm-none-eabi/5.4.1/../../../../arm-none-eabi/lib/armv7-m\libg_nano.a(lib_a-impure.o)
 .text          0x00000000        0x0 c:/program files (x86)/cypress/psoc creator/4.4/psoc creator/import/gnu/arm/5.4.1/bin/../lib/gcc/arm-none-eabi/5.4.1/../../../../arm-none-eabi/lib/armv7-m\libg_nano.a(lib_a-init.o)
 .data          0x00000000        0x0 c:/program files (x86)/cypress/psoc creator/4.4/psoc creator/import/gnu/arm/5.4.1/bin/../lib/gcc/arm-none-eabi/5.4.1/../../../../arm-none-eabi/lib/armv7-m\libg_nano.a(lib_a-init.o)
 .bss           0x00000000        0x0 c:/program files (x86)/cypress/psoc creator/4.4/psoc creator/import/gnu/arm/5.4.1/bin/../lib/gcc/arm-none-eabi/5.4.1/../../../../arm-none-eabi/lib/armv7-m\libg_nano.a(lib_a-init.o)
 .text          0x00000000        0x0 c:/program files (x86)/cypress/psoc creator/4.4/psoc creator/import/gnu/arm/5.4.1/bin/../lib/gcc/arm-none-eabi/5.4.1/../../../../arm-none-eabi/lib/armv7-m\libg_nano.a(lib_a-itoa.o)
 .data          0x00000000        0x0 c:/program files (x86)/cypress/psoc creator/4.4/psoc creator/import/gnu/arm/5.4.1/bin/../lib/gcc/arm-none-eabi/5.4.1/../../../../arm-none-eabi/lib/armv7-m\libg_nano.a(lib_a-itoa.o)
 .bss           0x00000000        0x0 c:/program files (x86)/cypress/psoc creator/4.4/psoc creator/import/gnu/arm/5.4.1/bin/../lib/gcc/arm-none-eabi/5.4.1/../../../../arm-none-eabi/lib/armv7-m\libg_nano.a(lib_a-itoa.o)
 .text          0x00000000        0x0 c:/program files (x86)/cypress/psoc creator/4.4/psoc creator/import/gnu/arm/5.4.1/bin/../lib/gcc/arm-none-eabi/5.4.1/../../../../arm-none-eabi/lib/armv7-m\libg_nano.a(lib_a-memcpy-stub.o)
 .data          0x00000000        0x0 c:/program files (x86)/cypress/psoc creator/4.4/psoc creator/import/gnu/arm/5.4.1/bin/../lib/gcc/arm-none-eabi/5.4.1/../../../../arm-none-eabi/lib/armv7-m\libg_nano.a(lib_a-memcpy-stub.o)
 .bss           0x00000000        0x0 c:/program files (x86)/cypress/psoc creator/4.4/psoc creator/import/gnu/arm/5.4.1/bin/../lib/gcc/arm-none-eabi/5.4.1/../../../../arm-none-eabi/lib/armv7-m\libg_nano.a(lib_a-memcpy-stub.o)
 .text          0x00000000        0x0 c:/program files (x86)/cypress/psoc creator/4.4/psoc creator/import/gnu/arm/5.4.1/bin/../lib/gcc/arm-none-eabi/5.4.1/../../../../arm-none-eabi/lib/armv7-m\libg_nano.a(lib_a-memset.o)
 .data          0x00000000        0x0 c:/program files (x86)/cypress/psoc creator/4.4/psoc creator/import/gnu/arm/5.4.1/bin/../lib/gcc/arm-none-eabi/5.4.1/../../../../arm-none-eabi/lib/armv7-m\libg_nano.a(lib_a-memset.o)
 .bss           0x00000000        0x0 c:/program files (x86)/cypress/psoc creator/4.4/psoc creator/import/gnu/arm/5.4.1/bin/../lib/gcc/arm-none-eabi/5.4.1/../../../../arm-none-eabi/lib/armv7-m\libg_nano.a(lib_a-memset.o)
 .text          0x00000000        0x0 c:/program files (x86)/cypress/psoc creator/4.4/psoc creator/import/gnu/arm/5.4.1/bin/../lib/gcc/arm-none-eabi/5.4.1/../../../../arm-none-eabi/lib/armv7-m\libg_nano.a(lib_a-utoa.o)
 .data          0x00000000        0x0 c:/program files (x86)/cypress/psoc creator/4.4/psoc creator/import/gnu/arm/5.4.1/bin/../lib/gcc/arm-none-eabi/5.4.1/../../../../arm-none-eabi/lib/armv7-m\libg_nano.a(lib_a-utoa.o)
 .bss           0x00000000        0x0 c:/program files (x86)/cypress/psoc creator/4.4/psoc creator/import/gnu/arm/5.4.1/bin/../lib/gcc/arm-none-eabi/5.4.1/../../../../arm-none-eabi/lib/armv7-m\libg_nano.a(lib_a-utoa.o)
 .text.utoa     0x00000000        0x4 c:/program files (x86)/cypress/psoc creator/4.4/psoc creator/import/gnu/arm/5.4.1/bin/../lib/gcc/arm-none-eabi/5.4.1/../../../../arm-none-eabi/lib/armv7-m\libg_nano.a(lib_a-utoa.o)
 .text          0x00000000        0x0 c:/program files (x86)/cypress/psoc creator/4.4/psoc creator/import/gnu/arm/5.4.1/bin/../lib/gcc/arm-none-eabi/5.4.1/armv7-m/crtend.o
 .data          0x00000000        0x0 c:/program files (x86)/cypress/psoc creator/4.4/psoc creator/import/gnu/arm/5.4.1/bin/../lib/gcc/arm-none-eabi/5.4.1/armv7-m/crtend.o
 .bss           0x00000000        0x0 c:/program files (x86)/cypress/psoc creator/4.4/psoc creator/import/gnu/arm/5.4.1/bin/../lib/gcc/arm-none-eabi/5.4.1/armv7-m/crtend.o
 .text          0x00000000        0x0 c:/program files (x86)/cypress/psoc creator/4.4/psoc creator/import/gnu/arm/5.4.1/bin/../lib/gcc/arm-none-eabi/5.4.1/armv7-m/crtn.o
 .data          0x00000000        0x0 c:/program files (x86)/cypress/psoc creator/4.4/psoc creator/import/gnu/arm/5.4.1/bin/../lib/gcc/arm-none-eabi/5.4.1/armv7-m/crtn.o
 .bss           0x00000000        0x0 c:/program files (x86)/cypress/psoc creator/4.4/psoc creator/import/gnu/arm/5.4.1/bin/../lib/gcc/arm-none-eabi/5.4.1/armv7-m/crtn.o

Memory Configuration

Name             Origin             Length             Attributes
rom              0x00000000         0x00040000         xr
ram              0x1fff8000         0x00010000         xrw
*default*        0x00000000         0xffffffff

Linker script and memory map

LOAD c:/program files (x86)/cypress/psoc creator/4.4/psoc creator/import/gnu/arm/5.4.1/bin/../lib/gcc/arm-none-eabi/5.4.1/armv7-m/crti.o
LOAD c:/program files (x86)/cypress/psoc creator/4.4/psoc creator/import/gnu/arm/5.4.1/bin/../lib/gcc/arm-none-eabi/5.4.1/armv7-m/crtbegin.o
LOAD c:/program files (x86)/cypress/psoc creator/4.4/psoc creator/import/gnu/arm/5.4.1/bin/../lib/gcc/arm-none-eabi/5.4.1/../../../../arm-none-eabi/lib/armv7-m/crt0.o
START GROUP
LOAD .\CortexM3\ARM_GCC_541\Debug\main.o
LOAD .\CortexM3\ARM_GCC_541\Debug\cyfitter_cfg.o
LOAD .\CortexM3\ARM_GCC_541\Debug\cymetadata.o
LOAD .\CortexM3\ARM_GCC_541\Debug\Cm3Start.o
LOAD .\CortexM3\ARM_GCC_541\Debug\Lab4.a
LOAD C:\Program Files (x86)\Cypress\PSoC Creator\4.4\PSoC Creator\psoc\content\cycomponentlibrary\CyComponentLibrary.cylib\CortexM3\ARM_GCC_541\Debug\CyComponentLibrary.a
END GROUP
START GROUP
LOAD c:/program files (x86)/cypress/psoc creator/4.4/psoc creator/import/gnu/arm/5.4.1/bin/../lib/gcc/arm-none-eabi/5.4.1/armv7-m\libgcc.a
LOAD c:/program files (x86)/cypress/psoc creator/4.4/psoc creator/import/gnu/arm/5.4.1/bin/../lib/gcc/arm-none-eabi/5.4.1/../../../../arm-none-eabi/lib/armv7-m\libg_nano.a
LOAD c:/program files (x86)/cypress/psoc creator/4.4/psoc creator/import/gnu/arm/5.4.1/bin/../lib/gcc/arm-none-eabi/5.4.1/../../../../arm-none-eabi/lib/armv7-m\libc_nano.a
END GROUP
START GROUP
LOAD c:/program files (x86)/cypress/psoc creator/4.4/psoc creator/import/gnu/arm/5.4.1/bin/../lib/gcc/arm-none-eabi/5.4.1/armv7-m\libgcc.a
LOAD c:/program files (x86)/cypress/psoc creator/4.4/psoc creator/import/gnu/arm/5.4.1/bin/../lib/gcc/arm-none-eabi/5.4.1/../../../../arm-none-eabi/lib/armv7-m\libc_nano.a
END GROUP
LOAD c:/program files (x86)/cypress/psoc creator/4.4/psoc creator/import/gnu/arm/5.4.1/bin/../lib/gcc/arm-none-eabi/5.4.1/armv7-m/crtend.o
LOAD c:/program files (x86)/cypress/psoc creator/4.4/psoc creator/import/gnu/arm/5.4.1/bin/../lib/gcc/arm-none-eabi/5.4.1/armv7-m/crtn.o
START GROUP
LOAD c:/program files (x86)/cypress/psoc creator/4.4/psoc creator/import/gnu/arm/5.4.1/bin/../lib/gcc/arm-none-eabi/5.4.1/armv7-m\libgcc.a
LOAD c:/program files (x86)/cypress/psoc creator/4.4/psoc creator/import/gnu/arm/5.4.1/bin/../lib/gcc/arm-none-eabi/5.4.1/../../../../arm-none-eabi/lib/armv7-m\libc.a
LOAD c:/program files (x86)/cypress/psoc creator/4.4/psoc creator/import/gnu/arm/5.4.1/bin/../lib/gcc/arm-none-eabi/5.4.1/../../../../arm-none-eabi/lib/armv7-m\libnosys.a
END GROUP
                0x00000000                CY_APPL_ORIGIN = 0x0
                0x00000100                CY_FLASH_ROW_SIZE = 0x100
                0x00000020                CY_ECC_ROW_SIZE = 0x20
                0x00000000                CY_EE_IN_BTLDR = 0x0
                0x00000000                CY_APPL_LOADABLE = 0x0
                0x00000800                CY_EE_SIZE = 0x800
                0x00000001                CY_APPL_NUM = 0x1
                0x00000001                CY_APPL_MAX = 0x1
                0x00000040                CY_METADATA_SIZE = 0x40
                0x00000000                CY_APPL_LOADABLE = 0x0
                0x00000000                CY_CHECKSUM_EXCLUDE_SIZE = ALIGN (0x0, CY_FLASH_ROW_SIZE)
                [!provide]                PROVIDE (__cy_heap_start, _end)
                0x00000001                PROVIDE (__cy_region_num, ((__cy_regions_end - __cy_regions) / 0x10))
                0x20008000                PROVIDE (__cy_stack, (ORIGIN (ram) + LENGTH (ram)))
                [!provide]                PROVIDE (__cy_heap_end, (__cy_stack - 0x800))

.cybootloader   0x00000000        0x0
 *(.cybootloader)
                0x00000000                appl1_start = CY_APPL_ORIGIN?CY_APPL_ORIGIN:ALIGN (CY_FLASH_ROW_SIZE)
                0x0001ff00                appl2_start = (appl1_start + ALIGN ((((LENGTH (rom) - appl1_start) - (0x2 * CY_FLASH_ROW_SIZE)) / 0x2), CY_FLASH_ROW_SIZE))
                0x00000000                appl_start = (CY_APPL_NUM == 0x1)?appl1_start:appl2_start
                0x00000000                ecc_offset = ((appl_start / CY_FLASH_ROW_SIZE) * CY_ECC_ROW_SIZE)
                0x00000000                ee_offset = (CY_APPL_LOADABLE && ! (CY_EE_IN_BTLDR))?((CY_EE_SIZE / CY_APPL_MAX) * (CY_APPL_NUM - 0x1)):0x0
                0x00000800                ee_size = (CY_APPL_LOADABLE && ! (CY_EE_IN_BTLDR))?(CY_EE_SIZE / CY_APPL_MAX):CY_EE_SIZE
                [!provide]                PROVIDE (CY_ECC_OFFSET, ecc_offset)

.text           0x00000000      0x968
 CREATE_OBJECT_SYMBOLS
                0x00000000                PROVIDE (__cy_interrupt_vector, RomVectors)
 *(.romvectors)
 .romvectors    0x00000000       0x10 .\CortexM3\ARM_GCC_541\Debug\Cm3Start.o
                0x00000000                RomVectors
                0x00000001                ASSERT ((. != __cy_interrupt_vector), No interrupt vector)
                0x00000001                ASSERT (CY_APPL_ORIGIN?(SIZEOF (.cybootloader) <= CY_APPL_ORIGIN):0x1, Wrong image location)
                0x00000010                PROVIDE (__cy_reset, Reset)
 *(.text.Reset)
 .text.Reset    0x00000010       0x18 .\CortexM3\ARM_GCC_541\Debug\Cm3Start.o
                0x00000010                Reset
                0x00000001                ASSERT ((. != __cy_reset), No reset code)
 *(.dma_init)
                0x00000001                ASSERT ((((appl_start + .) <= 0x10000) || 0x1), DMA Init must be within the first 64k of flash)
 *(.text .text.* .gnu.linkonce.t.*)
 .text          0x00000028       0x5c c:/program files (x86)/cypress/psoc creator/4.4/psoc creator/import/gnu/arm/5.4.1/bin/../lib/gcc/arm-none-eabi/5.4.1/armv7-m/crtbegin.o
 .text.PWM_TACHO_InterruptHandler
                0x00000084       0x14 .\CortexM3\ARM_GCC_541\Debug\main.o
                0x00000084                PWM_TACHO_InterruptHandler
 .text.main     0x00000098       0x90 .\CortexM3\ARM_GCC_541\Debug\main.o
                0x00000098                main
 .text.CyClockStartupError
                0x00000128        0x4 .\CortexM3\ARM_GCC_541\Debug\cyfitter_cfg.o
 .text.cfg_write_bytes32
                0x0000012c       0x34 .\CortexM3\ARM_GCC_541\Debug\cyfitter_cfg.o
 .text.AnalogSetDefault
                0x00000160       0x28 .\CortexM3\ARM_GCC_541\Debug\cyfitter_cfg.o
 .text.CYMEMZERO
                0x00000188        0xc .\CortexM3\ARM_GCC_541\Debug\cyfitter_cfg.o
 .text.ClockSetup
                0x00000194       0xdc .\CortexM3\ARM_GCC_541\Debug\cyfitter_cfg.o
 .text.CYCONFIGCPY
                0x00000270        0x8 .\CortexM3\ARM_GCC_541\Debug\cyfitter_cfg.o
 .text.cyfitter_cfg
                0x00000278      0x110 .\CortexM3\ARM_GCC_541\Debug\cyfitter_cfg.o
                0x00000278                cyfitter_cfg
 .text.IntDefaultHandler
                0x00000388       0x10 .\CortexM3\ARM_GCC_541\Debug\Cm3Start.o
                0x00000388                IntDefaultHandler
 .text.Start_c  0x00000398       0x4c .\CortexM3\ARM_GCC_541\Debug\Cm3Start.o
                0x00000398                Start_c
 .text.initialize_psoc
                0x000003e4       0x68 .\CortexM3\ARM_GCC_541\Debug\Cm3Start.o
                0x000003e4                initialize_psoc
 .text.PWM_MOTOR_Enable
                0x0000044c       0x10 .\CortexM3\ARM_GCC_541\Debug\Lab4.a(PWM_MOTOR.o)
                0x0000044c                PWM_MOTOR_Enable
 .text.PWM_MOTOR_WriteCounter
                0x0000045c        0xc .\CortexM3\ARM_GCC_541\Debug\Lab4.a(PWM_MOTOR.o)
                0x0000045c                PWM_MOTOR_WriteCounter
 .text.PWM_MOTOR_WritePeriod
                0x00000468        0xc .\CortexM3\ARM_GCC_541\Debug\Lab4.a(PWM_MOTOR.o)
                0x00000468                PWM_MOTOR_WritePeriod
 .text.PWM_MOTOR_WriteCompare
                0x00000474        0xc .\CortexM3\ARM_GCC_541\Debug\Lab4.a(PWM_MOTOR.o)
                0x00000474                PWM_MOTOR_WriteCompare
 .text.PWM_MOTOR_SetInterruptMode
                0x00000480        0xc .\CortexM3\ARM_GCC_541\Debug\Lab4.a(PWM_MOTOR.o)
                0x00000480                PWM_MOTOR_SetInterruptMode
 .text.PWM_MOTOR_ReadStatusRegister
                0x0000048c        0xc .\CortexM3\ARM_GCC_541\Debug\Lab4.a(PWM_MOTOR.o)
                0x0000048c                PWM_MOTOR_ReadStatusRegister
 .text.PWM_MOTOR_ReadCapture
                0x00000498        0xc .\CortexM3\ARM_GCC_541\Debug\Lab4.a(PWM_MOTOR.o)
                0x00000498                PWM_MOTOR_ReadCapture
 .text.PWM_MOTOR_ClearFIFO
                0x000004a4       0x14 .\CortexM3\ARM_GCC_541\Debug\Lab4.a(PWM_MOTOR.o)
                0x000004a4                PWM_MOTOR_ClearFIFO
 .text.PWM_MOTOR_Init
                0x000004b8       0x54 .\CortexM3\ARM_GCC_541\Debug\Lab4.a(PWM_MOTOR.o)
                0x000004b8                PWM_MOTOR_Init
 .text.PWM_MOTOR_Start
                0x0000050c       0x1c .\CortexM3\ARM_GCC_541\Debug\Lab4.a(PWM_MOTOR.o)
                0x0000050c                PWM_MOTOR_Start
 .text.PWM_TACHO_Enable
                0x00000528       0x10 .\CortexM3\ARM_GCC_541\Debug\Lab4.a(PWM_TACHO.o)
                0x00000528                PWM_TACHO_Enable
 .text.PWM_TACHO_WriteCounter
                0x00000538        0xc .\CortexM3\ARM_GCC_541\Debug\Lab4.a(PWM_TACHO.o)
                0x00000538                PWM_TACHO_WriteCounter
 .text.PWM_TACHO_WritePeriod
                0x00000544        0xc .\CortexM3\ARM_GCC_541\Debug\Lab4.a(PWM_TACHO.o)
                0x00000544                PWM_TACHO_WritePeriod
 .text.PWM_TACHO_WriteCompare
                0x00000550        0xc .\CortexM3\ARM_GCC_541\Debug\Lab4.a(PWM_TACHO.o)
                0x00000550                PWM_TACHO_WriteCompare
 .text.PWM_TACHO_SetInterruptMode
                0x0000055c        0xc .\CortexM3\ARM_GCC_541\Debug\Lab4.a(PWM_TACHO.o)
                0x0000055c                PWM_TACHO_SetInterruptMode
 .text.PWM_TACHO_ReadStatusRegister
                0x00000568        0xc .\CortexM3\ARM_GCC_541\Debug\Lab4.a(PWM_TACHO.o)
                0x00000568                PWM_TACHO_ReadStatusRegister
 .text.PWM_TACHO_ReadCapture
                0x00000574        0xc .\CortexM3\ARM_GCC_541\Debug\Lab4.a(PWM_TACHO.o)
                0x00000574                PWM_TACHO_ReadCapture
 .text.PWM_TACHO_ClearFIFO
                0x00000580       0x14 .\CortexM3\ARM_GCC_541\Debug\Lab4.a(PWM_TACHO.o)
                0x00000580                PWM_TACHO_ClearFIFO
 .text.PWM_TACHO_Init
                0x00000594       0x60 .\CortexM3\ARM_GCC_541\Debug\Lab4.a(PWM_TACHO.o)
                0x00000594                PWM_TACHO_Init
 .text.PWM_TACHO_Start
                0x000005f4       0x1c .\CortexM3\ARM_GCC_541\Debug\Lab4.a(PWM_TACHO.o)
                0x000005f4                PWM_TACHO_Start
 .text.PWM_TACHO_ReadPeriod
                0x00000610        0xc .\CortexM3\ARM_GCC_541\Debug\Lab4.a(PWM_TACHO.o)
                0x00000610                PWM_TACHO_ReadPeriod
 .text.Counter_TACHO_Enable
                0x0000061c       0x10 .\CortexM3\ARM_GCC_541\Debug\Lab4.a(Counter_TACHO.o)
                0x0000061c                Counter_TACHO_Enable
 .text.Counter_TACHO_SetInterruptMode
                0x0000062c        0xc .\CortexM3\ARM_GCC_541\Debug\Lab4.a(Counter_TACHO.o)
                0x0000062c                Counter_TACHO_SetInterruptMode
 .text.Counter_TACHO_ReadStatusRegister
                0x00000638        0xc .\CortexM3\ARM_GCC_541\Debug\Lab4.a(Counter_TACHO.o)
                0x00000638                Counter_TACHO_ReadStatusRegister
 .text.Counter_TACHO_WriteCounter
                0x00000644        0xc .\CortexM3\ARM_GCC_541\Debug\Lab4.a(Counter_TACHO.o)
                0x00000644                Counter_TACHO_WriteCounter
 .text.Counter_TACHO_ReadCapture
                0x00000650        0xc .\CortexM3\ARM_GCC_541\Debug\Lab4.a(Counter_TACHO.o)
                0x00000650                Counter_TACHO_ReadCapture
 .text.Counter_TACHO_WritePeriod
                0x0000065c        0xc .\CortexM3\ARM_GCC_541\Debug\Lab4.a(Counter_TACHO.o)
                0x0000065c                Counter_TACHO_WritePeriod
 .text.Counter_TACHO_WriteCompare
                0x00000668        0xc .\CortexM3\ARM_GCC_541\Debug\Lab4.a(Counter_TACHO.o)
                0x00000668                Counter_TACHO_WriteCompare
 .text.Counter_TACHO_ClearFIFO
                0x00000674       0x14 .\CortexM3\ARM_GCC_541\Debug\Lab4.a(Counter_TACHO.o)
                0x00000674                Counter_TACHO_ClearFIFO
 .text.Counter_TACHO_Init
                0x00000688       0x5c .\CortexM3\ARM_GCC_541\Debug\Lab4.a(Counter_TACHO.o)
                0x00000688                Counter_TACHO_Init
 .text.Counter_TACHO_Start
                0x000006e4       0x1c .\CortexM3\ARM_GCC_541\Debug\Lab4.a(Counter_TACHO.o)
                0x000006e4                Counter_TACHO_Start
 .text.IRQ_TACHO_SetVector
                0x00000700        0xc .\CortexM3\ARM_GCC_541\Debug\Lab4.a(IRQ_TACHO.o)
                0x00000700                IRQ_TACHO_SetVector
 .text.IRQ_TACHO_SetPriority
                0x0000070c       0x10 .\CortexM3\ARM_GCC_541\Debug\Lab4.a(IRQ_TACHO.o)
                0x0000070c                IRQ_TACHO_SetPriority
 .text.IRQ_TACHO_Enable
                0x0000071c        0xc .\CortexM3\ARM_GCC_541\Debug\Lab4.a(IRQ_TACHO.o)
                0x0000071c                IRQ_TACHO_Enable
 .text.IRQ_TACHO_Disable
                0x00000728        0xc .\CortexM3\ARM_GCC_541\Debug\Lab4.a(IRQ_TACHO.o)
                0x00000728                IRQ_TACHO_Disable
 .text.IRQ_TACHO_StartEx
                0x00000734       0x1c .\CortexM3\ARM_GCC_541\Debug\Lab4.a(IRQ_TACHO.o)
                0x00000734                IRQ_TACHO_StartEx
 .text.UART_1_Init
                0x00000750       0x24 .\CortexM3\ARM_GCC_541\Debug\Lab4.a(UART_1.o)
                0x00000750                UART_1_Init
 .text.UART_1_Enable
                0x00000774       0x38 .\CortexM3\ARM_GCC_541\Debug\Lab4.a(UART_1.o)
                0x00000774                UART_1_Enable
 .text.UART_1_Start
                0x000007ac       0x1c .\CortexM3\ARM_GCC_541\Debug\Lab4.a(UART_1.o)
                0x000007ac                UART_1_Start
 .text.UART_1_PutChar
                0x000007c8       0x18 .\CortexM3\ARM_GCC_541\Debug\Lab4.a(UART_1.o)
                0x000007c8                UART_1_PutChar
 .text.UART_1_PutString
                0x000007e0       0x24 .\CortexM3\ARM_GCC_541\Debug\Lab4.a(UART_1.o)
                0x000007e0                UART_1_PutString
 .text.UART_1_IntClock_Start
                0x00000804       0x1c .\CortexM3\ARM_GCC_541\Debug\Lab4.a(UART_1_IntClock.o)
                0x00000804                UART_1_IntClock_Start
 .text          0x00000820       0x20 .\CortexM3\ARM_GCC_541\Debug\Lab4.a(CyBootAsmGnu.o)
                0x00000820                CyDelayCycles
                0x00000830                CyEnterCriticalSection
                0x00000838                CyExitCriticalSection
 .text.__errno  0x00000840        0xc c:/program files (x86)/cypress/psoc creator/4.4/psoc creator/import/gnu/arm/5.4.1/bin/../lib/gcc/arm-none-eabi/5.4.1/../../../../arm-none-eabi/lib/armv7-m\libg_nano.a(lib_a-errno.o)
                0x00000840                __errno
 .text.__libc_init_array
                0x0000084c       0x4c c:/program files (x86)/cypress/psoc creator/4.4/psoc creator/import/gnu/arm/5.4.1/bin/../lib/gcc/arm-none-eabi/5.4.1/../../../../arm-none-eabi/lib/armv7-m\libg_nano.a(lib_a-init.o)
                0x0000084c                __libc_init_array
 .text.__itoa   0x00000898       0x2e c:/program files (x86)/cypress/psoc creator/4.4/psoc creator/import/gnu/arm/5.4.1/bin/../lib/gcc/arm-none-eabi/5.4.1/../../../../arm-none-eabi/lib/armv7-m\libg_nano.a(lib_a-itoa.o)
                0x00000898                __itoa
 .text.itoa     0x000008c6        0x4 c:/program files (x86)/cypress/psoc creator/4.4/psoc creator/import/gnu/arm/5.4.1/bin/../lib/gcc/arm-none-eabi/5.4.1/../../../../arm-none-eabi/lib/armv7-m\libg_nano.a(lib_a-itoa.o)
                0x000008c6                itoa
 .text.memcpy   0x000008ca       0x16 c:/program files (x86)/cypress/psoc creator/4.4/psoc creator/import/gnu/arm/5.4.1/bin/../lib/gcc/arm-none-eabi/5.4.1/../../../../arm-none-eabi/lib/armv7-m\libg_nano.a(lib_a-memcpy-stub.o)
                0x000008ca                memcpy
 .text.memset   0x000008e0       0x10 c:/program files (x86)/cypress/psoc creator/4.4/psoc creator/import/gnu/arm/5.4.1/bin/../lib/gcc/arm-none-eabi/5.4.1/../../../../arm-none-eabi/lib/armv7-m\libg_nano.a(lib_a-memset.o)
                0x000008e0                memset
 .text.__utoa   0x000008f0       0x78 c:/program files (x86)/cypress/psoc creator/4.4/psoc creator/import/gnu/arm/5.4.1/bin/../lib/gcc/arm-none-eabi/5.4.1/../../../../arm-none-eabi/lib/armv7-m\libg_nano.a(lib_a-utoa.o)
                0x000008f0                __utoa
 *(.plt)
 *(.gnu.warning)
 *(.glue_7t)
 .glue_7t       0x00000968        0x0 linker stubs
 *(.glue_7)
 .glue_7        0x00000968        0x0 linker stubs
 *(.vfp11_veneer)
 .vfp11_veneer  0x00000968        0x0 linker stubs
 *(.bootloader)
 *(.ARM.extab* .gnu.linkonce.armextab.*)
 *(.gcc_except_table)

.v4_bx          0x00000968        0x0
 .v4_bx         0x00000968        0x0 linker stubs

.iplt           0x00000968        0x0
 .iplt          0x00000968        0x0 c:/program files (x86)/cypress/psoc creator/4.4/psoc creator/import/gnu/arm/5.4.1/bin/../lib/gcc/arm-none-eabi/5.4.1/armv7-m/crtbegin.o

.eh_frame_hdr
 *(.eh_frame_hdr)

.eh_frame       0x00000968        0x4
 *(.eh_frame)
 .eh_frame      0x00000968        0x0 c:/program files (x86)/cypress/psoc creator/4.4/psoc creator/import/gnu/arm/5.4.1/bin/../lib/gcc/arm-none-eabi/5.4.1/armv7-m/crtbegin.o
 .eh_frame      0x00000968        0x4 c:/program files (x86)/cypress/psoc creator/4.4/psoc creator/import/gnu/arm/5.4.1/bin/../lib/gcc/arm-none-eabi/5.4.1/armv7-m/crtend.o
                [!provide]                PROVIDE (__exidx_start, .)

.ARM.exidx
 *(.ARM.exidx* .gnu.linkonce.armexidx.*)
                0x0000096c                __exidx_end = .

.rodata         0x0000096c       0xac
 *(.rodata .rodata.* .gnu.linkonce.r.*)
 .rodata.str1.4
                0x0000096c        0x4 .\CortexM3\ARM_GCC_541\Debug\main.o
                                  0x3 (size before relaxing)
 .rodata        0x00000970       0x4c .\CortexM3\ARM_GCC_541\Debug\cyfitter_cfg.o
 .rodata.str1.1
                0x000009bc        0x2 c:/program files (x86)/cypress/psoc creator/4.4/psoc creator/import/gnu/arm/5.4.1/bin/../lib/gcc/arm-none-eabi/5.4.1/../../../../arm-none-eabi/lib/armv7-m\libg_nano.a(lib_a-impure.o)
 .rodata.str1.1
                0x000009be       0x25 c:/program files (x86)/cypress/psoc creator/4.4/psoc creator/import/gnu/arm/5.4.1/bin/../lib/gcc/arm-none-eabi/5.4.1/../../../../arm-none-eabi/lib/armv7-m\libg_nano.a(lib_a-utoa.o)
                0x000009e4                . = ALIGN (0x4)
 *fill*         0x000009e3        0x1 
 *(.init)
 .init          0x000009e4        0x4 c:/program files (x86)/cypress/psoc creator/4.4/psoc creator/import/gnu/arm/5.4.1/bin/../lib/gcc/arm-none-eabi/5.4.1/armv7-m/crti.o
                0x000009e4                _init
 .init          0x000009e8        0x8 c:/program files (x86)/cypress/psoc creator/4.4/psoc creator/import/gnu/arm/5.4.1/bin/../lib/gcc/arm-none-eabi/5.4.1/armv7-m/crtn.o
                0x000009f0                . = ALIGN (0x4)
                0x000009f0                __preinit_array_start = .
 *(.preinit_array)
                0x000009f0                __preinit_array_end = .
                0x000009f0                . = ALIGN (0x4)
                0x000009f0                __init_array_start = .
 *(SORT(.init_array.*))
 *(.init_array)
 .init_array    0x000009f0        0x4 c:/program files (x86)/cypress/psoc creator/4.4/psoc creator/import/gnu/arm/5.4.1/bin/../lib/gcc/arm-none-eabi/5.4.1/armv7-m/crtbegin.o
 .init_array    0x000009f4        0x4 .\CortexM3\ARM_GCC_541\Debug\Cm3Start.o
                0x000009f8                __init_array_end = .
                0x000009f8                . = ALIGN (0x4)
 *(.fini)
 .fini          0x000009f8        0x4 c:/program files (x86)/cypress/psoc creator/4.4/psoc creator/import/gnu/arm/5.4.1/bin/../lib/gcc/arm-none-eabi/5.4.1/armv7-m/crti.o
                0x000009f8                _fini
 .fini          0x000009fc        0x8 c:/program files (x86)/cypress/psoc creator/4.4/psoc creator/import/gnu/arm/5.4.1/bin/../lib/gcc/arm-none-eabi/5.4.1/armv7-m/crtn.o
                0x00000a04                . = ALIGN (0x4)
                0x00000a04                __fini_array_start = .
 *(.fini_array)
 .fini_array    0x00000a04        0x4 c:/program files (x86)/cypress/psoc creator/4.4/psoc creator/import/gnu/arm/5.4.1/bin/../lib/gcc/arm-none-eabi/5.4.1/armv7-m/crtbegin.o
 *(SORT(.fini_array.*))
                0x00000a08                __fini_array_end = .
                0x00000a08                . = ALIGN (0x4)
 *crtbegin.o(.ctors)
 *(EXCLUDE_FILE(*crtend.o) .ctors)
 *(SORT(.ctors.*))
 *crtend.o(.ctors)
                0x00000a08                . = ALIGN (0x4)
 *crtbegin.o(.dtors)
 *(EXCLUDE_FILE(*crtend.o) .dtors)
 *(SORT(.dtors.*))
 *crtend.o(.dtors)
                0x00000a08                . = ALIGN (0x4)
                0x00000a08                __cy_regions = .
                0x00000a08        0x4 LONG 0xa18 __cy_region_init_ram
                0x00000a0c        0x4 LONG 0x1fff80c8 __cy_region_start_data
                0x00000a10        0x4 LONG 0x68 __cy_region_init_size_ram
                0x00000a14        0x4 LONG 0x28 __cy_region_zero_size_ram
                0x00000a18                __cy_regions_end = .
                0x00000a18                . = ALIGN (0x8)
                0x00000a18                _etext = .

.cy_checksum_exclude
                0x00000a18        0x0
 *(.cy_checksum_exclude)

.ramvectors     0x1fff8000       0xc0
                0x1fff8000                __cy_region_start_ram = .
 *(.ramvectors)
 .ramvectors    0x1fff8000       0xc0 .\CortexM3\ARM_GCC_541\Debug\Cm3Start.o
                0x1fff8000                CyRamVectors

.noinit         0x1fff80c0        0x1
 *(.noinit)
 .noinit        0x1fff80c0        0x1 .\CortexM3\ARM_GCC_541\Debug\Lab4.a(CyLib.o)
                0x1fff80c0                CyResetStatus

.data           0x1fff80c8       0x68 load address 0x00000a18
                0x1fff80c8                __cy_region_start_data = .
 *(.jcr)
 .jcr           0x1fff80c8        0x0 c:/program files (x86)/cypress/psoc creator/4.4/psoc creator/import/gnu/arm/5.4.1/bin/../lib/gcc/arm-none-eabi/5.4.1/armv7-m/crtbegin.o
 .jcr           0x1fff80c8        0x4 c:/program files (x86)/cypress/psoc creator/4.4/psoc creator/import/gnu/arm/5.4.1/bin/../lib/gcc/arm-none-eabi/5.4.1/armv7-m/crtend.o
 *(.got.plt)
 *(.got)
 *(.shdata)
 *(.data .data.* .gnu.linkonce.d.*)
 .data.impure_data
                0x1fff80cc       0x60 c:/program files (x86)/cypress/psoc creator/4.4/psoc creator/import/gnu/arm/5.4.1/bin/../lib/gcc/arm-none-eabi/5.4.1/../../../../arm-none-eabi/lib/armv7-m\libg_nano.a(lib_a-impure.o)
 .data._impure_ptr
                0x1fff812c        0x4 c:/program files (x86)/cypress/psoc creator/4.4/psoc creator/import/gnu/arm/5.4.1/bin/../lib/gcc/arm-none-eabi/5.4.1/../../../../arm-none-eabi/lib/armv7-m\libg_nano.a(lib_a-impure.o)
                0x1fff812c                _impure_ptr
                0x1fff8130                . = ALIGN (0x8)
 *(.ram)
                0x1fff8130                _edata = .

.igot.plt       0x1fff8130        0x0 load address 0x00000a80
 .igot.plt      0x1fff8130        0x0 c:/program files (x86)/cypress/psoc creator/4.4/psoc creator/import/gnu/arm/5.4.1/bin/../lib/gcc/arm-none-eabi/5.4.1/armv7-m/crtbegin.o

.bss            0x1fff8130       0x28 load address 0x00000a80
                0x1fff8130                PROVIDE (__bss_start__, .)
 *(.shbss)
 *(.bss .bss.* .gnu.linkonce.b.*)
 .bss           0x1fff8130       0x1c c:/program files (x86)/cypress/psoc creator/4.4/psoc creator/import/gnu/arm/5.4.1/bin/../lib/gcc/arm-none-eabi/5.4.1/armv7-m/crtbegin.o
 .bss           0x1fff814c        0x4 .\CortexM3\ARM_GCC_541\Debug\main.o
                0x1fff814c                compare_occured
 .bss           0x1fff8150        0x1 .\CortexM3\ARM_GCC_541\Debug\Lab4.a(PWM_MOTOR.o)
                0x1fff8150                PWM_MOTOR_initVar
 .bss           0x1fff8151        0x1 .\CortexM3\ARM_GCC_541\Debug\Lab4.a(PWM_TACHO.o)
                0x1fff8151                PWM_TACHO_initVar
 .bss           0x1fff8152        0x1 .\CortexM3\ARM_GCC_541\Debug\Lab4.a(Counter_TACHO.o)
                0x1fff8152                Counter_TACHO_initVar
 .bss           0x1fff8153        0x2 .\CortexM3\ARM_GCC_541\Debug\Lab4.a(UART_1.o)
                0x1fff8153                UART_1_initVar
 *(COMMON)
                0x1fff8158                . = ALIGN (0x8)
 *fill*         0x1fff8155        0x3 
 *(.ram.b)
                0x1fff8158                _end = .
                0x1fff8158                __end = .
                0x1fff8158                PROVIDE (end, .)
                0x1fff8158                PROVIDE (__bss_end__, .)
                0x00000a18                __cy_region_init_ram = LOADADDR (.data)
                0x00000068                __cy_region_init_size_ram = (_edata - ADDR (.data))
                0x00000028                __cy_region_zero_size_ram = (_end - _edata)

.heap           0x1fff8158       0x80 load address 0x00000a80
                0x1fff8158                . = _end
                0x1fff81d8                . = (. + 0x80)
 *fill*         0x1fff8158       0x80 
                0x1fff81d8                __cy_heap_limit = .

.stack          0x20007800      0x800
                0x20007800                __cy_stack_limit = .
                0x20008000                . = (. + 0x800)
 *fill*         0x20007800      0x800 
                0x00000001                ASSERT ((__cy_stack_limit >= __cy_heap_limit), region RAM overflowed with stack)
                0x00000000                cy_checksum_exclude_size = (CY_APPL_LOADABLE == 0x1)?SIZEOF (.cy_checksum_exclude):0x0
                0x00000001                ASSERT ((cy_checksum_exclude_size <= CY_CHECKSUM_EXCLUDE_SIZE), CY_BOOT: Section .cy_checksum_exclude size exceedes specified limit.)

.cyloadermeta
 *(.cyloadermeta)

.cyloadablemeta
 *(.cyloadablemeta)

.cyconfigecc    0x80000000      0x7b0
 *(.cyconfigecc)
 .cyconfigecc   0x80000000      0x7b0 .\CortexM3\ARM_GCC_541\Debug\cymetadata.o
                0x80000000                cy_meta_configecc

.cycustnvl      0x90000000        0x4
 *(.cycustnvl)
 .cycustnvl     0x90000000        0x4 .\CortexM3\ARM_GCC_541\Debug\cymetadata.o
                0x90000000                cy_meta_custnvl

.cywolatch      0x90100000        0x4
 *(.cywolatch)
 .cywolatch     0x90100000        0x4 .\CortexM3\ARM_GCC_541\Debug\cymetadata.o
                0x90100000                cy_meta_wonvl

.cyeeprom       0x90200000        0x0
 *(.cyeeprom)
                0x00000001                ASSERT ((. <= ((0x90200000 + ee_offset) + ee_size)), .cyeeprom data will not fit in EEPROM)

.cyflashprotect
                0x90400000      0x100
 *(.cyflashprotect)
 .cyflashprotect
                0x90400000      0x100 .\CortexM3\ARM_GCC_541\Debug\cymetadata.o
                0x90400000                cy_meta_flashprotect

.cymeta         0x90500000        0xc
 *(.cymeta)
 .cymeta        0x90500000        0xc .\CortexM3\ARM_GCC_541\Debug\cymetadata.o
                0x90500000                cy_metadata

.rel.dyn        0x00000a80        0x0 load address 0x9050000c
 .rel.iplt      0x00000a80        0x0 c:/program files (x86)/cypress/psoc creator/4.4/psoc creator/import/gnu/arm/5.4.1/bin/../lib/gcc/arm-none-eabi/5.4.1/armv7-m/crtbegin.o

.stab
 *(.stab)

.stabstr
 *(.stabstr)

.debug
 *(.debug)

.line
 *(.line)

.debug_srcinfo
 *(.debug_srcinfo)

.debug_sfnames
 *(.debug_sfnames)

.debug_aranges  0x00000000      0x8f0
 *(.debug_aranges)
 .debug_aranges
                0x00000000       0x28 .\CortexM3\ARM_GCC_541\Debug\main.o
 .debug_aranges
                0x00000028       0x58 .\CortexM3\ARM_GCC_541\Debug\cyfitter_cfg.o
 .debug_aranges
                0x00000080       0x18 .\CortexM3\ARM_GCC_541\Debug\cymetadata.o
 .debug_aranges
                0x00000098       0x48 .\CortexM3\ARM_GCC_541\Debug\Cm3Start.o
 .debug_aranges
                0x000000e0      0x2a0 .\CortexM3\ARM_GCC_541\Debug\Lab4.a(CyLib.o)
 .debug_aranges
                0x00000380       0x98 .\CortexM3\ARM_GCC_541\Debug\Lab4.a(cyPm.o)
 .debug_aranges
                0x00000418       0x98 .\CortexM3\ARM_GCC_541\Debug\Lab4.a(PWM_MOTOR.o)
 .debug_aranges
                0x000004b0       0x98 .\CortexM3\ARM_GCC_541\Debug\Lab4.a(PWM_TACHO.o)
 .debug_aranges
                0x00000548       0xa0 .\CortexM3\ARM_GCC_541\Debug\Lab4.a(Counter_TACHO.o)
 .debug_aranges
                0x000005e8       0x80 .\CortexM3\ARM_GCC_541\Debug\Lab4.a(IRQ_TACHO.o)
 .debug_aranges
                0x00000668       0xf0 .\CortexM3\ARM_GCC_541\Debug\Lab4.a(UART_1.o)
 .debug_aranges
                0x00000758       0x70 .\CortexM3\ARM_GCC_541\Debug\Lab4.a(UART_1_IntClock.o)
 .debug_aranges
                0x000007c8       0x20 .\CortexM3\ARM_GCC_541\Debug\Lab4.a(CyBootAsmGnu.o)
 .debug_aranges
                0x000007e8       0x88 .\CortexM3\ARM_GCC_541\Debug\Lab4.a(CyFlash.o)
 .debug_aranges
                0x00000870       0x80 .\CortexM3\ARM_GCC_541\Debug\Lab4.a(CySpc.o)

.debug_pubnames
 *(.debug_pubnames)

.debug_info     0x00000000     0x4c53
 *(.debug_info .gnu.linkonce.wi.*)
 .debug_info    0x00000000      0x299 .\CortexM3\ARM_GCC_541\Debug\main.o
 .debug_info    0x00000299      0x5a8 .\CortexM3\ARM_GCC_541\Debug\cyfitter_cfg.o
 .debug_info    0x00000841      0x139 .\CortexM3\ARM_GCC_541\Debug\cymetadata.o
 .debug_info    0x0000097a      0x3bb .\CortexM3\ARM_GCC_541\Debug\Cm3Start.o
 .debug_info    0x00000d35     0x1374 .\CortexM3\ARM_GCC_541\Debug\Lab4.a(CyLib.o)
 .debug_info    0x000020a9      0xa2a .\CortexM3\ARM_GCC_541\Debug\Lab4.a(cyPm.o)
 .debug_info    0x00002ad3      0x334 .\CortexM3\ARM_GCC_541\Debug\Lab4.a(PWM_MOTOR.o)
 .debug_info    0x00002e07      0x354 .\CortexM3\ARM_GCC_541\Debug\Lab4.a(PWM_TACHO.o)
 .debug_info    0x0000315b      0x36b .\CortexM3\ARM_GCC_541\Debug\Lab4.a(Counter_TACHO.o)
 .debug_info    0x000034c6      0x2d2 .\CortexM3\ARM_GCC_541\Debug\Lab4.a(IRQ_TACHO.o)
 .debug_info    0x00003798      0x60c .\CortexM3\ARM_GCC_541\Debug\Lab4.a(UART_1.o)
 .debug_info    0x00003da4      0x283 .\CortexM3\ARM_GCC_541\Debug\Lab4.a(UART_1_IntClock.o)
 .debug_info    0x00004027       0x8f .\CortexM3\ARM_GCC_541\Debug\Lab4.a(CyBootAsmGnu.o)
 .debug_info    0x000040b6      0x64d .\CortexM3\ARM_GCC_541\Debug\Lab4.a(CyFlash.o)
 .debug_info    0x00004703      0x550 .\CortexM3\ARM_GCC_541\Debug\Lab4.a(CySpc.o)

.debug_abbrev   0x00000000     0x148a
 *(.debug_abbrev)
 .debug_abbrev  0x00000000      0x123 .\CortexM3\ARM_GCC_541\Debug\main.o
 .debug_abbrev  0x00000123      0x20d .\CortexM3\ARM_GCC_541\Debug\cyfitter_cfg.o
 .debug_abbrev  0x00000330       0x77 .\CortexM3\ARM_GCC_541\Debug\cymetadata.o
 .debug_abbrev  0x000003a7      0x1e8 .\CortexM3\ARM_GCC_541\Debug\Cm3Start.o
 .debug_abbrev  0x0000058f      0x254 .\CortexM3\ARM_GCC_541\Debug\Lab4.a(CyLib.o)
 .debug_abbrev  0x000007e3      0x1ab .\CortexM3\ARM_GCC_541\Debug\Lab4.a(cyPm.o)
 .debug_abbrev  0x0000098e      0x133 .\CortexM3\ARM_GCC_541\Debug\Lab4.a(PWM_MOTOR.o)
 .debug_abbrev  0x00000ac1      0x133 .\CortexM3\ARM_GCC_541\Debug\Lab4.a(PWM_TACHO.o)
 .debug_abbrev  0x00000bf4      0x126 .\CortexM3\ARM_GCC_541\Debug\Lab4.a(Counter_TACHO.o)
 .debug_abbrev  0x00000d1a      0x173 .\CortexM3\ARM_GCC_541\Debug\Lab4.a(IRQ_TACHO.o)
 .debug_abbrev  0x00000e8d      0x175 .\CortexM3\ARM_GCC_541\Debug\Lab4.a(UART_1.o)
 .debug_abbrev  0x00001002      0x139 .\CortexM3\ARM_GCC_541\Debug\Lab4.a(UART_1_IntClock.o)
 .debug_abbrev  0x0000113b       0x14 .\CortexM3\ARM_GCC_541\Debug\Lab4.a(CyBootAsmGnu.o)
 .debug_abbrev  0x0000114f      0x1a7 .\CortexM3\ARM_GCC_541\Debug\Lab4.a(CyFlash.o)
 .debug_abbrev  0x000012f6      0x194 .\CortexM3\ARM_GCC_541\Debug\Lab4.a(CySpc.o)

.debug_line     0x00000000     0x223f
 *(.debug_line)
 .debug_line    0x00000000      0x24b .\CortexM3\ARM_GCC_541\Debug\main.o
 .debug_line    0x0000024b      0x1f8 .\CortexM3\ARM_GCC_541\Debug\cyfitter_cfg.o
 .debug_line    0x00000443      0x141 .\CortexM3\ARM_GCC_541\Debug\cymetadata.o
 .debug_line    0x00000584      0x234 .\CortexM3\ARM_GCC_541\Debug\Cm3Start.o
 .debug_line    0x000007b8      0x816 .\CortexM3\ARM_GCC_541\Debug\Lab4.a(CyLib.o)
 .debug_line    0x00000fce      0x367 .\CortexM3\ARM_GCC_541\Debug\Lab4.a(cyPm.o)
 .debug_line    0x00001335      0x189 .\CortexM3\ARM_GCC_541\Debug\Lab4.a(PWM_MOTOR.o)
 .debug_line    0x000014be      0x18c .\CortexM3\ARM_GCC_541\Debug\Lab4.a(PWM_TACHO.o)
 .debug_line    0x0000164a      0x1a1 .\CortexM3\ARM_GCC_541\Debug\Lab4.a(Counter_TACHO.o)
 .debug_line    0x000017eb      0x136 .\CortexM3\ARM_GCC_541\Debug\Lab4.a(IRQ_TACHO.o)
 .debug_line    0x00001921      0x2c0 .\CortexM3\ARM_GCC_541\Debug\Lab4.a(UART_1.o)
 .debug_line    0x00001be1      0x17e .\CortexM3\ARM_GCC_541\Debug\Lab4.a(UART_1_IntClock.o)
 .debug_line    0x00001d5f       0x66 .\CortexM3\ARM_GCC_541\Debug\Lab4.a(CyBootAsmGnu.o)
 .debug_line    0x00001dc5      0x21a .\CortexM3\ARM_GCC_541\Debug\Lab4.a(CyFlash.o)
 .debug_line    0x00001fdf      0x260 .\CortexM3\ARM_GCC_541\Debug\Lab4.a(CySpc.o)

.debug_frame    0x00000000     0x1744
 *(.debug_frame)
 .debug_frame   0x00000000       0x4c .\CortexM3\ARM_GCC_541\Debug\main.o
 .debug_frame   0x0000004c       0xe4 .\CortexM3\ARM_GCC_541\Debug\cyfitter_cfg.o
 .debug_frame   0x00000130       0xb8 .\CortexM3\ARM_GCC_541\Debug\Cm3Start.o
 .debug_frame   0x000001e8      0x738 .\CortexM3\ARM_GCC_541\Debug\Lab4.a(CyLib.o)
 .debug_frame   0x00000920      0x1f8 .\CortexM3\ARM_GCC_541\Debug\Lab4.a(cyPm.o)
 .debug_frame   0x00000b18      0x134 .\CortexM3\ARM_GCC_541\Debug\Lab4.a(PWM_MOTOR.o)
 .debug_frame   0x00000c4c      0x134 .\CortexM3\ARM_GCC_541\Debug\Lab4.a(PWM_TACHO.o)
 .debug_frame   0x00000d80      0x144 .\CortexM3\ARM_GCC_541\Debug\Lab4.a(Counter_TACHO.o)
 .debug_frame   0x00000ec4      0x104 .\CortexM3\ARM_GCC_541\Debug\Lab4.a(IRQ_TACHO.o)
 .debug_frame   0x00000fc8      0x250 .\CortexM3\ARM_GCC_541\Debug\Lab4.a(UART_1.o)
 .debug_frame   0x00001218       0xe0 .\CortexM3\ARM_GCC_541\Debug\Lab4.a(UART_1_IntClock.o)
 .debug_frame   0x000012f8      0x194 .\CortexM3\ARM_GCC_541\Debug\Lab4.a(CyFlash.o)
 .debug_frame   0x0000148c      0x180 .\CortexM3\ARM_GCC_541\Debug\Lab4.a(CySpc.o)
 .debug_frame   0x0000160c       0x20 c:/program files (x86)/cypress/psoc creator/4.4/psoc creator/import/gnu/arm/5.4.1/bin/../lib/gcc/arm-none-eabi/5.4.1/../../../../arm-none-eabi/lib/armv7-m\libg_nano.a(lib_a-errno.o)
 .debug_frame   0x0000162c       0x28 c:/program files (x86)/cypress/psoc creator/4.4/psoc creator/import/gnu/arm/5.4.1/bin/../lib/gcc/arm-none-eabi/5.4.1/../../../../arm-none-eabi/lib/armv7-m\libg_nano.a(lib_a-exit.o)
 .debug_frame   0x00001654       0x2c c:/program files (x86)/cypress/psoc creator/4.4/psoc creator/import/gnu/arm/5.4.1/bin/../lib/gcc/arm-none-eabi/5.4.1/../../../../arm-none-eabi/lib/armv7-m\libg_nano.a(lib_a-init.o)
 .debug_frame   0x00001680       0x38 c:/program files (x86)/cypress/psoc creator/4.4/psoc creator/import/gnu/arm/5.4.1/bin/../lib/gcc/arm-none-eabi/5.4.1/../../../../arm-none-eabi/lib/armv7-m\libg_nano.a(lib_a-itoa.o)
 .debug_frame   0x000016b8       0x28 c:/program files (x86)/cypress/psoc creator/4.4/psoc creator/import/gnu/arm/5.4.1/bin/../lib/gcc/arm-none-eabi/5.4.1/../../../../arm-none-eabi/lib/armv7-m\libg_nano.a(lib_a-memcpy-stub.o)
 .debug_frame   0x000016e0       0x20 c:/program files (x86)/cypress/psoc creator/4.4/psoc creator/import/gnu/arm/5.4.1/bin/../lib/gcc/arm-none-eabi/5.4.1/../../../../arm-none-eabi/lib/armv7-m\libg_nano.a(lib_a-memset.o)
 .debug_frame   0x00001700       0x44 c:/program files (x86)/cypress/psoc creator/4.4/psoc creator/import/gnu/arm/5.4.1/bin/../lib/gcc/arm-none-eabi/5.4.1/../../../../arm-none-eabi/lib/armv7-m\libg_nano.a(lib_a-utoa.o)

.debug_str      0x00000000     0x1e96
 *(.debug_str)
 .debug_str     0x00000000      0x298 .\CortexM3\ARM_GCC_541\Debug\main.o
                                0x2e0 (size before relaxing)
 .debug_str     0x00000298      0x1a2 .\CortexM3\ARM_GCC_541\Debug\cyfitter_cfg.o
                                0x343 (size before relaxing)
 .debug_str     0x0000043a       0x7f .\CortexM3\ARM_GCC_541\Debug\cymetadata.o
                                0x1e3 (size before relaxing)
 .debug_str     0x000004b9      0x144 .\CortexM3\ARM_GCC_541\Debug\Cm3Start.o
                                0x309 (size before relaxing)
 .debug_str     0x000005fd      0x840 .\CortexM3\ARM_GCC_541\Debug\Lab4.a(CyLib.o)
                                0xa46 (size before relaxing)
 .debug_str     0x00000e3d      0x365 .\CortexM3\ARM_GCC_541\Debug\Lab4.a(cyPm.o)
                                0x732 (size before relaxing)
 .debug_str     0x000011a2      0x1bc .\CortexM3\ARM_GCC_541\Debug\Lab4.a(PWM_MOTOR.o)
                                0x39c (size before relaxing)
 .debug_str     0x0000135e      0x16f .\CortexM3\ARM_GCC_541\Debug\Lab4.a(PWM_TACHO.o)
                                0x3a9 (size before relaxing)
 .debug_str     0x000014cd      0x207 .\CortexM3\ARM_GCC_541\Debug\Lab4.a(Counter_TACHO.o)
                                0x418 (size before relaxing)
 .debug_str     0x000016d4      0x10c .\CortexM3\ARM_GCC_541\Debug\Lab4.a(IRQ_TACHO.o)
                                0x2dd (size before relaxing)
 .debug_str     0x000017e0      0x2bf .\CortexM3\ARM_GCC_541\Debug\Lab4.a(UART_1.o)
                                0x4b2 (size before relaxing)
 .debug_str     0x00001a9f      0x197 .\CortexM3\ARM_GCC_541\Debug\Lab4.a(UART_1_IntClock.o)
                                0x34d (size before relaxing)
 .debug_str     0x00001c36      0x1b4 .\CortexM3\ARM_GCC_541\Debug\Lab4.a(CyFlash.o)
                                0x3bf (size before relaxing)
 .debug_str     0x00001dea       0xac .\CortexM3\ARM_GCC_541\Debug\Lab4.a(CySpc.o)
                                0x337 (size before relaxing)

.debug_loc      0x00000000     0x1eed
 *(.debug_loc)
 .debug_loc     0x00000000      0x289 .\CortexM3\ARM_GCC_541\Debug\cyfitter_cfg.o
 .debug_loc     0x00000289      0x144 .\CortexM3\ARM_GCC_541\Debug\Cm3Start.o
 .debug_loc     0x000003cd      0xa11 .\CortexM3\ARM_GCC_541\Debug\Lab4.a(CyLib.o)
 .debug_loc     0x00000dde      0x1e4 .\CortexM3\ARM_GCC_541\Debug\Lab4.a(cyPm.o)
 .debug_loc     0x00000fc2       0x26 .\CortexM3\ARM_GCC_541\Debug\Lab4.a(PWM_MOTOR.o)
 .debug_loc     0x00000fe8       0x26 .\CortexM3\ARM_GCC_541\Debug\Lab4.a(PWM_TACHO.o)
 .debug_loc     0x0000100e       0x52 .\CortexM3\ARM_GCC_541\Debug\Lab4.a(Counter_TACHO.o)
 .debug_loc     0x00001060       0x56 .\CortexM3\ARM_GCC_541\Debug\Lab4.a(IRQ_TACHO.o)
 .debug_loc     0x000010b6      0x258 .\CortexM3\ARM_GCC_541\Debug\Lab4.a(UART_1.o)
 .debug_loc     0x0000130e      0x128 .\CortexM3\ARM_GCC_541\Debug\Lab4.a(UART_1_IntClock.o)
 .debug_loc     0x00001436      0x3b2 .\CortexM3\ARM_GCC_541\Debug\Lab4.a(CyFlash.o)
 .debug_loc     0x000017e8      0x705 .\CortexM3\ARM_GCC_541\Debug\Lab4.a(CySpc.o)

.debug_macinfo
 *(.debug_macinfo)

.debug_ranges   0x00000000      0x7e8
 *(.debug_ranges)
 .debug_ranges  0x00000000       0x18 .\CortexM3\ARM_GCC_541\Debug\main.o
 .debug_ranges  0x00000018       0x48 .\CortexM3\ARM_GCC_541\Debug\cyfitter_cfg.o
 .debug_ranges  0x00000060       0x38 .\CortexM3\ARM_GCC_541\Debug\Cm3Start.o
 .debug_ranges  0x00000098      0x290 .\CortexM3\ARM_GCC_541\Debug\Lab4.a(CyLib.o)
 .debug_ranges  0x00000328       0x88 .\CortexM3\ARM_GCC_541\Debug\Lab4.a(cyPm.o)
 .debug_ranges  0x000003b0       0x88 .\CortexM3\ARM_GCC_541\Debug\Lab4.a(PWM_MOTOR.o)
 .debug_ranges  0x00000438       0x88 .\CortexM3\ARM_GCC_541\Debug\Lab4.a(PWM_TACHO.o)
 .debug_ranges  0x000004c0       0x90 .\CortexM3\ARM_GCC_541\Debug\Lab4.a(Counter_TACHO.o)
 .debug_ranges  0x00000550       0x70 .\CortexM3\ARM_GCC_541\Debug\Lab4.a(IRQ_TACHO.o)
 .debug_ranges  0x000005c0       0xe0 .\CortexM3\ARM_GCC_541\Debug\Lab4.a(UART_1.o)
 .debug_ranges  0x000006a0       0x60 .\CortexM3\ARM_GCC_541\Debug\Lab4.a(UART_1_IntClock.o)
 .debug_ranges  0x00000700       0x78 .\CortexM3\ARM_GCC_541\Debug\Lab4.a(CyFlash.o)
 .debug_ranges  0x00000778       0x70 .\CortexM3\ARM_GCC_541\Debug\Lab4.a(CySpc.o)

.comment        0x00000000       0x6e
 .comment       0x00000000       0x6e .\CortexM3\ARM_GCC_541\Debug\main.o
                                 0x6f (size before relaxing)
 .comment       0x0000006e       0x6f .\CortexM3\ARM_GCC_541\Debug\cyfitter_cfg.o
 .comment       0x0000006e       0x6f .\CortexM3\ARM_GCC_541\Debug\cymetadata.o
 .comment       0x0000006e       0x6f .\CortexM3\ARM_GCC_541\Debug\Cm3Start.o
 .comment       0x0000006e       0x6f .\CortexM3\ARM_GCC_541\Debug\Lab4.a(CyLib.o)
 .comment       0x0000006e       0x6f .\CortexM3\ARM_GCC_541\Debug\Lab4.a(cyPm.o)
 .comment       0x0000006e       0x6f .\CortexM3\ARM_GCC_541\Debug\Lab4.a(PWM_MOTOR.o)
 .comment       0x0000006e       0x6f .\CortexM3\ARM_GCC_541\Debug\Lab4.a(PWM_TACHO.o)
 .comment       0x0000006e       0x6f .\CortexM3\ARM_GCC_541\Debug\Lab4.a(Counter_TACHO.o)
 .comment       0x0000006e       0x6f .\CortexM3\ARM_GCC_541\Debug\Lab4.a(IRQ_TACHO.o)
 .comment       0x0000006e       0x6f .\CortexM3\ARM_GCC_541\Debug\Lab4.a(UART_1.o)
 .comment       0x0000006e       0x6f .\CortexM3\ARM_GCC_541\Debug\Lab4.a(UART_1_IntClock.o)
 .comment       0x0000006e       0x6f .\CortexM3\ARM_GCC_541\Debug\Lab4.a(CyFlash.o)
 .comment       0x0000006e       0x6f .\CortexM3\ARM_GCC_541\Debug\Lab4.a(CySpc.o)

.debug_weaknames
 *(.debug_weaknames)

.debug_funcnames
 *(.debug_funcnames)

.debug_typenames
 *(.debug_typenames)

.debug_varnames
 *(.debug_varnames)

.note.gnu.arm.ident
 *(.note.gnu.arm.ident)

.ARM.attributes
                0x00000000       0x29
 *(.ARM.attributes)
 .ARM.attributes
                0x00000000       0x1d c:/program files (x86)/cypress/psoc creator/4.4/psoc creator/import/gnu/arm/5.4.1/bin/../lib/gcc/arm-none-eabi/5.4.1/armv7-m/crti.o
 .ARM.attributes
                0x0000001d       0x2d c:/program files (x86)/cypress/psoc creator/4.4/psoc creator/import/gnu/arm/5.4.1/bin/../lib/gcc/arm-none-eabi/5.4.1/armv7-m/crtbegin.o
 .ARM.attributes
                0x0000004a       0x1b c:/program files (x86)/cypress/psoc creator/4.4/psoc creator/import/gnu/arm/5.4.1/bin/../lib/gcc/arm-none-eabi/5.4.1/../../../../arm-none-eabi/lib/armv7-m/crt0.o
 .ARM.attributes
                0x00000065       0x33 .\CortexM3\ARM_GCC_541\Debug\main.o
 .ARM.attributes
                0x00000098       0x33 .\CortexM3\ARM_GCC_541\Debug\cyfitter_cfg.o
 .ARM.attributes
                0x000000cb       0x33 .\CortexM3\ARM_GCC_541\Debug\cymetadata.o
 .ARM.attributes
                0x000000fe       0x33 .\CortexM3\ARM_GCC_541\Debug\Cm3Start.o
 .ARM.attributes
                0x00000131       0x33 .\CortexM3\ARM_GCC_541\Debug\Lab4.a(CyLib.o)
 .ARM.attributes
                0x00000164       0x33 .\CortexM3\ARM_GCC_541\Debug\Lab4.a(cyPm.o)
 .ARM.attributes
                0x00000197       0x33 .\CortexM3\ARM_GCC_541\Debug\Lab4.a(PWM_MOTOR.o)
 .ARM.attributes
                0x000001ca       0x33 .\CortexM3\ARM_GCC_541\Debug\Lab4.a(PWM_TACHO.o)
 .ARM.attributes
                0x000001fd       0x33 .\CortexM3\ARM_GCC_541\Debug\Lab4.a(Counter_TACHO.o)
 .ARM.attributes
                0x00000230       0x33 .\CortexM3\ARM_GCC_541\Debug\Lab4.a(IRQ_TACHO.o)
 .ARM.attributes
                0x00000263       0x33 .\CortexM3\ARM_GCC_541\Debug\Lab4.a(UART_1.o)
 .ARM.attributes
                0x00000296       0x33 .\CortexM3\ARM_GCC_541\Debug\Lab4.a(UART_1_IntClock.o)
 .ARM.attributes
                0x000002c9       0x21 .\CortexM3\ARM_GCC_541\Debug\Lab4.a(CyBootAsmGnu.o)
 .ARM.attributes
                0x000002ea       0x33 .\CortexM3\ARM_GCC_541\Debug\Lab4.a(CyFlash.o)
 .ARM.attributes
                0x0000031d       0x33 .\CortexM3\ARM_GCC_541\Debug\Lab4.a(CySpc.o)
 .ARM.attributes
                0x00000350       0x2d c:/program files (x86)/cypress/psoc creator/4.4/psoc creator/import/gnu/arm/5.4.1/bin/../lib/gcc/arm-none-eabi/5.4.1/../../../../arm-none-eabi/lib/armv7-m\libg_nano.a(lib_a-errno.o)
 .ARM.attributes
                0x0000037d       0x2d c:/program files (x86)/cypress/psoc creator/4.4/psoc creator/import/gnu/arm/5.4.1/bin/../lib/gcc/arm-none-eabi/5.4.1/../../../../arm-none-eabi/lib/armv7-m\libg_nano.a(lib_a-exit.o)
 .ARM.attributes
                0x000003aa       0x2d c:/program files (x86)/cypress/psoc creator/4.4/psoc creator/import/gnu/arm/5.4.1/bin/../lib/gcc/arm-none-eabi/5.4.1/../../../../arm-none-eabi/lib/armv7-m\libg_nano.a(lib_a-impure.o)
 .ARM.attributes
                0x000003d7       0x2d c:/program files (x86)/cypress/psoc creator/4.4/psoc creator/import/gnu/arm/5.4.1/bin/../lib/gcc/arm-none-eabi/5.4.1/../../../../arm-none-eabi/lib/armv7-m\libg_nano.a(lib_a-init.o)
 .ARM.attributes
                0x00000404       0x2d c:/program files (x86)/cypress/psoc creator/4.4/psoc creator/import/gnu/arm/5.4.1/bin/../lib/gcc/arm-none-eabi/5.4.1/../../../../arm-none-eabi/lib/armv7-m\libg_nano.a(lib_a-itoa.o)
 .ARM.attributes
                0x00000431       0x2d c:/program files (x86)/cypress/psoc creator/4.4/psoc creator/import/gnu/arm/5.4.1/bin/../lib/gcc/arm-none-eabi/5.4.1/../../../../arm-none-eabi/lib/armv7-m\libg_nano.a(lib_a-memcpy-stub.o)
 .ARM.attributes
                0x0000045e       0x2d c:/program files (x86)/cypress/psoc creator/4.4/psoc creator/import/gnu/arm/5.4.1/bin/../lib/gcc/arm-none-eabi/5.4.1/../../../../arm-none-eabi/lib/armv7-m\libg_nano.a(lib_a-memset.o)
 .ARM.attributes
                0x0000048b       0x2d c:/program files (x86)/cypress/psoc creator/4.4/psoc creator/import/gnu/arm/5.4.1/bin/../lib/gcc/arm-none-eabi/5.4.1/../../../../arm-none-eabi/lib/armv7-m\libg_nano.a(lib_a-utoa.o)
 .ARM.attributes
                0x000004b8       0x2d c:/program files (x86)/cypress/psoc creator/4.4/psoc creator/import/gnu/arm/5.4.1/bin/../lib/gcc/arm-none-eabi/5.4.1/armv7-m/crtend.o
 .ARM.attributes
                0x000004e5       0x1d c:/program files (x86)/cypress/psoc creator/4.4/psoc creator/import/gnu/arm/5.4.1/bin/../lib/gcc/arm-none-eabi/5.4.1/armv7-m/crtn.o

/DISCARD/
 *(.note.GNU-stack)
OUTPUT(C:\Users\Abude\Documents\PSoC Creator\EmbeddedSystem2\Lab4.cydsn\CortexM3\ARM_GCC_541\Debug\Lab4.elf elf32-littlearm)
