Archive member included to satisfy reference by file (symbol)

.\CortexM3\ARM_GCC_541\Debug\Lab 5.a(CyLib.o)
                              .\CortexM3\ARM_GCC_541\Debug\Cm3Start.o (CyHalt)
.\CortexM3\ARM_GCC_541\Debug\Lab 5.a(cyPm.o)
                              .\CortexM3\ARM_GCC_541\Debug\Lab 5.a(CyLib.o) (CyPmReadStatus)
.\CortexM3\ARM_GCC_541\Debug\Lab 5.a(I2C_DISPLAY.o)
                              .\CortexM3\ARM_GCC_541\Debug\main.o (I2C_DISPLAY_Start)
.\CortexM3\ARM_GCC_541\Debug\Lab 5.a(I2C_DISPLAY_INT.o)
                              .\CortexM3\ARM_GCC_541\Debug\Lab 5.a(I2C_DISPLAY.o) (I2C_DISPLAY_ISR)
.\CortexM3\ARM_GCC_541\Debug\Lab 5.a(I2C_DISPLAY_MASTER.o)
                              .\CortexM3\ARM_GCC_541\Debug\Lab 5.a(I2C_DISPLAY.o) (I2C_DISPLAY_mstrStatus)
.\CortexM3\ARM_GCC_541\Debug\Lab 5.a(PWM_MOTOR_SPEED.o)
                              .\CortexM3\ARM_GCC_541\Debug\main.o (PWM_MOTOR_SPEED_Stop)
.\CortexM3\ARM_GCC_541\Debug\Lab 5.a(DIRECTION.o)
                              .\CortexM3\ARM_GCC_541\Debug\main.o (DIRECTION_Write)
.\CortexM3\ARM_GCC_541\Debug\Lab 5.a(BUZZER.o)
                              .\CortexM3\ARM_GCC_541\Debug\main.o (BUZZER_Stop)
.\CortexM3\ARM_GCC_541\Debug\Lab 5.a(PWM_TACHO.o)
                              .\CortexM3\ARM_GCC_541\Debug\main.o (PWM_TACHO_ReadStatusRegister)
.\CortexM3\ARM_GCC_541\Debug\Lab 5.a(IRQ_TACHO.o)
                              .\CortexM3\ARM_GCC_541\Debug\main.o (IRQ_TACHO_StartEx)
.\CortexM3\ARM_GCC_541\Debug\Lab 5.a(Counter_TACHO.o)
                              .\CortexM3\ARM_GCC_541\Debug\main.o (Counter_TACHO_ReadCapture)
.\CortexM3\ARM_GCC_541\Debug\Lab 5.a(UART.o)
                              .\CortexM3\ARM_GCC_541\Debug\main.o (UART_Start)
.\CortexM3\ARM_GCC_541\Debug\Lab 5.a(UART_IntClock.o)
                              .\CortexM3\ARM_GCC_541\Debug\Lab 5.a(UART.o) (UART_IntClock_Start)
.\CortexM3\ARM_GCC_541\Debug\Lab 5.a(CyBootAsmGnu.o)
                              .\CortexM3\ARM_GCC_541\Debug\main.o (CyDelayCycles)
.\CortexM3\ARM_GCC_541\Debug\Lab 5.a(CyFlash.o)
                              .\CortexM3\ARM_GCC_541\Debug\Lab 5.a(cyPm.o) (CyFlash_SetWaitCycles)
.\CortexM3\ARM_GCC_541\Debug\Lab 5.a(CySpc.o)
                              .\CortexM3\ARM_GCC_541\Debug\Lab 5.a(CyFlash.o) (CySpcStart)
c:/program files (x86)/cypress/psoc creator/4.4/psoc creator/import/gnu/arm/5.4.1/bin/../lib/gcc/arm-none-eabi/5.4.1/../../../../arm-none-eabi/lib/armv7-m\libg_nano.a(lib_a-errno.o)
                              .\CortexM3\ARM_GCC_541\Debug\Cm3Start.o (__errno)
c:/program files (x86)/cypress/psoc creator/4.4/psoc creator/import/gnu/arm/5.4.1/bin/../lib/gcc/arm-none-eabi/5.4.1/../../../../arm-none-eabi/lib/armv7-m\libg_nano.a(lib_a-exit.o)
                              c:/program files (x86)/cypress/psoc creator/4.4/psoc creator/import/gnu/arm/5.4.1/bin/../lib/gcc/arm-none-eabi/5.4.1/../../../../arm-none-eabi/lib/armv7-m/crt0.o (exit)
c:/program files (x86)/cypress/psoc creator/4.4/psoc creator/import/gnu/arm/5.4.1/bin/../lib/gcc/arm-none-eabi/5.4.1/../../../../arm-none-eabi/lib/armv7-m\libg_nano.a(lib_a-impure.o)
                              c:/program files (x86)/cypress/psoc creator/4.4/psoc creator/import/gnu/arm/5.4.1/bin/../lib/gcc/arm-none-eabi/5.4.1/../../../../arm-none-eabi/lib/armv7-m\libg_nano.a(lib_a-exit.o) (_global_impure_ptr)
c:/program files (x86)/cypress/psoc creator/4.4/psoc creator/import/gnu/arm/5.4.1/bin/../lib/gcc/arm-none-eabi/5.4.1/../../../../arm-none-eabi/lib/armv7-m\libg_nano.a(lib_a-init.o)
                              c:/program files (x86)/cypress/psoc creator/4.4/psoc creator/import/gnu/arm/5.4.1/bin/../lib/gcc/arm-none-eabi/5.4.1/../../../../arm-none-eabi/lib/armv7-m/crt0.o (__libc_init_array)
c:/program files (x86)/cypress/psoc creator/4.4/psoc creator/import/gnu/arm/5.4.1/bin/../lib/gcc/arm-none-eabi/5.4.1/../../../../arm-none-eabi/lib/armv7-m\libg_nano.a(lib_a-itoa.o)
                              .\CortexM3\ARM_GCC_541\Debug\main.o (itoa)
c:/program files (x86)/cypress/psoc creator/4.4/psoc creator/import/gnu/arm/5.4.1/bin/../lib/gcc/arm-none-eabi/5.4.1/../../../../arm-none-eabi/lib/armv7-m\libg_nano.a(lib_a-memcpy-stub.o)
                              .\CortexM3\ARM_GCC_541\Debug\cyfitter_cfg.o (memcpy)
c:/program files (x86)/cypress/psoc creator/4.4/psoc creator/import/gnu/arm/5.4.1/bin/../lib/gcc/arm-none-eabi/5.4.1/../../../../arm-none-eabi/lib/armv7-m\libg_nano.a(lib_a-memset.o)
                              c:/program files (x86)/cypress/psoc creator/4.4/psoc creator/import/gnu/arm/5.4.1/bin/../lib/gcc/arm-none-eabi/5.4.1/../../../../arm-none-eabi/lib/armv7-m/crt0.o (memset)
c:/program files (x86)/cypress/psoc creator/4.4/psoc creator/import/gnu/arm/5.4.1/bin/../lib/gcc/arm-none-eabi/5.4.1/../../../../arm-none-eabi/lib/armv7-m\libg_nano.a(lib_a-putchar.o)
                              .\CortexM3\ARM_GCC_541\Debug\u8x8_d_stdio.o (putchar)
[...]
Memory Configuration

Name             Origin             Length             Attributes
rom              0x00000000         0x00040000         xr
ram              0x1fff8000         0x00010000         xrw
*default*        0x00000000         0xffffffff

Linker script and memory map

LOAD c:/program files (x86)/cypress/psoc creator/4.4/psoc creator/import/gnu/arm/5.4.1/bin/../lib/gcc/arm-none-eabi/5.4.1/armv7-m/crti.o
LOAD c:/program files (x86)/cypress/psoc creator/4.4/psoc creator/import/gnu/arm/5.4.1/bin/../lib/gcc/arm-none-eabi/5.4.1/armv7-m/crtbegin.o
LOAD c:/program files (x86)/cypress/psoc creator/4.4/psoc creator/import/gnu/arm/5.4.1/bin/../lib/gcc/arm-none-eabi/5.4.1/../../../../arm-none-eabi/lib/armv7-m/crt0.o
START GROUP
LOAD .\CortexM3\ARM_GCC_541\Debug\u8log_u8x8.o
LOAD .\CortexM3\ARM_GCC_541\Debug\u8log_u8g2.o
LOAD .\CortexM3\ARM_GCC_541\Debug\u8log.o
LOAD .\CortexM3\ARM_GCC_541\Debug\u8g2_setup.o
LOAD .\CortexM3\ARM_GCC_541\Debug\u8g2_selection_list.o
LOAD .\CortexM3\ARM_GCC_541\Debug\u8g2_polygon.o
LOAD .\CortexM3\ARM_GCC_541\Debug\u8g2_message.o
LOAD .\CortexM3\ARM_GCC_541\Debug\u8g2_ll_hvline.o
LOAD .\CortexM3\ARM_GCC_541\Debug\u8g2_line.o
LOAD .\CortexM3\ARM_GCC_541\Debug\u8g2_kerning.o
LOAD .\CortexM3\ARM_GCC_541\Debug\u8g2_intersection.o
LOAD .\CortexM3\ARM_GCC_541\Debug\u8g2_input_value.o
LOAD .\CortexM3\ARM_GCC_541\Debug\u8g2_hvline.o
LOAD .\CortexM3\ARM_GCC_541\Debug\u8g2_fonts.o
LOAD .\CortexM3\ARM_GCC_541\Debug\u8g2_font.o
LOAD .\CortexM3\ARM_GCC_541\Debug\u8g2_d_setup.o
LOAD .\CortexM3\ARM_GCC_541\Debug\u8g2_d_memory.o
LOAD .\CortexM3\ARM_GCC_541\Debug\u8g2_cleardisplay.o
LOAD .\CortexM3\ARM_GCC_541\Debug\u8g2_circle.o
LOAD .\CortexM3\ARM_GCC_541\Debug\u8g2_button.o
LOAD .\CortexM3\ARM_GCC_541\Debug\u8g2_buffer.o
LOAD .\CortexM3\ARM_GCC_541\Debug\u8g2_box.o
LOAD .\CortexM3\ARM_GCC_541\Debug\u8g2_bitmap.o
LOAD .\CortexM3\ARM_GCC_541\Debug\u8x8_u16toa.o
LOAD .\CortexM3\ARM_GCC_541\Debug\u8x8_u8toa.o
LOAD .\CortexM3\ARM_GCC_541\Debug\u8x8_string.o
LOAD .\CortexM3\ARM_GCC_541\Debug\u8x8_setup.o
LOAD .\CortexM3\ARM_GCC_541\Debug\u8x8_selection_list.o
LOAD .\CortexM3\ARM_GCC_541\Debug\u8x8_message.o
LOAD .\CortexM3\ARM_GCC_541\Debug\u8x8_input_value.o
LOAD .\CortexM3\ARM_GCC_541\Debug\u8x8_gpio.o
LOAD .\CortexM3\ARM_GCC_541\Debug\u8x8_fonts.o
LOAD .\CortexM3\ARM_GCC_541\Debug\u8x8_display.o
LOAD .\CortexM3\ARM_GCC_541\Debug\u8x8_debounce.o
LOAD .\CortexM3\ARM_GCC_541\Debug\u8x8_d_uc1701_mini12864.o
LOAD .\CortexM3\ARM_GCC_541\Debug\u8x8_d_uc1701_dogs102.o
LOAD .\CortexM3\ARM_GCC_541\Debug\u8x8_d_uc1638.o
LOAD .\CortexM3\ARM_GCC_541\Debug\u8x8_d_uc1617.o
LOAD .\CortexM3\ARM_GCC_541\Debug\u8x8_d_uc1611.o
LOAD .\CortexM3\ARM_GCC_541\Debug\u8x8_d_uc1610.o
LOAD .\CortexM3\ARM_GCC_541\Debug\u8x8_d_uc1609.o
LOAD .\CortexM3\ARM_GCC_541\Debug\u8x8_d_uc1608.o
LOAD .\CortexM3\ARM_GCC_541\Debug\u8x8_d_uc1604.o
LOAD .\CortexM3\ARM_GCC_541\Debug\u8x8_d_uc1601.o
LOAD .\CortexM3\ARM_GCC_541\Debug\u8x8_d_t6963.o
LOAD .\CortexM3\ARM_GCC_541\Debug\u8x8_d_stdio.o
LOAD .\CortexM3\ARM_GCC_541\Debug\u8x8_d_st75320.o
LOAD .\CortexM3\ARM_GCC_541\Debug\u8x8_d_st75256.o
LOAD .\CortexM3\ARM_GCC_541\Debug\u8x8_d_st75160.o
LOAD .\CortexM3\ARM_GCC_541\Debug\u8x8_d_st7920.o
LOAD .\CortexM3\ARM_GCC_541\Debug\u8x8_d_st7588.o
LOAD .\CortexM3\ARM_GCC_541\Debug\u8x8_d_st7586s_ymc240160.o
LOAD .\CortexM3\ARM_GCC_541\Debug\u8x8_d_st7586s_s028hn118a.o
LOAD .\CortexM3\ARM_GCC_541\Debug\u8x8_d_st7586s_erc240160.o
LOAD .\CortexM3\ARM_GCC_541\Debug\u8x8_d_st7571.o
LOAD .\CortexM3\ARM_GCC_541\Debug\u8x8_d_st7567.o
LOAD .\CortexM3\ARM_GCC_541\Debug\u8x8_d_st7565.o
LOAD .\CortexM3\ARM_GCC_541\Debug\u8x8_d_st7528.o
LOAD .\CortexM3\ARM_GCC_541\Debug\u8x8_d_st7511.o
LOAD .\CortexM3\ARM_GCC_541\Debug\u8x8_d_ssd1607_200x200.o
LOAD .\CortexM3\ARM_GCC_541\Debug\u8x8_d_ssd1606_172x72.o
LOAD .\CortexM3\ARM_GCC_541\Debug\u8x8_d_ssd1329.o
LOAD .\CortexM3\ARM_GCC_541\Debug\u8x8_d_ssd1327.o
LOAD .\CortexM3\ARM_GCC_541\Debug\u8x8_d_ssd1326.o
LOAD .\CortexM3\ARM_GCC_541\Debug\u8x8_d_ssd1325.o
LOAD .\CortexM3\ARM_GCC_541\Debug\u8x8_d_ssd1322.o
LOAD .\CortexM3\ARM_GCC_541\Debug\u8x8_d_ssd1320.o
LOAD .\CortexM3\ARM_GCC_541\Debug\u8x8_d_ssd1318.o
LOAD .\CortexM3\ARM_GCC_541\Debug\u8x8_d_ssd1317.o
LOAD .\CortexM3\ARM_GCC_541\Debug\u8x8_d_ssd1316.o
LOAD .\CortexM3\ARM_GCC_541\Debug\u8x8_d_ssd1309.o
LOAD .\CortexM3\ARM_GCC_541\Debug\u8x8_d_ssd1306_2040x16.o
LOAD .\CortexM3\ARM_GCC_541\Debug\u8x8_d_ssd1306_128x64_noname.o
LOAD .\CortexM3\ARM_GCC_541\Debug\u8x8_d_ssd1306_128x32.o
LOAD .\CortexM3\ARM_GCC_541\Debug\u8x8_d_ssd1306_96x16.o
LOAD .\CortexM3\ARM_GCC_541\Debug\u8x8_d_ssd1306_72x40.o
LOAD .\CortexM3\ARM_GCC_541\Debug\u8x8_d_ssd1306_64x48.o
LOAD .\CortexM3\ARM_GCC_541\Debug\u8x8_d_ssd1306_64x32.o
LOAD .\CortexM3\ARM_GCC_541\Debug\u8x8_d_ssd1306_48x64.o
LOAD .\CortexM3\ARM_GCC_541\Debug\u8x8_d_ssd1305.o
LOAD .\CortexM3\ARM_GCC_541\Debug\u8x8_d_sh1122.o
LOAD .\CortexM3\ARM_GCC_541\Debug\u8x8_d_sh1108.o
LOAD .\CortexM3\ARM_GCC_541\Debug\u8x8_d_sh1107.o
LOAD .\CortexM3\ARM_GCC_541\Debug\u8x8_d_sh1106_72x40.o
LOAD .\CortexM3\ARM_GCC_541\Debug\u8x8_d_sh1106_64x32.o
LOAD .\CortexM3\ARM_GCC_541\Debug\u8x8_d_sed1330.o
LOAD .\CortexM3\ARM_GCC_541\Debug\u8x8_d_sbn1661.o
LOAD .\CortexM3\ARM_GCC_541\Debug\u8x8_d_s1d15721.o
LOAD .\CortexM3\ARM_GCC_541\Debug\u8x8_d_s1d15e06.o
LOAD .\CortexM3\ARM_GCC_541\Debug\u8x8_d_pcf8814_hx1230.o
LOAD .\CortexM3\ARM_GCC_541\Debug\u8x8_d_pcf8812.o
LOAD .\CortexM3\ARM_GCC_541\Debug\u8x8_d_pcd8544_84x48.o
LOAD .\CortexM3\ARM_GCC_541\Debug\u8x8_d_max7219.o
LOAD .\CortexM3\ARM_GCC_541\Debug\u8x8_d_ls013b7dh03.o
LOAD .\CortexM3\ARM_GCC_541\Debug\u8x8_d_ld7032_60x32.o
LOAD .\CortexM3\ARM_GCC_541\Debug\u8x8_d_lc7981.o
LOAD .\CortexM3\ARM_GCC_541\Debug\u8x8_d_ks0108.o
LOAD .\CortexM3\ARM_GCC_541\Debug\u8x8_d_ist7920.o
LOAD .\CortexM3\ARM_GCC_541\Debug\u8x8_d_ist3020.o
LOAD .\CortexM3\ARM_GCC_541\Debug\u8x8_d_il3820_296x128.o
LOAD .\CortexM3\ARM_GCC_541\Debug\u8x8_d_hd44102.o
LOAD .\CortexM3\ARM_GCC_541\Debug\u8x8_d_gu800.o
LOAD .\CortexM3\ARM_GCC_541\Debug\u8x8_d_a2printer.o
LOAD .\CortexM3\ARM_GCC_541\Debug\u8x8_capture.o
LOAD .\CortexM3\ARM_GCC_541\Debug\u8x8_cad.o
LOAD .\CortexM3\ARM_GCC_541\Debug\u8x8_byte.o
LOAD .\CortexM3\ARM_GCC_541\Debug\u8x8_8x8.o
LOAD .\CortexM3\ARM_GCC_541\Debug\mui.o
LOAD .\CortexM3\ARM_GCC_541\Debug\mui_u8g2.o
LOAD .\CortexM3\ARM_GCC_541\Debug\main.o
LOAD .\CortexM3\ARM_GCC_541\Debug\cyfitter_cfg.o
LOAD .\CortexM3\ARM_GCC_541\Debug\cymetadata.o
LOAD .\CortexM3\ARM_GCC_541\Debug\Cm3Start.o
LOAD .\CortexM3\ARM_GCC_541\Debug\Lab 5.a
LOAD C:\Program Files (x86)\Cypress\PSoC Creator\4.4\PSoC Creator\psoc\content\cycomponentlibrary\CyComponentLibrary.cylib\CortexM3\ARM_GCC_541\Debug\CyComponentLibrary.a
END GROUP
START GROUP
LOAD c:/program files (x86)/cypress/psoc creator/4.4/psoc creator/import/gnu/arm/5.4.1/bin/../lib/gcc/arm-none-eabi/5.4.1/armv7-m\libgcc.a
LOAD c:/program files (x86)/cypress/psoc creator/4.4/psoc creator/import/gnu/arm/5.4.1/bin/../lib/gcc/arm-none-eabi/5.4.1/../../../../arm-none-eabi/lib/armv7-m\libg_nano.a
LOAD c:/program files (x86)/cypress/psoc creator/4.4/psoc creator/import/gnu/arm/5.4.1/bin/../lib/gcc/arm-none-eabi/5.4.1/../../../../arm-none-eabi/lib/armv7-m\libc_nano.a
END GROUP
START GROUP
LOAD c:/program files (x86)/cypress/psoc creator/4.4/psoc creator/import/gnu/arm/5.4.1/bin/../lib/gcc/arm-none-eabi/5.4.1/armv7-m\libgcc.a
LOAD c:/program files (x86)/cypress/psoc creator/4.4/psoc creator/import/gnu/arm/5.4.1/bin/../lib/gcc/arm-none-eabi/5.4.1/../../../../arm-none-eabi/lib/armv7-m\libc_nano.a
END GROUP
LOAD c:/program files (x86)/cypress/psoc creator/4.4/psoc creator/import/gnu/arm/5.4.1/bin/../lib/gcc/arm-none-eabi/5.4.1/armv7-m/crtend.o
LOAD c:/program files (x86)/cypress/psoc creator/4.4/psoc creator/import/gnu/arm/5.4.1/bin/../lib/gcc/arm-none-eabi/5.4.1/armv7-m/crtn.o
START GROUP
LOAD c:/program files (x86)/cypress/psoc creator/4.4/psoc creator/import/gnu/arm/5.4.1/bin/../lib/gcc/arm-none-eabi/5.4.1/armv7-m\libgcc.a
LOAD c:/program files (x86)/cypress/psoc creator/4.4/psoc creator/import/gnu/arm/5.4.1/bin/../lib/gcc/arm-none-eabi/5.4.1/../../../../arm-none-eabi/lib/armv7-m\libc.a
LOAD c:/program files (x86)/cypress/psoc creator/4.4/psoc creator/import/gnu/arm/5.4.1/bin/../lib/gcc/arm-none-eabi/5.4.1/../../../../arm-none-eabi/lib/armv7-m\libnosys.a
END GROUP
                0x00000000                CY_APPL_ORIGIN = 0x0
                0x00000100                CY_FLASH_ROW_SIZE = 0x100
                0x00000020                CY_ECC_ROW_SIZE = 0x20
                0x00000000                CY_EE_IN_BTLDR = 0x0
                0x00000000                CY_APPL_LOADABLE = 0x0
                0x00000800                CY_EE_SIZE = 0x800
                0x00000001                CY_APPL_NUM = 0x1
                0x00000001                CY_APPL_MAX = 0x1
                0x00000040                CY_METADATA_SIZE = 0x40
                0x00000000                CY_APPL_LOADABLE = 0x0
                0x00000000                CY_CHECKSUM_EXCLUDE_SIZE = ALIGN (0x0, CY_FLASH_ROW_SIZE)
                [!provide]                PROVIDE (__cy_heap_start, _end)
                0x00000001                PROVIDE (__cy_region_num, ((__cy_regions_end - __cy_regions) / 0x10))
                0x20008000                PROVIDE (__cy_stack, (ORIGIN (ram) + LENGTH (ram)))
                [!provide]                PROVIDE (__cy_heap_end, (__cy_stack - 0x800))

.cybootloader   0x00000000        0x0
 *(.cybootloader)
                0x00000000                appl1_start = CY_APPL_ORIGIN?CY_APPL_ORIGIN:ALIGN (CY_FLASH_ROW_SIZE)
                0x0001ff00                appl2_start = (appl1_start + ALIGN ((((LENGTH (rom) - appl1_start) - (0x2 * CY_FLASH_ROW_SIZE)) / 0x2), CY_FLASH_ROW_SIZE))
                0x00000000                appl_start = (CY_APPL_NUM == 0x1)?appl1_start:appl2_start
                0x00000000                ecc_offset = ((appl_start / CY_FLASH_ROW_SIZE) * CY_ECC_ROW_SIZE)
                0x00000000                ee_offset = (CY_APPL_LOADABLE && ! (CY_EE_IN_BTLDR))?((CY_EE_SIZE / CY_APPL_MAX) * (CY_APPL_NUM - 0x1)):0x0
                0x00000800                ee_size = (CY_APPL_LOADABLE && ! (CY_EE_IN_BTLDR))?(CY_EE_SIZE / CY_APPL_MAX):CY_EE_SIZE
                [!provide]                PROVIDE (CY_ECC_OFFSET, ecc_offset)

.text           0x00000000     0x1610
 CREATE_OBJECT_SYMBOLS
                0x00000000                PROVIDE (__cy_interrupt_vector, RomVectors)
 *(.romvectors)
 .romvectors    0x00000000       0x10 .\CortexM3\ARM_GCC_541\Debug\Cm3Start.o
                0x00000000                RomVectors
                0x00000001                ASSERT ((. != __cy_interrupt_vector), No interrupt vector)
                0x00000001                ASSERT (CY_APPL_ORIGIN?(SIZEOF (.cybootloader) <= CY_APPL_ORIGIN):0x1, Wrong image location)
                0x00000010                PROVIDE (__cy_reset, Reset)
 *(.text.Reset)
 .text.Reset    0x00000010       0x18 .\CortexM3\ARM_GCC_541\Debug\Cm3Start.o
                0x00000010                Reset
                0x00000001                ASSERT ((. != __cy_reset), No reset code)
 *(.dma_init)
                0x00000001                ASSERT ((((appl_start + .) <= 0x10000) || 0x1), DMA Init must be within the first 64k of flash)
 *(.text .text.* .gnu.linkonce.t.*)
 .text          0x00000028       0x5c c:/program files (x86)/cypress/psoc creator/4.4/psoc creator/import/gnu/arm/5.4.1/bin/../lib/gcc/arm-none-eabi/5.4.1/armv7-m/crtbegin.o
 .text.u8x8_dummy_cb
                0x00000084        0x4 .\CortexM3\ARM_GCC_541\Debug\u8x8_setup.o
                0x00000084                u8x8_dummy_cb
 .text.u8x8_SetupDefaults
                0x00000088       0x28 .\CortexM3\ARM_GCC_541\Debug\u8x8_setup.o
                0x00000088                u8x8_SetupDefaults
 .text.u8x8_Setup
                0x000000b0       0x20 .\CortexM3\ARM_GCC_541\Debug\u8x8_setup.o
                0x000000b0                u8x8_Setup
 .text.u8x8_gpio_call
                0x000000d0        0xc .\CortexM3\ARM_GCC_541\Debug\u8x8_gpio.o
                0x000000d0                u8x8_gpio_call
 .text.u8x8_d_helper_display_setup_memory
                0x000000dc        0xc .\CortexM3\ARM_GCC_541\Debug\u8x8_display.o
                0x000000dc                u8x8_d_helper_display_setup_memory
 .text.u8x8_d_helper_display_init
                0x000000e8       0x60 .\CortexM3\ARM_GCC_541\Debug\u8x8_display.o
                0x000000e8                u8x8_d_helper_display_init
 .text.u8x8_DrawTile
                0x00000148       0x24 .\CortexM3\ARM_GCC_541\Debug\u8x8_display.o
                0x00000148                u8x8_DrawTile
 .text.u8x8_SetupMemory
                0x0000016c       0x10 .\CortexM3\ARM_GCC_541\Debug\u8x8_display.o
                0x0000016c                u8x8_SetupMemory
 .text.u8x8_InitDisplay
                0x0000017c       0x10 .\CortexM3\ARM_GCC_541\Debug\u8x8_display.o
                0x0000017c                u8x8_InitDisplay
 .text.u8x8_SetPowerSave
                0x0000018c       0x10 .\CortexM3\ARM_GCC_541\Debug\u8x8_display.o
                0x0000018c                u8x8_SetPowerSave
 .text.u8x8_ClearDisplayWithTile
                0x0000019c       0x40 .\CortexM3\ARM_GCC_541\Debug\u8x8_display.o
                0x0000019c                u8x8_ClearDisplayWithTile
 .text.u8x8_ClearDisplay
                0x000001dc       0x18 .\CortexM3\ARM_GCC_541\Debug\u8x8_display.o
                0x000001dc                u8x8_ClearDisplay
 .text.u8x8_d_ssd1306_sh1106_generic
                0x000001f4       0xe4 .\CortexM3\ARM_GCC_541\Debug\u8x8_d_ssd1306_128x64_noname.o
 .text.u8x8_d_ssd1306_128x64_noname
                0x000002d8       0x44 .\CortexM3\ARM_GCC_541\Debug\u8x8_d_ssd1306_128x64_noname.o
                0x000002d8                u8x8_d_ssd1306_128x64_noname
 .text.u8x8_i2c_data_transfer
                0x0000031c       0x28 .\CortexM3\ARM_GCC_541\Debug\u8x8_cad.o
 .text.u8x8_cad_SendCmd
                0x00000344       0x10 .\CortexM3\ARM_GCC_541\Debug\u8x8_cad.o
                0x00000344                u8x8_cad_SendCmd
 .text.u8x8_cad_SendArg
                0x00000354       0x10 .\CortexM3\ARM_GCC_541\Debug\u8x8_cad.o
                0x00000354                u8x8_cad_SendArg
 .text.u8x8_cad_SendData
                0x00000364       0x10 .\CortexM3\ARM_GCC_541\Debug\u8x8_cad.o
                0x00000364                u8x8_cad_SendData
 .text.u8x8_cad_StartTransfer
                0x00000374       0x10 .\CortexM3\ARM_GCC_541\Debug\u8x8_cad.o
                0x00000374                u8x8_cad_StartTransfer
 .text.u8x8_cad_EndTransfer
                0x00000384       0x10 .\CortexM3\ARM_GCC_541\Debug\u8x8_cad.o
                0x00000384                u8x8_cad_EndTransfer
 .text.u8x8_cad_SendSequence
                0x00000394       0x6c .\CortexM3\ARM_GCC_541\Debug\u8x8_cad.o
                0x00000394                u8x8_cad_SendSequence
 .text.u8x8_cad_ssd13xx_i2c
                0x00000400       0x7c .\CortexM3\ARM_GCC_541\Debug\u8x8_cad.o
                0x00000400                u8x8_cad_ssd13xx_i2c
 .text.u8x8_byte_SendBytes
                0x0000047c       0x10 .\CortexM3\ARM_GCC_541\Debug\u8x8_byte.o
                0x0000047c                u8x8_byte_SendBytes
 .text.u8x8_byte_SendByte
                0x0000048c       0x18 .\CortexM3\ARM_GCC_541\Debug\u8x8_byte.o
                0x0000048c                u8x8_byte_SendByte
 .text.u8x8_byte_StartTransfer
                0x000004a4       0x10 .\CortexM3\ARM_GCC_541\Debug\u8x8_byte.o
                0x000004a4                u8x8_byte_StartTransfer
 .text.u8x8_byte_EndTransfer
                0x000004b4       0x10 .\CortexM3\ARM_GCC_541\Debug\u8x8_byte.o
                0x000004b4                u8x8_byte_EndTransfer
 .text.u8x8_get_glyph_data
                0x000004c4       0x7c .\CortexM3\ARM_GCC_541\Debug\u8x8_8x8.o
 .text.u8x8_ascii_next
                0x00000540       0x18 .\CortexM3\ARM_GCC_541\Debug\u8x8_8x8.o
                0x00000540                u8x8_ascii_next
 .text.u8x8_SetFont
                0x00000558        0x4 .\CortexM3\ARM_GCC_541\Debug\u8x8_8x8.o
                0x00000558                u8x8_SetFont
 .text.u8x8_DrawGlyph
                0x0000055c       0x64 .\CortexM3\ARM_GCC_541\Debug\u8x8_8x8.o
                0x0000055c                u8x8_DrawGlyph
 .text.u8x8_utf8_init
                0x000005c0        0x8 .\CortexM3\ARM_GCC_541\Debug\u8x8_8x8.o
                0x000005c0                u8x8_utf8_init
 .text.u8x8_draw_string
                0x000005c8       0x50 .\CortexM3\ARM_GCC_541\Debug\u8x8_8x8.o
 .text.u8x8_DrawString
                0x00000618       0x10 .\CortexM3\ARM_GCC_541\Debug\u8x8_8x8.o
                0x00000618                u8x8_DrawString
 .text.PWM_TACHO_InterruptHandler
                0x00000628       0x14 .\CortexM3\ARM_GCC_541\Debug\main.o
                0x00000628                PWM_TACHO_InterruptHandler
 .text.psoc_gpio_and_delay_callback
                0x0000063c       0x28 .\CortexM3\ARM_GCC_541\Debug\main.o
                0x0000063c                psoc_gpio_and_delay_callback
 .text.u8x8_byte_hw_i2c
                0x00000664       0x54 .\CortexM3\ARM_GCC_541\Debug\main.o
                0x00000664                u8x8_byte_hw_i2c
 .text.main     0x000006b8      0x10c .\CortexM3\ARM_GCC_541\Debug\main.o
                0x000006b8                main
 .text.CyClockStartupError
                0x000007c4        0x4 .\CortexM3\ARM_GCC_541\Debug\cyfitter_cfg.o
 .text.cfg_write_bytes32
                0x000007c8       0x34 .\CortexM3\ARM_GCC_541\Debug\cyfitter_cfg.o
 .text.AnalogSetDefault
                0x000007fc       0x28 .\CortexM3\ARM_GCC_541\Debug\cyfitter_cfg.o
 .text.CYMEMZERO
                0x00000824        0xc .\CortexM3\ARM_GCC_541\Debug\cyfitter_cfg.o
 .text.ClockSetup
                0x00000830      0x108 .\CortexM3\ARM_GCC_541\Debug\cyfitter_cfg.o
 .text.CYCONFIGCPY
                0x00000938        0x8 .\CortexM3\ARM_GCC_541\Debug\cyfitter_cfg.o
 .text.cyfitter_cfg
                0x00000940      0x120 .\CortexM3\ARM_GCC_541\Debug\cyfitter_cfg.o
                0x00000940                cyfitter_cfg
 .text.IntDefaultHandler
                0x00000a60       0x10 .\CortexM3\ARM_GCC_541\Debug\Cm3Start.o
                0x00000a60                IntDefaultHandler
 .text.Start_c  0x00000a70       0x4c .\CortexM3\ARM_GCC_541\Debug\Cm3Start.o
                0x00000a70                Start_c
 .text.initialize_psoc
                0x00000abc       0x68 .\CortexM3\ARM_GCC_541\Debug\Cm3Start.o
                0x00000abc                initialize_psoc
 .text.CyHalt   0x00000b24        0x4 .\CortexM3\ARM_GCC_541\Debug\Lab 5.a(CyLib.o)
                0x00000b24                CyHalt
 .text.CyDelay  0x00000b28       0x2c .\CortexM3\ARM_GCC_541\Debug\Lab 5.a(CyLib.o)
                0x00000b28                CyDelay
 .text.CyDelayUs
                0x00000b54       0x14 .\CortexM3\ARM_GCC_541\Debug\Lab 5.a(CyLib.o)
                0x00000b54                CyDelayUs
 .text.CyIntSetVector
                0x00000b68       0x28 .\CortexM3\ARM_GCC_541\Debug\Lab 5.a(CyLib.o)
                0x00000b68                CyIntSetVector
 .text.CyIntSetPriority
                0x00000b90       0x30 .\CortexM3\ARM_GCC_541\Debug\Lab 5.a(CyLib.o)
                0x00000b90                CyIntSetPriority
 .text.I2C_DISPLAY_Init
                0x00000bc0       0x7c .\CortexM3\ARM_GCC_541\Debug\Lab 5.a(I2C_DISPLAY.o)
                0x00000bc0                I2C_DISPLAY_Init
 .text.I2C_DISPLAY_Enable
                0x00000c3c       0x10 .\CortexM3\ARM_GCC_541\Debug\Lab 5.a(I2C_DISPLAY.o)
                0x00000c3c                I2C_DISPLAY_Enable
 .text.I2C_DISPLAY_Start
                0x00000c4c       0x28 .\CortexM3\ARM_GCC_541\Debug\Lab 5.a(I2C_DISPLAY.o)
                0x00000c4c                I2C_DISPLAY_Start
 .text.I2C_DISPLAY_ISR
                0x00000c74      0x328 .\CortexM3\ARM_GCC_541\Debug\Lab 5.a(I2C_DISPLAY_INT.o)
                0x00000c74                I2C_DISPLAY_ISR
 .text.I2C_DISPLAY_MasterSendStart
                0x00000f9c       0x94 .\CortexM3\ARM_GCC_541\Debug\Lab 5.a(I2C_DISPLAY_MASTER.o)
                0x00000f9c                I2C_DISPLAY_MasterSendStart
 .text.I2C_DISPLAY_MasterSendStop
                0x00001030       0x50 .\CortexM3\ARM_GCC_541\Debug\Lab 5.a(I2C_DISPLAY_MASTER.o)
                0x00001030                I2C_DISPLAY_MasterSendStop
 .text.I2C_DISPLAY_MasterWriteByte
                0x00001080       0x6c .\CortexM3\ARM_GCC_541\Debug\Lab 5.a(I2C_DISPLAY_MASTER.o)
                0x00001080                I2C_DISPLAY_MasterWriteByte
 .text.PWM_MOTOR_SPEED_Enable
                0x000010ec       0x10 .\CortexM3\ARM_GCC_541\Debug\Lab 5.a(PWM_MOTOR_SPEED.o)
                0x000010ec                PWM_MOTOR_SPEED_Enable
 .text.PWM_MOTOR_SPEED_WriteCounter
                0x000010fc        0xc .\CortexM3\ARM_GCC_541\Debug\Lab 5.a(PWM_MOTOR_SPEED.o)
                0x000010fc                PWM_MOTOR_SPEED_WriteCounter
 .text.PWM_MOTOR_SPEED_WritePeriod
                0x00001108        0xc .\CortexM3\ARM_GCC_541\Debug\Lab 5.a(PWM_MOTOR_SPEED.o)
                0x00001108                PWM_MOTOR_SPEED_WritePeriod
 .text.PWM_MOTOR_SPEED_WriteCompare
                0x00001114        0xc .\CortexM3\ARM_GCC_541\Debug\Lab 5.a(PWM_MOTOR_SPEED.o)
                0x00001114                PWM_MOTOR_SPEED_WriteCompare
 .text.PWM_MOTOR_SPEED_SetInterruptMode
                0x00001120        0xc .\CortexM3\ARM_GCC_541\Debug\Lab 5.a(PWM_MOTOR_SPEED.o)
                0x00001120                PWM_MOTOR_SPEED_SetInterruptMode
 .text.PWM_MOTOR_SPEED_ReadStatusRegister
                0x0000112c        0xc .\CortexM3\ARM_GCC_541\Debug\Lab 5.a(PWM_MOTOR_SPEED.o)
                0x0000112c                PWM_MOTOR_SPEED_ReadStatusRegister
 .text.PWM_MOTOR_SPEED_ReadCapture
                0x00001138        0xc .\CortexM3\ARM_GCC_541\Debug\Lab 5.a(PWM_MOTOR_SPEED.o)
                0x00001138                PWM_MOTOR_SPEED_ReadCapture
 .text.PWM_MOTOR_SPEED_ClearFIFO
                0x00001144       0x14 .\CortexM3\ARM_GCC_541\Debug\Lab 5.a(PWM_MOTOR_SPEED.o)
                0x00001144                PWM_MOTOR_SPEED_ClearFIFO
 .text.PWM_MOTOR_SPEED_Init
                0x00001158       0x5c .\CortexM3\ARM_GCC_541\Debug\Lab 5.a(PWM_MOTOR_SPEED.o)
                0x00001158                PWM_MOTOR_SPEED_Init
 .text.PWM_MOTOR_SPEED_Start
                0x000011b4       0x1c .\CortexM3\ARM_GCC_541\Debug\Lab 5.a(PWM_MOTOR_SPEED.o)
                0x000011b4                PWM_MOTOR_SPEED_Start
 .text.PWM_TACHO_Enable
                0x000011d0       0x10 .\CortexM3\ARM_GCC_541\Debug\Lab 5.a(PWM_TACHO.o)
                0x000011d0                PWM_TACHO_Enable
 .text.PWM_TACHO_WriteCounter
                0x000011e0        0xc .\CortexM3\ARM_GCC_541\Debug\Lab 5.a(PWM_TACHO.o)
                0x000011e0                PWM_TACHO_WriteCounter
 .text.PWM_TACHO_WritePeriod
                0x000011ec        0xc .\CortexM3\ARM_GCC_541\Debug\Lab 5.a(PWM_TACHO.o)
                0x000011ec                PWM_TACHO_WritePeriod
 .text.PWM_TACHO_WriteCompare
                0x000011f8        0xc .\CortexM3\ARM_GCC_541\Debug\Lab 5.a(PWM_TACHO.o)
                0x000011f8                PWM_TACHO_WriteCompare
 .text.PWM_TACHO_SetInterruptMode
                0x00001204        0xc .\CortexM3\ARM_GCC_541\Debug\Lab 5.a(PWM_TACHO.o)
                0x00001204                PWM_TACHO_SetInterruptMode
 .text.PWM_TACHO_ReadStatusRegister
                0x00001210        0xc .\CortexM3\ARM_GCC_541\Debug\Lab 5.a(PWM_TACHO.o)
                0x00001210                PWM_TACHO_ReadStatusRegister
 .text.PWM_TACHO_ReadCapture
                0x0000121c        0xc .\CortexM3\ARM_GCC_541\Debug\Lab 5.a(PWM_TACHO.o)
                0x0000121c                PWM_TACHO_ReadCapture
 .text.PWM_TACHO_ClearFIFO
                0x00001228       0x14 .\CortexM3\ARM_GCC_541\Debug\Lab 5.a(PWM_TACHO.o)
                0x00001228                PWM_TACHO_ClearFIFO
 .text.PWM_TACHO_Init
                0x0000123c       0x60 .\CortexM3\ARM_GCC_541\Debug\Lab 5.a(PWM_TACHO.o)
                0x0000123c                PWM_TACHO_Init
 .text.PWM_TACHO_Start
                0x0000129c       0x1c .\CortexM3\ARM_GCC_541\Debug\Lab 5.a(PWM_TACHO.o)
                0x0000129c                PWM_TACHO_Start
 .text.PWM_TACHO_ReadPeriod
                0x000012b8        0xc .\CortexM3\ARM_GCC_541\Debug\Lab 5.a(PWM_TACHO.o)
                0x000012b8                PWM_TACHO_ReadPeriod
 .text.IRQ_TACHO_SetVector
                0x000012c4        0xc .\CortexM3\ARM_GCC_541\Debug\Lab 5.a(IRQ_TACHO.o)
                0x000012c4                IRQ_TACHO_SetVector
 .text.IRQ_TACHO_SetPriority
                0x000012d0       0x10 .\CortexM3\ARM_GCC_541\Debug\Lab 5.a(IRQ_TACHO.o)
                0x000012d0                IRQ_TACHO_SetPriority
 .text.IRQ_TACHO_Enable
                0x000012e0        0xc .\CortexM3\ARM_GCC_541\Debug\Lab 5.a(IRQ_TACHO.o)
                0x000012e0                IRQ_TACHO_Enable
 .text.IRQ_TACHO_Disable
                0x000012ec        0xc .\CortexM3\ARM_GCC_541\Debug\Lab 5.a(IRQ_TACHO.o)
                0x000012ec                IRQ_TACHO_Disable
 .text.IRQ_TACHO_StartEx
                0x000012f8       0x1c .\CortexM3\ARM_GCC_541\Debug\Lab 5.a(IRQ_TACHO.o)
                0x000012f8                IRQ_TACHO_StartEx
 .text.Counter_TACHO_Enable
                0x00001314       0x10 .\CortexM3\ARM_GCC_541\Debug\Lab 5.a(Counter_TACHO.o)
                0x00001314                Counter_TACHO_Enable
 .text.Counter_TACHO_SetInterruptMode
                0x00001324        0xc .\CortexM3\ARM_GCC_541\Debug\Lab 5.a(Counter_TACHO.o)
                0x00001324                Counter_TACHO_SetInterruptMode
 .text.Counter_TACHO_ReadStatusRegister
                0x00001330        0xc .\CortexM3\ARM_GCC_541\Debug\Lab 5.a(Counter_TACHO.o)
                0x00001330                Counter_TACHO_ReadStatusRegister
 .text.Counter_TACHO_WriteCounter
                0x0000133c        0xc .\CortexM3\ARM_GCC_541\Debug\Lab 5.a(Counter_TACHO.o)
                0x0000133c                Counter_TACHO_WriteCounter
 .text.Counter_TACHO_ReadCapture
                0x00001348        0xc .\CortexM3\ARM_GCC_541\Debug\Lab 5.a(Counter_TACHO.o)
                0x00001348                Counter_TACHO_ReadCapture
 .text.Counter_TACHO_WritePeriod
                0x00001354        0xc .\CortexM3\ARM_GCC_541\Debug\Lab 5.a(Counter_TACHO.o)
                0x00001354                Counter_TACHO_WritePeriod
 .text.Counter_TACHO_WriteCompare
                0x00001360        0xc .\CortexM3\ARM_GCC_541\Debug\Lab 5.a(Counter_TACHO.o)
                0x00001360                Counter_TACHO_WriteCompare
 .text.Counter_TACHO_ClearFIFO
                0x0000136c       0x14 .\CortexM3\ARM_GCC_541\Debug\Lab 5.a(Counter_TACHO.o)
                0x0000136c                Counter_TACHO_ClearFIFO
 .text.Counter_TACHO_Init
                0x00001380       0x5c .\CortexM3\ARM_GCC_541\Debug\Lab 5.a(Counter_TACHO.o)
                0x00001380                Counter_TACHO_Init
 .text.Counter_TACHO_Start
                0x000013dc       0x1c .\CortexM3\ARM_GCC_541\Debug\Lab 5.a(Counter_TACHO.o)
                0x000013dc                Counter_TACHO_Start
 .text.UART_Init
                0x000013f8       0x24 .\CortexM3\ARM_GCC_541\Debug\Lab 5.a(UART.o)
                0x000013f8                UART_Init
 .text.UART_Enable
                0x0000141c       0x38 .\CortexM3\ARM_GCC_541\Debug\Lab 5.a(UART.o)
                0x0000141c                UART_Enable
 .text.UART_Start
                0x00001454       0x1c .\CortexM3\ARM_GCC_541\Debug\Lab 5.a(UART.o)
                0x00001454                UART_Start
 .text.UART_PutChar
                0x00001470       0x18 .\CortexM3\ARM_GCC_541\Debug\Lab 5.a(UART.o)
                0x00001470                UART_PutChar
 .text.UART_PutString
                0x00001488       0x24 .\CortexM3\ARM_GCC_541\Debug\Lab 5.a(UART.o)
                0x00001488                UART_PutString
 .text.UART_IntClock_Start
                0x000014ac       0x1c .\CortexM3\ARM_GCC_541\Debug\Lab 5.a(UART_IntClock.o)
                0x000014ac                UART_IntClock_Start
 .text          0x000014c8       0x20 .\CortexM3\ARM_GCC_541\Debug\Lab 5.a(CyBootAsmGnu.o)
                0x000014c8                CyDelayCycles
                0x000014d8                CyEnterCriticalSection
                0x000014e0                CyExitCriticalSection
 .text.__errno  0x000014e8        0xc c:/program files (x86)/cypress/psoc creator/4.4/psoc creator/import/gnu/arm/5.4.1/bin/../lib/gcc/arm-none-eabi/5.4.1/../../../../arm-none-eabi/lib/armv7-m\libg_nano.a(lib_a-errno.o)
                0x000014e8                __errno
 .text.__libc_init_array
                0x000014f4       0x4c c:/program files (x86)/cypress/psoc creator/4.4/psoc creator/import/gnu/arm/5.4.1/bin/../lib/gcc/arm-none-eabi/5.4.1/../../../../arm-none-eabi/lib/armv7-m\libg_nano.a(lib_a-init.o)
                0x000014f4                __libc_init_array
 .text.__itoa   0x00001540       0x2e c:/program files (x86)/cypress/psoc creator/4.4/psoc creator/import/gnu/arm/5.4.1/bin/../lib/gcc/arm-none-eabi/5.4.1/../../../../arm-none-eabi/lib/armv7-m\libg_nano.a(lib_a-itoa.o)
                0x00001540                __itoa
 .text.itoa     0x0000156e        0x4 c:/program files (x86)/cypress/psoc creator/4.4/psoc creator/import/gnu/arm/5.4.1/bin/../lib/gcc/arm-none-eabi/5.4.1/../../../../arm-none-eabi/lib/armv7-m\libg_nano.a(lib_a-itoa.o)
                0x0000156e                itoa
 .text.memcpy   0x00001572       0x16 c:/program files (x86)/cypress/psoc creator/4.4/psoc creator/import/gnu/arm/5.4.1/bin/../lib/gcc/arm-none-eabi/5.4.1/../../../../arm-none-eabi/lib/armv7-m\libg_nano.a(lib_a-memcpy-stub.o)
                0x00001572                memcpy
 .text.memset   0x00001588       0x10 c:/program files (x86)/cypress/psoc creator/4.4/psoc creator/import/gnu/arm/5.4.1/bin/../lib/gcc/arm-none-eabi/5.4.1/../../../../arm-none-eabi/lib/armv7-m\libg_nano.a(lib_a-memset.o)
                0x00001588                memset
 .text.__utoa   0x00001598       0x78 c:/program files (x86)/cypress/psoc creator/4.4/psoc creator/import/gnu/arm/5.4.1/bin/../lib/gcc/arm-none-eabi/5.4.1/../../../../arm-none-eabi/lib/armv7-m\libg_nano.a(lib_a-utoa.o)
                0x00001598                __utoa
 *(.plt)
 *(.gnu.warning)
 *(.glue_7t)
 .glue_7t       0x00001610        0x0 linker stubs
 *(.glue_7)
 .glue_7        0x00001610        0x0 linker stubs
 *(.vfp11_veneer)
 .vfp11_veneer  0x00001610        0x0 linker stubs
 *(.bootloader)
 *(.ARM.extab* .gnu.linkonce.armextab.*)
 *(.gcc_except_table)

.v4_bx          0x00001610        0x0
 .v4_bx         0x00001610        0x0 linker stubs

.iplt           0x00001610        0x0
 .iplt          0x00001610        0x0 c:/program files (x86)/cypress/psoc creator/4.4/psoc creator/import/gnu/arm/5.4.1/bin/../lib/gcc/arm-none-eabi/5.4.1/armv7-m/crtbegin.o

.eh_frame_hdr
 *(.eh_frame_hdr)

.eh_frame       0x00001610        0x4
 *(.eh_frame)
 .eh_frame      0x00001610        0x0 c:/program files (x86)/cypress/psoc creator/4.4/psoc creator/import/gnu/arm/5.4.1/bin/../lib/gcc/arm-none-eabi/5.4.1/armv7-m/crtbegin.o
 .eh_frame      0x00001610        0x4 c:/program files (x86)/cypress/psoc creator/4.4/psoc creator/import/gnu/arm/5.4.1/bin/../lib/gcc/arm-none-eabi/5.4.1/armv7-m/crtend.o
                [!provide]                PROVIDE (__exidx_start, .)

.ARM.exidx
 *(.ARM.exidx* .gnu.linkonce.armexidx.*)
                0x00001614                __exidx_end = .

.rodata         0x00001614      0x94c
 *(.rodata .rodata.* .gnu.linkonce.r.*)
 .rodata        0x00001614      0x704 .\CortexM3\ARM_GCC_541\Debug\u8g2_fonts.o
                0x00001614                u8x8_font_amstrad_cpc_extended_f
 .rodata        0x00001d18      0x125 .\CortexM3\ARM_GCC_541\Debug\u8x8_d_ssd1306_128x64_noname.o
 *fill*         0x00001e3d        0x3 
 .rodata.str1.4
                0x00001e40       0x14 .\CortexM3\ARM_GCC_541\Debug\main.o
 .rodata        0x00001e54       0x4e .\CortexM3\ARM_GCC_541\Debug\cyfitter_cfg.o
 .rodata.str1.1
                0x00001ea2        0x2 c:/program files (x86)/cypress/psoc creator/4.4/psoc creator/import/gnu/arm/5.4.1/bin/../lib/gcc/arm-none-eabi/5.4.1/../../../../arm-none-eabi/lib/armv7-m\libg_nano.a(lib_a-impure.o)
 .rodata.str1.1
                0x00001ea4       0x25 c:/program files (x86)/cypress/psoc creator/4.4/psoc creator/import/gnu/arm/5.4.1/bin/../lib/gcc/arm-none-eabi/5.4.1/../../../../arm-none-eabi/lib/armv7-m\libg_nano.a(lib_a-utoa.o)
 *fill*         0x00001ec9        0x3 
 .rodata.__sf_fake_stdin
                0x00001ecc       0x20 c:/program files (x86)/cypress/psoc creator/4.4/psoc creator/import/gnu/arm/5.4.1/bin/../lib/gcc/arm-none-eabi/5.4.1/../../../../arm-none-eabi/lib/armv7-m\libg_nano.a(lib_a-findfp.o)
                0x00001ecc                __sf_fake_stdin
 .rodata.__sf_fake_stdout
                0x00001eec       0x20 c:/program files (x86)/cypress/psoc creator/4.4/psoc creator/import/gnu/arm/5.4.1/bin/../lib/gcc/arm-none-eabi/5.4.1/../../../../arm-none-eabi/lib/armv7-m\libg_nano.a(lib_a-findfp.o)
                0x00001eec                __sf_fake_stdout
 .rodata.__sf_fake_stderr
                0x00001f0c       0x20 c:/program files (x86)/cypress/psoc creator/4.4/psoc creator/import/gnu/arm/5.4.1/bin/../lib/gcc/arm-none-eabi/5.4.1/../../../../arm-none-eabi/lib/armv7-m\libg_nano.a(lib_a-findfp.o)
                0x00001f0c                __sf_fake_stderr
                0x00001f2c                . = ALIGN (0x4)
 *(.init)
 .init          0x00001f2c        0x4 c:/program files (x86)/cypress/psoc creator/4.4/psoc creator/import/gnu/arm/5.4.1/bin/../lib/gcc/arm-none-eabi/5.4.1/armv7-m/crti.o
                0x00001f2c                _init
 .init          0x00001f30        0x8 c:/program files (x86)/cypress/psoc creator/4.4/psoc creator/import/gnu/arm/5.4.1/bin/../lib/gcc/arm-none-eabi/5.4.1/armv7-m/crtn.o
                0x00001f38                . = ALIGN (0x4)
                0x00001f38                __preinit_array_start = .
 *(.preinit_array)
                0x00001f38                __preinit_array_end = .
                0x00001f38                . = ALIGN (0x4)
                0x00001f38                __init_array_start = .
 *(SORT(.init_array.*))
 *(.init_array)
 .init_array    0x00001f38        0x4 c:/program files (x86)/cypress/psoc creator/4.4/psoc creator/import/gnu/arm/5.4.1/bin/../lib/gcc/arm-none-eabi/5.4.1/armv7-m/crtbegin.o
 .init_array    0x00001f3c        0x4 .\CortexM3\ARM_GCC_541\Debug\Cm3Start.o
                0x00001f40                __init_array_end = .
                0x00001f40                . = ALIGN (0x4)
 *(.fini)
 .fini          0x00001f40        0x4 c:/program files (x86)/cypress/psoc creator/4.4/psoc creator/import/gnu/arm/5.4.1/bin/../lib/gcc/arm-none-eabi/5.4.1/armv7-m/crti.o
                0x00001f40                _fini
 .fini          0x00001f44        0x8 c:/program files (x86)/cypress/psoc creator/4.4/psoc creator/import/gnu/arm/5.4.1/bin/../lib/gcc/arm-none-eabi/5.4.1/armv7-m/crtn.o
                0x00001f4c                . = ALIGN (0x4)
                0x00001f4c                __fini_array_start = .
 *(.fini_array)
 .fini_array    0x00001f4c        0x4 c:/program files (x86)/cypress/psoc creator/4.4/psoc creator/import/gnu/arm/5.4.1/bin/../lib/gcc/arm-none-eabi/5.4.1/armv7-m/crtbegin.o
 *(SORT(.fini_array.*))
                0x00001f50                __fini_array_end = .
                0x00001f50                . = ALIGN (0x4)
 *crtbegin.o(.ctors)
 *(EXCLUDE_FILE(*crtend.o) .ctors)
 *(SORT(.ctors.*))
 *crtend.o(.ctors)
                0x00001f50                . = ALIGN (0x4)
 *crtbegin.o(.dtors)
 *(EXCLUDE_FILE(*crtend.o) .dtors)
 *(SORT(.dtors.*))
 *crtend.o(.dtors)
                0x00001f50                . = ALIGN (0x4)
                0x00001f50                __cy_regions = .
                0x00001f50        0x4 LONG 0x1f60 __cy_region_init_ram
                0x00001f54        0x4 LONG 0x1fff80c8 __cy_region_start_data
                0x00001f58        0x4 LONG 0x78 __cy_region_init_size_ram
                0x00001f5c        0x4 LONG 0x38 __cy_region_zero_size_ram
                0x00001f60                __cy_regions_end = .
                0x00001f60                . = ALIGN (0x8)
                0x00001f60                _etext = .

.cy_checksum_exclude
                0x00001f60        0x0
 *(.cy_checksum_exclude)

.ramvectors     0x1fff8000       0xc0
                0x1fff8000                __cy_region_start_ram = .
 *(.ramvectors)
 .ramvectors    0x1fff8000       0xc0 .\CortexM3\ARM_GCC_541\Debug\Cm3Start.o
                0x1fff8000                CyRamVectors

.noinit         0x1fff80c0        0x1
 *(.noinit)
 .noinit        0x1fff80c0        0x1 .\CortexM3\ARM_GCC_541\Debug\Lab 5.a(CyLib.o)
                0x1fff80c0                CyResetStatus

.data           0x1fff80c8       0x78 load address 0x00001f60
                0x1fff80c8                __cy_region_start_data = .
 *(.jcr)
 .jcr           0x1fff80c8        0x0 c:/program files (x86)/cypress/psoc creator/4.4/psoc creator/import/gnu/arm/5.4.1/bin/../lib/gcc/arm-none-eabi/5.4.1/armv7-m/crtbegin.o
 .jcr           0x1fff80c8        0x4 c:/program files (x86)/cypress/psoc creator/4.4/psoc creator/import/gnu/arm/5.4.1/bin/../lib/gcc/arm-none-eabi/5.4.1/armv7-m/crtend.o
 *(.got.plt)
 *(.got)
 *(.shdata)
 *(.data .data.* .gnu.linkonce.d.*)
 .data          0x1fff80cc       0x10 .\CortexM3\ARM_GCC_541\Debug\Lab 5.a(CyLib.o)
                0x1fff80cc                cydelay_32k_ms
                0x1fff80d0                cydelay_freq_khz
                0x1fff80d4                cydelay_freq_mhz
                0x1fff80d8                cydelay_freq_hz
 .data.impure_data
                0x1fff80dc       0x60 c:/program files (x86)/cypress/psoc creator/4.4/psoc creator/import/gnu/arm/5.4.1/bin/../lib/gcc/arm-none-eabi/5.4.1/../../../../arm-none-eabi/lib/armv7-m\libg_nano.a(lib_a-impure.o)
 .data._impure_ptr
                0x1fff813c        0x4 c:/program files (x86)/cypress/psoc creator/4.4/psoc creator/import/gnu/arm/5.4.1/bin/../lib/gcc/arm-none-eabi/5.4.1/../../../../arm-none-eabi/lib/armv7-m\libg_nano.a(lib_a-impure.o)
                0x1fff813c                _impure_ptr
                0x1fff8140                . = ALIGN (0x8)
 *(.ram)
                0x1fff8140                _edata = .

.igot.plt       0x1fff8140        0x0 load address 0x00001fd8
 .igot.plt      0x1fff8140        0x0 c:/program files (x86)/cypress/psoc creator/4.4/psoc creator/import/gnu/arm/5.4.1/bin/../lib/gcc/arm-none-eabi/5.4.1/armv7-m/crtbegin.o

.bss            0x1fff8140       0x38 load address 0x00001fd8
                0x1fff8140                PROVIDE (__bss_start__, .)
 *(.shbss)
 *(.bss .bss.* .gnu.linkonce.b.*)
 .bss           0x1fff8140       0x1c c:/program files (x86)/cypress/psoc creator/4.4/psoc creator/import/gnu/arm/5.4.1/bin/../lib/gcc/arm-none-eabi/5.4.1/armv7-m/crtbegin.o
 .bss           0x1fff815c        0x4 .\CortexM3\ARM_GCC_541\Debug\main.o
                0x1fff815c                compare_occured
 .bss           0x1fff8160        0x1 .\CortexM3\ARM_GCC_541\Debug\Lab 5.a(I2C_DISPLAY.o)
                0x1fff8160                I2C_DISPLAY_initVar
 .bss           0x1fff8161        0x1 .\CortexM3\ARM_GCC_541\Debug\Lab 5.a(PWM_MOTOR_SPEED.o)
                0x1fff8161                PWM_MOTOR_SPEED_initVar
 .bss           0x1fff8162        0x1 .\CortexM3\ARM_GCC_541\Debug\Lab 5.a(PWM_TACHO.o)
                0x1fff8162                PWM_TACHO_initVar
 .bss           0x1fff8163        0x1 .\CortexM3\ARM_GCC_541\Debug\Lab 5.a(Counter_TACHO.o)
                0x1fff8163                Counter_TACHO_initVar
 .bss           0x1fff8164        0x2 .\CortexM3\ARM_GCC_541\Debug\Lab 5.a(UART.o)
                0x1fff8164                UART_initVar
 *(COMMON)
 COMMON         0x1fff8166        0x1 .\CortexM3\ARM_GCC_541\Debug\Lab 5.a(I2C_DISPLAY.o)
                0x1fff8166                I2C_DISPLAY_state
 *fill*         0x1fff8167        0x1 
 COMMON         0x1fff8168        0xe .\CortexM3\ARM_GCC_541\Debug\Lab 5.a(I2C_DISPLAY_MASTER.o)
                0x1fff8168                I2C_DISPLAY_mstrWrBufPtr
                0x1fff816c                I2C_DISPLAY_mstrStatus
                0x1fff816d                I2C_DISPLAY_mstrWrBufIndex
                0x1fff816e                I2C_DISPLAY_mstrWrBufSize
                0x1fff816f                I2C_DISPLAY_mstrControl
                0x1fff8170                I2C_DISPLAY_mstrRdBufPtr
                0x1fff8174                I2C_DISPLAY_mstrRdBufSize
                0x1fff8175                I2C_DISPLAY_mstrRdBufIndex
                0x1fff8178                . = ALIGN (0x8)
 *fill*         0x1fff8176        0x2 
 *(.ram.b)
                0x1fff8178                _end = .
                0x1fff8178                __end = .
                0x1fff8178                PROVIDE (end, .)
                0x1fff8178                PROVIDE (__bss_end__, .)
                0x00001f60                __cy_region_init_ram = LOADADDR (.data)
                0x00000078                __cy_region_init_size_ram = (_edata - ADDR (.data))
                0x00000038                __cy_region_zero_size_ram = (_end - _edata)

.heap           0x1fff8178       0x80 load address 0x00001fd8
                0x1fff8178                . = _end
                0x1fff81f8                . = (. + 0x80)
 *fill*         0x1fff8178       0x80 
                0x1fff81f8                __cy_heap_limit = .

.stack          0x20007800      0x800
                0x20007800                __cy_stack_limit = .
                0x20008000                . = (. + 0x800)
 *fill*         0x20007800      0x800 
                0x00000001                ASSERT ((__cy_stack_limit >= __cy_heap_limit), region RAM overflowed with stack)
                0x00000000                cy_checksum_exclude_size = (CY_APPL_LOADABLE == 0x1)?SIZEOF (.cy_checksum_exclude):0x0
                0x00000001                ASSERT ((cy_checksum_exclude_size <= CY_CHECKSUM_EXCLUDE_SIZE), CY_BOOT: Section .cy_checksum_exclude size exceedes specified limit.)

.cyloadermeta
 *(.cyloadermeta)

.cyloadablemeta
 *(.cyloadablemeta)

.cyconfigecc    0x80000000     0x1298
 *(.cyconfigecc)
 .cyconfigecc   0x80000000     0x1298 .\CortexM3\ARM_GCC_541\Debug\cymetadata.o
                0x80000000                cy_meta_configecc

.cycustnvl      0x90000000        0x4
 *(.cycustnvl)
 .cycustnvl     0x90000000        0x4 .\CortexM3\ARM_GCC_541\Debug\cymetadata.o
                0x90000000                cy_meta_custnvl

.cywolatch      0x90100000        0x4
 *(.cywolatch)
 .cywolatch     0x90100000        0x4 .\CortexM3\ARM_GCC_541\Debug\cymetadata.o
                0x90100000                cy_meta_wonvl

.cyeeprom       0x90200000        0x0
 *(.cyeeprom)
                0x00000001                ASSERT ((. <= ((0x90200000 + ee_offset) + ee_size)), .cyeeprom data will not fit in EEPROM)

.cyflashprotect
                0x90400000      0x100
 *(.cyflashprotect)
 .cyflashprotect
                0x90400000      0x100 .\CortexM3\ARM_GCC_541\Debug\cymetadata.o
                0x90400000                cy_meta_flashprotect

.cymeta         0x90500000        0xc
 *(.cymeta)
 .cymeta        0x90500000        0xc .\CortexM3\ARM_GCC_541\Debug\cymetadata.o
                0x90500000                cy_metadata

.rel.dyn        0x00001fd8        0x0 load address 0x9050000c
 .rel.iplt      0x00001fd8        0x0 c:/program files (x86)/cypress/psoc creator/4.4/psoc creator/import/gnu/arm/5.4.1/bin/../lib/gcc/arm-none-eabi/5.4.1/armv7-m/crtbegin.o

.stab           0x00000000       0x9c
 *(.stab)
 .stab          0x00000000       0x24 c:/program files (x86)/cypress/psoc creator/4.4/psoc creator/import/gnu/arm/5.4.1/bin/../lib/gcc/arm-none-eabi/5.4.1/../../../../arm-none-eabi/lib/armv7-m\libnosys.a(close.o)
 .stab          0x00000024       0x18 c:/program files (x86)/cypress/psoc creator/4.4/psoc creator/import/gnu/arm/5.4.1/bin/../lib/gcc/arm-none-eabi/5.4.1/../../../../arm-none-eabi/lib/armv7-m\libnosys.a(fstat.o)
                                 0x24 (size before relaxing)
 .stab          0x0000003c       0x18 c:/program files (x86)/cypress/psoc creator/4.4/psoc creator/import/gnu/arm/5.4.1/bin/../lib/gcc/arm-none-eabi/5.4.1/../../../../arm-none-eabi/lib/armv7-m\libnosys.a(isatty.o)
                                 0x24 (size before relaxing)
 .stab          0x00000054       0x18 c:/program files (x86)/cypress/psoc creator/4.4/psoc creator/import/gnu/arm/5.4.1/bin/../lib/gcc/arm-none-eabi/5.4.1/../../../../arm-none-eabi/lib/armv7-m\libnosys.a(lseek.o)
                                 0x24 (size before relaxing)
 .stab          0x0000006c       0x18 c:/program files (x86)/cypress/psoc creator/4.4/psoc creator/import/gnu/arm/5.4.1/bin/../lib/gcc/arm-none-eabi/5.4.1/../../../../arm-none-eabi/lib/armv7-m\libnosys.a(read.o)
                                 0x24 (size before relaxing)
 .stab          0x00000084       0x18 c:/program files (x86)/cypress/psoc creator/4.4/psoc creator/import/gnu/arm/5.4.1/bin/../lib/gcc/arm-none-eabi/5.4.1/../../../../arm-none-eabi/lib/armv7-m\libnosys.a(write.o)
                                 0x24 (size before relaxing)

.stabstr        0x00000000      0x14d
 *(.stabstr)
 .stabstr       0x00000000      0x14d c:/program files (x86)/cypress/psoc creator/4.4/psoc creator/import/gnu/arm/5.4.1/bin/../lib/gcc/arm-none-eabi/5.4.1/../../../../arm-none-eabi/lib/armv7-m\libnosys.a(close.o)

.debug
 *(.debug)

.line
 *(.line)

.debug_srcinfo
 *(.debug_srcinfo)

.debug_sfnames
 *(.debug_sfnames)

.debug_aranges  0x00000000     0x43d0
 *(.debug_aranges)
 .debug_aranges
                0x00000000       0x30 .\CortexM3\ARM_GCC_541\Debug\u8log_u8x8.o
 .debug_aranges
                0x00000030       0x28 .\CortexM3\ARM_GCC_541\Debug\u8log_u8g2.o
 .debug_aranges
                0x00000058       0xa0 .\CortexM3\ARM_GCC_541\Debug\u8log.o
 .debug_aranges
                0x000000f8       0xc8 .\CortexM3\ARM_GCC_541\Debug\u8g2_setup.o
 .debug_aranges
                0x000001c0       0x40 .\CortexM3\ARM_GCC_541\Debug\u8g2_selection_list.o
 .debug_aranges
                0x00000200       0x98 .\CortexM3\ARM_GCC_541\Debug\u8g2_polygon.o
 .debug_aranges
                0x00000298       0x28 .\CortexM3\ARM_GCC_541\Debug\u8g2_message.o
 .debug_aranges
                0x000002c0       0x28 .\CortexM3\ARM_GCC_541\Debug\u8g2_ll_hvline.o
 .debug_aranges
                0x000002e8       0x20 .\CortexM3\ARM_GCC_541\Debug\u8g2_line.o
 .debug_aranges
                0x00000308       0x28 .\CortexM3\ARM_GCC_541\Debug\u8g2_kerning.o
 .debug_aranges
                0x00000330       0x28 .\CortexM3\ARM_GCC_541\Debug\u8g2_intersection.o
 .debug_aranges
                0x00000358       0x20 .\CortexM3\ARM_GCC_541\Debug\u8g2_input_value.o
 .debug_aranges
                0x00000378       0x50 .\CortexM3\ARM_GCC_541\Debug\u8g2_hvline.o
 .debug_aranges
                0x000003c8       0x18 .\CortexM3\ARM_GCC_541\Debug\u8g2_fonts.o
 .debug_aranges
                0x000003e0      0x198 .\CortexM3\ARM_GCC_541\Debug\u8g2_font.o
 .debug_aranges
                0x00000578     0x1710 .\CortexM3\ARM_GCC_541\Debug\u8g2_d_setup.o
 .debug_aranges
                0x00001c88      0x4e0 .\CortexM3\ARM_GCC_541\Debug\u8g2_d_memory.o
 .debug_aranges
                0x00002168       0x20 .\CortexM3\ARM_GCC_541\Debug\u8g2_cleardisplay.o
 .debug_aranges
                0x00002188       0x78 .\CortexM3\ARM_GCC_541\Debug\u8g2_circle.o
 .debug_aranges
                0x00002200       0x28 .\CortexM3\ARM_GCC_541\Debug\u8g2_button.o
 .debug_aranges
                0x00002228       0x80 .\CortexM3\ARM_GCC_541\Debug\u8g2_buffer.o
 .debug_aranges
                0x000022a8       0x38 .\CortexM3\ARM_GCC_541\Debug\u8g2_box.o
 .debug_aranges
                0x000022e0       0x50 .\CortexM3\ARM_GCC_541\Debug\u8g2_bitmap.o
 .debug_aranges
                0x00002330       0x30 .\CortexM3\ARM_GCC_541\Debug\u8x8_u16toa.o
 .debug_aranges
                0x00002360       0x28 .\CortexM3\ARM_GCC_541\Debug\u8x8_u8toa.o
 .debug_aranges
                0x00002388       0x40 .\CortexM3\ARM_GCC_541\Debug\u8x8_string.o
 .debug_aranges
                0x000023c8       0x38 .\CortexM3\ARM_GCC_541\Debug\u8x8_setup.o
 .debug_aranges
                0x00002400       0x40 .\CortexM3\ARM_GCC_541\Debug\u8x8_selection_list.o
 .debug_aranges
                0x00002440       0x28 .\CortexM3\ARM_GCC_541\Debug\u8x8_message.o
 .debug_aranges
                0x00002468       0x20 .\CortexM3\ARM_GCC_541\Debug\u8x8_input_value.o
 .debug_aranges
                0x00002488       0x20 .\CortexM3\ARM_GCC_541\Debug\u8x8_gpio.o
 .debug_aranges
                0x000024a8       0x18 .\CortexM3\ARM_GCC_541\Debug\u8x8_fonts.o
 .debug_aranges
                0x000024c0       0x88 .\CortexM3\ARM_GCC_541\Debug\u8x8_display.o
 .debug_aranges
                0x00002548       0x30 .\CortexM3\ARM_GCC_541\Debug\u8x8_debounce.o
 .debug_aranges
                0x00002578       0x20 .\CortexM3\ARM_GCC_541\Debug\u8x8_d_uc1701_mini12864.o
 .debug_aranges
                0x00002598       0x20 .\CortexM3\ARM_GCC_541\Debug\u8x8_d_uc1701_dogs102.o
 .debug_aranges
                0x000025b8       0x30 .\CortexM3\ARM_GCC_541\Debug\u8x8_d_uc1638.o
 .debug_aranges
                0x000025e8       0x40 .\CortexM3\ARM_GCC_541\Debug\u8x8_d_uc1617.o
 .debug_aranges
                0x00002628       0x48 .\CortexM3\ARM_GCC_541\Debug\u8x8_d_uc1611.o
 .debug_aranges
                0x00002670       0x28 .\CortexM3\ARM_GCC_541\Debug\u8x8_d_uc1610.o
 .debug_aranges
                0x00002698       0x20 .\CortexM3\ARM_GCC_541\Debug\u8x8_d_uc1609.o
 .debug_aranges
                0x000026b8       0x40 .\CortexM3\ARM_GCC_541\Debug\u8x8_d_uc1608.o
 .debug_aranges
                0x000026f8       0x28 .\CortexM3\ARM_GCC_541\Debug\u8x8_d_uc1604.o
 .debug_aranges
                0x00002720       0x28 .\CortexM3\ARM_GCC_541\Debug\u8x8_d_uc1601.o
 .debug_aranges
                0x00002748       0x50 .\CortexM3\ARM_GCC_541\Debug\u8x8_d_t6963.o
 .debug_aranges
                0x00002798       0x38 .\CortexM3\ARM_GCC_541\Debug\u8x8_d_stdio.o
 .debug_aranges
                0x000027d0       0x28 .\CortexM3\ARM_GCC_541\Debug\u8x8_d_st75320.o
 .debug_aranges
                0x000027f8       0x68 .\CortexM3\ARM_GCC_541\Debug\u8x8_d_st75256.o
 .debug_aranges
                0x00002860       0x20 .\CortexM3\ARM_GCC_541\Debug\u8x8_d_st75160.o
 .debug_aranges
                0x00002880       0x38 .\CortexM3\ARM_GCC_541\Debug\u8x8_d_st7920.o
 .debug_aranges
                0x000028b8       0x28 .\CortexM3\ARM_GCC_541\Debug\u8x8_d_st7588.o
 .debug_aranges
                0x000028e0       0x20 .\CortexM3\ARM_GCC_541\Debug\u8x8_d_st7586s_ymc240160.o
 .debug_aranges
                0x00002900       0x28 .\CortexM3\ARM_GCC_541\Debug\u8x8_d_st7586s_s028hn118a.o
 .debug_aranges
                0x00002928       0x20 .\CortexM3\ARM_GCC_541\Debug\u8x8_d_st7586s_erc240160.o
 .debug_aranges
                0x00002948       0x30 .\CortexM3\ARM_GCC_541\Debug\u8x8_d_st7571.o
 .debug_aranges
                0x00002978       0x58 .\CortexM3\ARM_GCC_541\Debug\u8x8_d_st7567.o
 .debug_aranges
                0x000029d0       0x90 .\CortexM3\ARM_GCC_541\Debug\u8x8_d_st7565.o
 .debug_aranges
                0x00002a60       0x40 .\CortexM3\ARM_GCC_541\Debug\u8x8_d_st7528.o
 .debug_aranges
                0x00002aa0       0x20 .\CortexM3\ARM_GCC_541\Debug\u8x8_d_st7511.o
 .debug_aranges
                0x00002ac0       0x50 .\CortexM3\ARM_GCC_541\Debug\u8x8_d_ssd1607_200x200.o
 .debug_aranges
                0x00002b10       0x38 .\CortexM3\ARM_GCC_541\Debug\u8x8_d_ssd1606_172x72.o
 .debug_aranges
                0x00002b48       0x40 .\CortexM3\ARM_GCC_541\Debug\u8x8_d_ssd1329.o
 .debug_aranges
                0x00002b88       0x58 .\CortexM3\ARM_GCC_541\Debug\u8x8_d_ssd1327.o
 .debug_aranges
                0x00002be0       0x30 .\CortexM3\ARM_GCC_541\Debug\u8x8_d_ssd1326.o
 .debug_aranges
                0x00002c10       0x38 .\CortexM3\ARM_GCC_541\Debug\u8x8_d_ssd1325.o
 .debug_aranges
                0x00002c48       0x48 .\CortexM3\ARM_GCC_541\Debug\u8x8_d_ssd1322.o
 .debug_aranges
                0x00002c90       0x38 .\CortexM3\ARM_GCC_541\Debug\u8x8_d_ssd1320.o
 .debug_aranges
                0x00002cc8       0x30 .\CortexM3\ARM_GCC_541\Debug\u8x8_d_ssd1318.o
 .debug_aranges
                0x00002cf8       0x28 .\CortexM3\ARM_GCC_541\Debug\u8x8_d_ssd1317.o
 .debug_aranges
                0x00002d20       0x28 .\CortexM3\ARM_GCC_541\Debug\u8x8_d_ssd1316.o
 .debug_aranges
                0x00002d48       0x38 .\CortexM3\ARM_GCC_541\Debug\u8x8_d_ssd1309.o
 .debug_aranges
                0x00002d80       0x28 .\CortexM3\ARM_GCC_541\Debug\u8x8_d_ssd1306_2040x16.o
 .debug_aranges
                0x00002da8       0x50 .\CortexM3\ARM_GCC_541\Debug\u8x8_d_ssd1306_128x64_noname.o
 .debug_aranges
                0x00002df8       0x38 .\CortexM3\ARM_GCC_541\Debug\u8x8_d_ssd1306_128x32.o
 .debug_aranges
                0x00002e30       0x28 .\CortexM3\ARM_GCC_541\Debug\u8x8_d_ssd1306_96x16.o
 .debug_aranges
                0x00002e58       0x28 .\CortexM3\ARM_GCC_541\Debug\u8x8_d_ssd1306_72x40.o
 .debug_aranges
                0x00002e80       0x28 .\CortexM3\ARM_GCC_541\Debug\u8x8_d_ssd1306_64x48.o
 .debug_aranges
                0x00002ea8       0x30 .\CortexM3\ARM_GCC_541\Debug\u8x8_d_ssd1306_64x32.o
 .debug_aranges
                0x00002ed8       0x28 .\CortexM3\ARM_GCC_541\Debug\u8x8_d_ssd1306_48x64.o
 .debug_aranges
                0x00002f00       0x40 .\CortexM3\ARM_GCC_541\Debug\u8x8_d_ssd1305.o
 .debug_aranges
                0x00002f40       0x30 .\CortexM3\ARM_GCC_541\Debug\u8x8_d_sh1122.o
 .debug_aranges
                0x00002f70       0x28 .\CortexM3\ARM_GCC_541\Debug\u8x8_d_sh1108.o
 .debug_aranges
                0x00002f98       0x50 .\CortexM3\ARM_GCC_541\Debug\u8x8_d_sh1107.o
 .debug_aranges
                0x00002fe8       0x28 .\CortexM3\ARM_GCC_541\Debug\u8x8_d_sh1106_72x40.o
 .debug_aranges
                0x00003010       0x28 .\CortexM3\ARM_GCC_541\Debug\u8x8_d_sh1106_64x32.o
 .debug_aranges
                0x00003038       0x38 .\CortexM3\ARM_GCC_541\Debug\u8x8_d_sed1330.o
 .debug_aranges
                0x00003070       0x28 .\CortexM3\ARM_GCC_541\Debug\u8x8_d_sbn1661.o
 .debug_aranges
                0x00003098       0x28 .\CortexM3\ARM_GCC_541\Debug\u8x8_d_s1d15721.o
 .debug_aranges
                0x000030c0       0x28 .\CortexM3\ARM_GCC_541\Debug\u8x8_d_s1d15e06.o
 .debug_aranges
                0x000030e8       0x28 .\CortexM3\ARM_GCC_541\Debug\u8x8_d_pcf8814_hx1230.o
 .debug_aranges
                0x00003110       0x28 .\CortexM3\ARM_GCC_541\Debug\u8x8_d_pcf8812.o
 .debug_aranges
                0x00003138       0x20 .\CortexM3\ARM_GCC_541\Debug\u8x8_d_pcd8544_84x48.o
 .debug_aranges
                0x00003158       0x40 .\CortexM3\ARM_GCC_541\Debug\u8x8_d_max7219.o
 .debug_aranges
                0x00003198       0x38 .\CortexM3\ARM_GCC_541\Debug\u8x8_d_ls013b7dh03.o
 .debug_aranges
                0x000031d0       0x30 .\CortexM3\ARM_GCC_541\Debug\u8x8_d_ld7032_60x32.o
 .debug_aranges
                0x00003200       0x48 .\CortexM3\ARM_GCC_541\Debug\u8x8_d_lc7981.o
 .debug_aranges
                0x00003248       0x30 .\CortexM3\ARM_GCC_541\Debug\u8x8_d_ks0108.o
 .debug_aranges
                0x00003278       0x20 .\CortexM3\ARM_GCC_541\Debug\u8x8_d_ist7920.o
 .debug_aranges
                0x00003298       0x20 .\CortexM3\ARM_GCC_541\Debug\u8x8_d_ist3020.o
 .debug_aranges
                0x000032b8       0x40 .\CortexM3\ARM_GCC_541\Debug\u8x8_d_il3820_296x128.o
 .debug_aranges
                0x000032f8       0x30 .\CortexM3\ARM_GCC_541\Debug\u8x8_d_hd44102.o
 .debug_aranges
                0x00003328       0x28 .\CortexM3\ARM_GCC_541\Debug\u8x8_d_gu800.o
 .debug_aranges
                0x00003350       0x30 .\CortexM3\ARM_GCC_541\Debug\u8x8_d_a2printer.o
 .debug_aranges
                0x00003380       0x48 .\CortexM3\ARM_GCC_541\Debug\u8x8_capture.o
 .debug_aranges
                0x000033c8       0xd0 .\CortexM3\ARM_GCC_541\Debug\u8x8_cad.o
 .debug_aranges
                0x00003498       0xe0 .\CortexM3\ARM_GCC_541\Debug\u8x8_byte.o
 .debug_aranges
                0x00003578       0xc8 .\CortexM3\ARM_GCC_541\Debug\u8x8_8x8.o
 .debug_aranges
                0x00003640      0x150 .\CortexM3\ARM_GCC_541\Debug\mui.o
 .debug_aranges
                0x00003790      0x178 .\CortexM3\ARM_GCC_541\Debug\mui_u8g2.o
 .debug_aranges
                0x00003908       0x58 .\CortexM3\ARM_GCC_541\Debug\main.o
 .debug_aranges
                0x00003960       0x58 .\CortexM3\ARM_GCC_541\Debug\cyfitter_cfg.o
 .debug_aranges
                0x000039b8       0x18 .\CortexM3\ARM_GCC_541\Debug\cymetadata.o
 .debug_aranges
                0x000039d0       0x48 .\CortexM3\ARM_GCC_541\Debug\Cm3Start.o
 .debug_aranges
                0x00003a18      0x2a0 .\CortexM3\ARM_GCC_541\Debug\Lab 5.a(CyLib.o)
 .debug_aranges
                0x00003cb8       0x98 .\CortexM3\ARM_GCC_541\Debug\Lab 5.a(cyPm.o)
 .debug_aranges
                0x00003d50       0x38 .\CortexM3\ARM_GCC_541\Debug\Lab 5.a(I2C_DISPLAY.o)
 .debug_aranges
                0x00003d88       0x20 .\CortexM3\ARM_GCC_541\Debug\Lab 5.a(I2C_DISPLAY_INT.o)
 .debug_aranges
                0x00003da8       0x80 .\CortexM3\ARM_GCC_541\Debug\Lab 5.a(I2C_DISPLAY_MASTER.o)
 .debug_aranges
                0x00003e28       0x98 .\CortexM3\ARM_GCC_541\Debug\Lab 5.a(PWM_MOTOR_SPEED.o)
 .debug_aranges
                0x00003ec0       0x38 .\CortexM3\ARM_GCC_541\Debug\Lab 5.a(DIRECTION.o)
 .debug_aranges
                0x00003ef8       0x98 .\CortexM3\ARM_GCC_541\Debug\Lab 5.a(BUZZER.o)
 .debug_aranges
                0x00003f90       0x98 .\CortexM3\ARM_GCC_541\Debug\Lab 5.a(PWM_TACHO.o)
 .debug_aranges
                0x00004028       0x80 .\CortexM3\ARM_GCC_541\Debug\Lab 5.a(IRQ_TACHO.o)
 .debug_aranges
                0x000040a8       0xa0 .\CortexM3\ARM_GCC_541\Debug\Lab 5.a(Counter_TACHO.o)
 .debug_aranges
                0x00004148       0xf0 .\CortexM3\ARM_GCC_541\Debug\Lab 5.a(UART.o)
 .debug_aranges
                0x00004238       0x70 .\CortexM3\ARM_GCC_541\Debug\Lab 5.a(UART_IntClock.o)
 .debug_aranges
                0x000042a8       0x20 .\CortexM3\ARM_GCC_541\Debug\Lab 5.a(CyBootAsmGnu.o)
 .debug_aranges
                0x000042c8       0x88 .\CortexM3\ARM_GCC_541\Debug\Lab 5.a(CyFlash.o)
 .debug_aranges
                0x00004350       0x80 .\CortexM3\ARM_GCC_541\Debug\Lab 5.a(CySpc.o)

.debug_pubnames
 *(.debug_pubnames)

.debug_info     0x00000000    0x6f944
 *(.debug_info .gnu.linkonce.wi.*)
 .debug_info    0x00000000      0x5de .\CortexM3\ARM_GCC_541\Debug\u8log_u8x8.o
 .debug_info    0x000005de      0xa15 .\CortexM3\ARM_GCC_541\Debug\u8log_u8g2.o
 .debug_info    0x00000ff3      0x6f8 .\CortexM3\ARM_GCC_541\Debug\u8log.o
 .debug_info    0x000016eb     0x10aa .\CortexM3\ARM_GCC_541\Debug\u8g2_setup.o
 .debug_info    0x00002795      0xedd .\CortexM3\ARM_GCC_541\Debug\u8g2_selection_list.o
 .debug_info    0x00003672      0xfed .\CortexM3\ARM_GCC_541\Debug\u8g2_polygon.o
 .debug_info    0x0000465f      0xbc6 .\CortexM3\ARM_GCC_541\Debug\u8g2_message.o
 .debug_info    0x00005225      0x914 .\CortexM3\ARM_GCC_541\Debug\u8g2_ll_hvline.o
 .debug_info    0x00005b39      0x8f2 .\CortexM3\ARM_GCC_541\Debug\u8g2_line.o
 .debug_info    0x0000642b      0x91e .\CortexM3\ARM_GCC_541\Debug\u8g2_kerning.o
 .debug_info    0x00006d49      0x893 .\CortexM3\ARM_GCC_541\Debug\u8g2_intersection.o
 .debug_info    0x000075dc      0xae6 .\CortexM3\ARM_GCC_541\Debug\u8g2_input_value.o
 .debug_info    0x000080c2      0xa9b .\CortexM3\ARM_GCC_541\Debug\u8g2_hvline.o
 .debug_info    0x00008b5d       0xb4 .\CortexM3\ARM_GCC_541\Debug\u8g2_fonts.o
 .debug_info    0x00008c11     0x1f99 .\CortexM3\ARM_GCC_541\Debug\u8g2_font.o
 .debug_info    0x0000abaa    0x240f4 .\CortexM3\ARM_GCC_541\Debug\u8g2_d_setup.o
 .debug_info    0x0002ec9e     0x2953 .\CortexM3\ARM_GCC_541\Debug\u8g2_d_memory.o
 .debug_info    0x000315f1      0x845 .\CortexM3\ARM_GCC_541\Debug\u8g2_cleardisplay.o
 .debug_info    0x00031e36     0x15aa .\CortexM3\ARM_GCC_541\Debug\u8g2_circle.o
 .debug_info    0x000333e0      0xbe9 .\CortexM3\ARM_GCC_541\Debug\u8g2_button.o
 .debug_info    0x00033fc9      0xd34 .\CortexM3\ARM_GCC_541\Debug\u8g2_buffer.o
 .debug_info    0x00034cfd      0xe7e .\CortexM3\ARM_GCC_541\Debug\u8g2_box.o
 .debug_info    0x00035b7b      0xd86 .\CortexM3\ARM_GCC_541\Debug\u8g2_bitmap.o
 .debug_info    0x00036901      0x1c0 .\CortexM3\ARM_GCC_541\Debug\u8x8_u16toa.o
 .debug_info    0x00036ac1      0x198 .\CortexM3\ARM_GCC_541\Debug\u8x8_u8toa.o
 .debug_info    0x00036c59      0x646 .\CortexM3\ARM_GCC_541\Debug\u8x8_string.o
 .debug_info    0x0003729f      0x4e1 .\CortexM3\ARM_GCC_541\Debug\u8x8_setup.o
 .debug_info    0x00037780      0x6ed .\CortexM3\ARM_GCC_541\Debug\u8x8_selection_list.o
 .debug_info    0x00037e6d      0x6d3 .\CortexM3\ARM_GCC_541\Debug\u8x8_message.o
 .debug_info    0x00038540      0x62f .\CortexM3\ARM_GCC_541\Debug\u8x8_input_value.o
 .debug_info    0x00038b6f      0x393 .\CortexM3\ARM_GCC_541\Debug\u8x8_gpio.o
 .debug_info    0x00038f02       0x6b .\CortexM3\ARM_GCC_541\Debug\u8x8_fonts.o
 .debug_info    0x00038f6d      0x900 .\CortexM3\ARM_GCC_541\Debug\u8x8_display.o
 .debug_info    0x0003986d      0x45e .\CortexM3\ARM_GCC_541\Debug\u8x8_debounce.o
 .debug_info    0x00039ccb      0x685 .\CortexM3\ARM_GCC_541\Debug\u8x8_d_uc1701_mini12864.o
 .debug_info    0x0003a350      0x685 .\CortexM3\ARM_GCC_541\Debug\u8x8_d_uc1701_dogs102.o
 .debug_info    0x0003a9d5      0x85e .\CortexM3\ARM_GCC_541\Debug\u8x8_d_uc1638.o
 .debug_info    0x0003b233      0x8b0 .\CortexM3\ARM_GCC_541\Debug\u8x8_d_uc1617.o
 .debug_info    0x0003bae3      0xfe4 .\CortexM3\ARM_GCC_541\Debug\u8x8_d_uc1611.o
 .debug_info    0x0003cac7      0x7db .\CortexM3\ARM_GCC_541\Debug\u8x8_d_uc1610.o
 .debug_info    0x0003d2a2      0x68f .\CortexM3\ARM_GCC_541\Debug\u8x8_d_uc1609.o
 .debug_info    0x0003d931      0xa45 .\CortexM3\ARM_GCC_541\Debug\u8x8_d_uc1608.o
 .debug_info    0x0003e376      0x724 .\CortexM3\ARM_GCC_541\Debug\u8x8_d_uc1604.o
 .debug_info    0x0003ea9a      0x8aa .\CortexM3\ARM_GCC_541\Debug\u8x8_d_uc1601.o
 .debug_info    0x0003f344      0xa4c .\CortexM3\ARM_GCC_541\Debug\u8x8_d_t6963.o
 .debug_info    0x0003fd90      0x521 .\CortexM3\ARM_GCC_541\Debug\u8x8_d_stdio.o
 .debug_info    0x000402b1      0x7b4 .\CortexM3\ARM_GCC_541\Debug\u8x8_d_st75320.o
 .debug_info    0x00040a65     0x1c7f .\CortexM3\ARM_GCC_541\Debug\u8x8_d_st75256.o
 .debug_info    0x000426e4      0x7e1 .\CortexM3\ARM_GCC_541\Debug\u8x8_d_st75160.o
 .debug_info    0x00042ec5      0x7b6 .\CortexM3\ARM_GCC_541\Debug\u8x8_d_st7920.o
 .debug_info    0x0004367b      0x7fe .\CortexM3\ARM_GCC_541\Debug\u8x8_d_st7588.o
 .debug_info    0x00043e79      0x737 .\CortexM3\ARM_GCC_541\Debug\u8x8_d_st7586s_ymc240160.o
 .debug_info    0x000445b0      0x7cd .\CortexM3\ARM_GCC_541\Debug\u8x8_d_st7586s_s028hn118a.o
 .debug_info    0x00044d7d      0x73d .\CortexM3\ARM_GCC_541\Debug\u8x8_d_st7586s_erc240160.o
 .debug_info    0x000454ba      0x7fc .\CortexM3\ARM_GCC_541\Debug\u8x8_d_st7571.o
 .debug_info    0x00045cb6     0x1295 .\CortexM3\ARM_GCC_541\Debug\u8x8_d_st7567.o
 .debug_info    0x00046f4b     0x15b3 .\CortexM3\ARM_GCC_541\Debug\u8x8_d_st7565.o
 .debug_info    0x000484fe      0x9b8 .\CortexM3\ARM_GCC_541\Debug\u8x8_d_st7528.o
 .debug_info    0x00048eb6      0x74a .\CortexM3\ARM_GCC_541\Debug\u8x8_d_st7511.o
 .debug_info    0x00049600      0xe3c .\CortexM3\ARM_GCC_541\Debug\u8x8_d_ssd1607_200x200.o
 .debug_info    0x0004a43c      0x929 .\CortexM3\ARM_GCC_541\Debug\u8x8_d_ssd1606_172x72.o
 .debug_info    0x0004ad65      0xc85 .\CortexM3\ARM_GCC_541\Debug\u8x8_d_ssd1329.o
 .debug_info    0x0004b9ea      0xefb .\CortexM3\ARM_GCC_541\Debug\u8x8_d_ssd1327.o
 .debug_info    0x0004c8e5      0x815 .\CortexM3\ARM_GCC_541\Debug\u8x8_d_ssd1326.o
 .debug_info    0x0004d0fa      0xa12 .\CortexM3\ARM_GCC_541\Debug\u8x8_d_ssd1325.o
 .debug_info    0x0004db0c      0xca3 .\CortexM3\ARM_GCC_541\Debug\u8x8_d_ssd1322.o
 .debug_info    0x0004e7af      0x9ac .\CortexM3\ARM_GCC_541\Debug\u8x8_d_ssd1320.o
 .debug_info    0x0004f15b      0x816 .\CortexM3\ARM_GCC_541\Debug\u8x8_d_ssd1318.o
 .debug_info    0x0004f971      0x725 .\CortexM3\ARM_GCC_541\Debug\u8x8_d_ssd1317.o
 .debug_info    0x00050096      0x716 .\CortexM3\ARM_GCC_541\Debug\u8x8_d_ssd1316.o
 .debug_info    0x000507ac      0xa37 .\CortexM3\ARM_GCC_541\Debug\u8x8_d_ssd1309.o
 .debug_info    0x000511e3      0x6ec .\CortexM3\ARM_GCC_541\Debug\u8x8_d_ssd1306_2040x16.o
 .debug_info    0x000518cf      0xb6d .\CortexM3\ARM_GCC_541\Debug\u8x8_d_ssd1306_128x64_noname.o
 .debug_info    0x0005243c      0x874 .\CortexM3\ARM_GCC_541\Debug\u8x8_d_ssd1306_128x32.o
 .debug_info    0x00052cb0      0x6ec .\CortexM3\ARM_GCC_541\Debug\u8x8_d_ssd1306_96x16.o
 .debug_info    0x0005339c      0x6ec .\CortexM3\ARM_GCC_541\Debug\u8x8_d_ssd1306_72x40.o
 .debug_info    0x00053a88      0x6ec .\CortexM3\ARM_GCC_541\Debug\u8x8_d_ssd1306_64x48.o
 .debug_info    0x00054174      0x7a4 .\CortexM3\ARM_GCC_541\Debug\u8x8_d_ssd1306_64x32.o
 .debug_info    0x00054918      0x6ec .\CortexM3\ARM_GCC_541\Debug\u8x8_d_ssd1306_48x64.o
 .debug_info    0x00055004      0xaa5 .\CortexM3\ARM_GCC_541\Debug\u8x8_d_ssd1305.o
 .debug_info    0x00055aa9      0x7bd .\CortexM3\ARM_GCC_541\Debug\u8x8_d_sh1122.o
 .debug_info    0x00056266      0x725 .\CortexM3\ARM_GCC_541\Debug\u8x8_d_sh1108.o
 .debug_info    0x0005698b      0xb90 .\CortexM3\ARM_GCC_541\Debug\u8x8_d_sh1107.o
 .debug_info    0x0005751b      0x6ec .\CortexM3\ARM_GCC_541\Debug\u8x8_d_sh1106_72x40.o
 .debug_info    0x00057c07      0x6ec .\CortexM3\ARM_GCC_541\Debug\u8x8_d_sh1106_64x32.o
 .debug_info    0x000582f3      0x83a .\CortexM3\ARM_GCC_541\Debug\u8x8_d_sed1330.o
 .debug_info    0x00058b2d      0x888 .\CortexM3\ARM_GCC_541\Debug\u8x8_d_sbn1661.o
 .debug_info    0x000593b5      0x716 .\CortexM3\ARM_GCC_541\Debug\u8x8_d_s1d15721.o
 .debug_info    0x00059acb      0x716 .\CortexM3\ARM_GCC_541\Debug\u8x8_d_s1d15e06.o
 .debug_info    0x0005a1e1      0x6bc .\CortexM3\ARM_GCC_541\Debug\u8x8_d_pcf8814_hx1230.o
 .debug_info    0x0005a89d      0x695 .\CortexM3\ARM_GCC_541\Debug\u8x8_d_pcf8812.o
 .debug_info    0x0005af32      0x62f .\CortexM3\ARM_GCC_541\Debug\u8x8_d_pcd8544_84x48.o
 .debug_info    0x0005b561      0x96f .\CortexM3\ARM_GCC_541\Debug\u8x8_d_max7219.o
 .debug_info    0x0005bed0      0x775 .\CortexM3\ARM_GCC_541\Debug\u8x8_d_ls013b7dh03.o
 .debug_info    0x0005c645      0x84c .\CortexM3\ARM_GCC_541\Debug\u8x8_d_ld7032_60x32.o
 .debug_info    0x0005ce91      0x92f .\CortexM3\ARM_GCC_541\Debug\u8x8_d_lc7981.o
 .debug_info    0x0005d7c0      0xd83 .\CortexM3\ARM_GCC_541\Debug\u8x8_d_ks0108.o
 .debug_info    0x0005e543      0x696 .\CortexM3\ARM_GCC_541\Debug\u8x8_d_ist7920.o
 .debug_info    0x0005ebd9      0x685 .\CortexM3\ARM_GCC_541\Debug\u8x8_d_ist3020.o
 .debug_info    0x0005f25e      0xa4f .\CortexM3\ARM_GCC_541\Debug\u8x8_d_il3820_296x128.o
 .debug_info    0x0005fcad      0xa9f .\CortexM3\ARM_GCC_541\Debug\u8x8_d_hd44102.o
 .debug_info    0x0006074c      0x67f .\CortexM3\ARM_GCC_541\Debug\u8x8_d_gu800.o
 .debug_info    0x00060dcb      0x758 .\CortexM3\ARM_GCC_541\Debug\u8x8_d_a2printer.o
 .debug_info    0x00061523      0x597 .\CortexM3\ARM_GCC_541\Debug\u8x8_capture.o
 .debug_info    0x00061aba     0x1906 .\CortexM3\ARM_GCC_541\Debug\u8x8_cad.o
 .debug_info    0x000633c0     0x16e1 .\CortexM3\ARM_GCC_541\Debug\u8x8_byte.o
 .debug_info    0x00064aa1      0xfd3 .\CortexM3\ARM_GCC_541\Debug\u8x8_8x8.o
 .debug_info    0x00065a74     0x11a6 .\CortexM3\ARM_GCC_541\Debug\mui.o
 .debug_info    0x00066c1a     0x2b9a .\CortexM3\ARM_GCC_541\Debug\mui_u8g2.o
 .debug_info    0x000697b4      0xbb0 .\CortexM3\ARM_GCC_541\Debug\main.o
 .debug_info    0x0006a364      0x5cd .\CortexM3\ARM_GCC_541\Debug\cyfitter_cfg.o
 .debug_info    0x0006a931      0x139 .\CortexM3\ARM_GCC_541\Debug\cymetadata.o
 .debug_info    0x0006aa6a      0x3bb .\CortexM3\ARM_GCC_541\Debug\Cm3Start.o
 .debug_info    0x0006ae25     0x1374 .\CortexM3\ARM_GCC_541\Debug\Lab 5.a(CyLib.o)
 .debug_info    0x0006c199      0xa2a .\CortexM3\ARM_GCC_541\Debug\Lab 5.a(cyPm.o)
 .debug_info    0x0006cbc3      0x1e2 .\CortexM3\ARM_GCC_541\Debug\Lab 5.a(I2C_DISPLAY.o)
 .debug_info    0x0006cda5      0x184 .\CortexM3\ARM_GCC_541\Debug\Lab 5.a(I2C_DISPLAY_INT.o)
 .debug_info    0x0006cf29      0x407 .\CortexM3\ARM_GCC_541\Debug\Lab 5.a(I2C_DISPLAY_MASTER.o)
 .debug_info    0x0006d330      0x351 .\CortexM3\ARM_GCC_541\Debug\Lab 5.a(PWM_MOTOR_SPEED.o)
 .debug_info    0x0006d681      0x11f .\CortexM3\ARM_GCC_541\Debug\Lab 5.a(DIRECTION.o)
 .debug_info    0x0006d7a0      0x353 .\CortexM3\ARM_GCC_541\Debug\Lab 5.a(BUZZER.o)
 .debug_info    0x0006daf3      0x354 .\CortexM3\ARM_GCC_541\Debug\Lab 5.a(PWM_TACHO.o)
 .debug_info    0x0006de47      0x2d2 .\CortexM3\ARM_GCC_541\Debug\Lab 5.a(IRQ_TACHO.o)
 .debug_info    0x0006e119      0x36b .\CortexM3\ARM_GCC_541\Debug\Lab 5.a(Counter_TACHO.o)
 .debug_info    0x0006e484      0x60c .\CortexM3\ARM_GCC_541\Debug\Lab 5.a(UART.o)
 .debug_info    0x0006ea90      0x283 .\CortexM3\ARM_GCC_541\Debug\Lab 5.a(UART_IntClock.o)
 .debug_info    0x0006ed13       0x94 .\CortexM3\ARM_GCC_541\Debug\Lab 5.a(CyBootAsmGnu.o)
 .debug_info    0x0006eda7      0x64d .\CortexM3\ARM_GCC_541\Debug\Lab 5.a(CyFlash.o)
 .debug_info    0x0006f3f4      0x550 .\CortexM3\ARM_GCC_541\Debug\Lab 5.a(CySpc.o)

.debug_abbrev   0x00000000     0xc15d
 *(.debug_abbrev)
 .debug_abbrev  0x00000000      0x182 .\CortexM3\ARM_GCC_541\Debug\u8log_u8x8.o
 .debug_abbrev  0x00000182      0x15b .\CortexM3\ARM_GCC_541\Debug\u8log_u8g2.o
 .debug_abbrev  0x000002dd      0x1a5 .\CortexM3\ARM_GCC_541\Debug\u8log.o
 .debug_abbrev  0x00000482      0x23f .\CortexM3\ARM_GCC_541\Debug\u8g2_setup.o
 .debug_abbrev  0x000006c1      0x1c9 .\CortexM3\ARM_GCC_541\Debug\u8g2_selection_list.o
 .debug_abbrev  0x0000088a      0x241 .\CortexM3\ARM_GCC_541\Debug\u8g2_polygon.o
 .debug_abbrev  0x00000acb      0x17b .\CortexM3\ARM_GCC_541\Debug\u8g2_message.o
 .debug_abbrev  0x00000c46      0x13e .\CortexM3\ARM_GCC_541\Debug\u8g2_ll_hvline.o
 .debug_abbrev  0x00000d84      0x168 .\CortexM3\ARM_GCC_541\Debug\u8g2_line.o
 .debug_abbrev  0x00000eec      0x133 .\CortexM3\ARM_GCC_541\Debug\u8g2_kerning.o
 .debug_abbrev  0x0000101f      0x148 .\CortexM3\ARM_GCC_541\Debug\u8g2_intersection.o
 .debug_abbrev  0x00001167      0x14e .\CortexM3\ARM_GCC_541\Debug\u8g2_input_value.o
 .debug_abbrev  0x000012b5      0x188 .\CortexM3\ARM_GCC_541\Debug\u8g2_hvline.o
 .debug_abbrev  0x0000143d       0x5d .\CortexM3\ARM_GCC_541\Debug\u8g2_fonts.o
 .debug_abbrev  0x0000149a      0x290 .\CortexM3\ARM_GCC_541\Debug\u8g2_font.o
 .debug_abbrev  0x0000172a      0x184 .\CortexM3\ARM_GCC_541\Debug\u8g2_d_setup.o
 .debug_abbrev  0x000018ae       0xd6 .\CortexM3\ARM_GCC_541\Debug\u8g2_d_memory.o
 .debug_abbrev  0x00001984      0x11f .\CortexM3\ARM_GCC_541\Debug\u8g2_cleardisplay.o
 .debug_abbrev  0x00001aa3      0x20e .\CortexM3\ARM_GCC_541\Debug\u8g2_circle.o
 .debug_abbrev  0x00001cb1      0x18f .\CortexM3\ARM_GCC_541\Debug\u8g2_button.o
 .debug_abbrev  0x00001e40      0x1b0 .\CortexM3\ARM_GCC_541\Debug\u8g2_buffer.o
 .debug_abbrev  0x00001ff0      0x166 .\CortexM3\ARM_GCC_541\Debug\u8g2_box.o
 .debug_abbrev  0x00002156      0x16a .\CortexM3\ARM_GCC_541\Debug\u8g2_bitmap.o
 .debug_abbrev  0x000022c0       0xe2 .\CortexM3\ARM_GCC_541\Debug\u8x8_u16toa.o
 .debug_abbrev  0x000023a2       0xd7 .\CortexM3\ARM_GCC_541\Debug\u8x8_u8toa.o
 .debug_abbrev  0x00002479      0x161 .\CortexM3\ARM_GCC_541\Debug\u8x8_string.o
 .debug_abbrev  0x000025da      0x15d .\CortexM3\ARM_GCC_541\Debug\u8x8_setup.o
 .debug_abbrev  0x00002737      0x194 .\CortexM3\ARM_GCC_541\Debug\u8x8_selection_list.o
 .debug_abbrev  0x000028cb      0x147 .\CortexM3\ARM_GCC_541\Debug\u8x8_message.o
 .debug_abbrev  0x00002a12      0x147 .\CortexM3\ARM_GCC_541\Debug\u8x8_input_value.o
 .debug_abbrev  0x00002b59       0xea .\CortexM3\ARM_GCC_541\Debug\u8x8_gpio.o
 .debug_abbrev  0x00002c43       0x26 .\CortexM3\ARM_GCC_541\Debug\u8x8_fonts.o
 .debug_abbrev  0x00002c69      0x18d .\CortexM3\ARM_GCC_541\Debug\u8x8_display.o
 .debug_abbrev  0x00002df6      0x15d .\CortexM3\ARM_GCC_541\Debug\u8x8_debounce.o
 .debug_abbrev  0x00002f53      0x155 .\CortexM3\ARM_GCC_541\Debug\u8x8_d_uc1701_mini12864.o
 .debug_abbrev  0x000030a8      0x155 .\CortexM3\ARM_GCC_541\Debug\u8x8_d_uc1701_dogs102.o
 .debug_abbrev  0x000031fd      0x19e .\CortexM3\ARM_GCC_541\Debug\u8x8_d_uc1638.o
 .debug_abbrev  0x0000339b      0x1c7 .\CortexM3\ARM_GCC_541\Debug\u8x8_d_uc1617.o
 .debug_abbrev  0x00003562      0x1bc .\CortexM3\ARM_GCC_541\Debug\u8x8_d_uc1611.o
 .debug_abbrev  0x0000371e      0x18d .\CortexM3\ARM_GCC_541\Debug\u8x8_d_uc1610.o
 .debug_abbrev  0x000038ab      0x164 .\CortexM3\ARM_GCC_541\Debug\u8x8_d_uc1609.o
 .debug_abbrev  0x00003a0f      0x19e .\CortexM3\ARM_GCC_541\Debug\u8x8_d_uc1608.o
 .debug_abbrev  0x00003bad      0x155 .\CortexM3\ARM_GCC_541\Debug\u8x8_d_uc1604.o
 .debug_abbrev  0x00003d02      0x155 .\CortexM3\ARM_GCC_541\Debug\u8x8_d_uc1601.o
 .debug_abbrev  0x00003e57      0x19e .\CortexM3\ARM_GCC_541\Debug\u8x8_d_t6963.o
 .debug_abbrev  0x00003ff5      0x1a2 .\CortexM3\ARM_GCC_541\Debug\u8x8_d_stdio.o
 .debug_abbrev  0x00004197      0x16f .\CortexM3\ARM_GCC_541\Debug\u8x8_d_st75320.o
 .debug_abbrev  0x00004306      0x1ab .\CortexM3\ARM_GCC_541\Debug\u8x8_d_st75256.o
 .debug_abbrev  0x000044b1      0x164 .\CortexM3\ARM_GCC_541\Debug\u8x8_d_st75160.o
 .debug_abbrev  0x00004615      0x18f .\CortexM3\ARM_GCC_541\Debug\u8x8_d_st7920.o
 .debug_abbrev  0x000047a4      0x16f .\CortexM3\ARM_GCC_541\Debug\u8x8_d_st7588.o
 .debug_abbrev  0x00004913      0x164 .\CortexM3\ARM_GCC_541\Debug\u8x8_d_st7586s_ymc240160.o
 .debug_abbrev  0x00004a77      0x17e .\CortexM3\ARM_GCC_541\Debug\u8x8_d_st7586s_s028hn118a.o
 .debug_abbrev  0x00004bf5      0x164 .\CortexM3\ARM_GCC_541\Debug\u8x8_d_st7586s_erc240160.o
 .debug_abbrev  0x00004d59      0x1b8 .\CortexM3\ARM_GCC_541\Debug\u8x8_d_st7571.o
 .debug_abbrev  0x00004f11      0x1c7 .\CortexM3\ARM_GCC_541\Debug\u8x8_d_st7567.o
 .debug_abbrev  0x000050d8      0x19e .\CortexM3\ARM_GCC_541\Debug\u8x8_d_st7565.o
 .debug_abbrev  0x00005276      0x1c3 .\CortexM3\ARM_GCC_541\Debug\u8x8_d_st7528.o
 .debug_abbrev  0x00005439      0x155 .\CortexM3\ARM_GCC_541\Debug\u8x8_d_st7511.o
 .debug_abbrev  0x0000558e      0x1c7 .\CortexM3\ARM_GCC_541\Debug\u8x8_d_ssd1607_200x200.o
 .debug_abbrev  0x00005755      0x1ec .\CortexM3\ARM_GCC_541\Debug\u8x8_d_ssd1606_172x72.o
 .debug_abbrev  0x00005941      0x1d4 .\CortexM3\ARM_GCC_541\Debug\u8x8_d_ssd1329.o
 .debug_abbrev  0x00005b15      0x1ab .\CortexM3\ARM_GCC_541\Debug\u8x8_d_ssd1327.o
 .debug_abbrev  0x00005cc0      0x19c .\CortexM3\ARM_GCC_541\Debug\u8x8_d_ssd1326.o
 .debug_abbrev  0x00005e5c      0x1ab .\CortexM3\ARM_GCC_541\Debug\u8x8_d_ssd1325.o
 .debug_abbrev  0x00006007      0x1d6 .\CortexM3\ARM_GCC_541\Debug\u8x8_d_ssd1322.o
 .debug_abbrev  0x000061dd      0x1d6 .\CortexM3\ARM_GCC_541\Debug\u8x8_d_ssd1320.o
 .debug_abbrev  0x000063b3      0x18d .\CortexM3\ARM_GCC_541\Debug\u8x8_d_ssd1318.o
 .debug_abbrev  0x00006540      0x16f .\CortexM3\ARM_GCC_541\Debug\u8x8_d_ssd1317.o
 .debug_abbrev  0x000066af      0x16f .\CortexM3\ARM_GCC_541\Debug\u8x8_d_ssd1316.o
 .debug_abbrev  0x0000681e      0x1c7 .\CortexM3\ARM_GCC_541\Debug\u8x8_d_ssd1309.o
 .debug_abbrev  0x000069e5      0x16f .\CortexM3\ARM_GCC_541\Debug\u8x8_d_ssd1306_2040x16.o
 .debug_abbrev  0x00006b54      0x19c .\CortexM3\ARM_GCC_541\Debug\u8x8_d_ssd1306_128x64_noname.o
 .debug_abbrev  0x00006cf0      0x1b8 .\CortexM3\ARM_GCC_541\Debug\u8x8_d_ssd1306_128x32.o
 .debug_abbrev  0x00006ea8      0x16f .\CortexM3\ARM_GCC_541\Debug\u8x8_d_ssd1306_96x16.o
 .debug_abbrev  0x00007017      0x16f .\CortexM3\ARM_GCC_541\Debug\u8x8_d_ssd1306_72x40.o
 .debug_abbrev  0x00007186      0x16f .\CortexM3\ARM_GCC_541\Debug\u8x8_d_ssd1306_64x48.o
 .debug_abbrev  0x000072f5      0x16f .\CortexM3\ARM_GCC_541\Debug\u8x8_d_ssd1306_64x32.o
 .debug_abbrev  0x00007464      0x16f .\CortexM3\ARM_GCC_541\Debug\u8x8_d_ssd1306_48x64.o
 .debug_abbrev  0x000075d3      0x1b8 .\CortexM3\ARM_GCC_541\Debug\u8x8_d_ssd1305.o
 .debug_abbrev  0x0000778b      0x1b8 .\CortexM3\ARM_GCC_541\Debug\u8x8_d_sh1122.o
 .debug_abbrev  0x00007943      0x16f .\CortexM3\ARM_GCC_541\Debug\u8x8_d_sh1108.o
 .debug_abbrev  0x00007ab2      0x1b8 .\CortexM3\ARM_GCC_541\Debug\u8x8_d_sh1107.o
 .debug_abbrev  0x00007c6a      0x16f .\CortexM3\ARM_GCC_541\Debug\u8x8_d_sh1106_72x40.o
 .debug_abbrev  0x00007dd9      0x16f .\CortexM3\ARM_GCC_541\Debug\u8x8_d_sh1106_64x32.o
 .debug_abbrev  0x00007f48      0x19e .\CortexM3\ARM_GCC_541\Debug\u8x8_d_sed1330.o
 .debug_abbrev  0x000080e6      0x16f .\CortexM3\ARM_GCC_541\Debug\u8x8_d_sbn1661.o
 .debug_abbrev  0x00008255      0x155 .\CortexM3\ARM_GCC_541\Debug\u8x8_d_s1d15721.o
 .debug_abbrev  0x000083aa      0x155 .\CortexM3\ARM_GCC_541\Debug\u8x8_d_s1d15e06.o
 .debug_abbrev  0x000084ff      0x16f .\CortexM3\ARM_GCC_541\Debug\u8x8_d_pcf8814_hx1230.o
 .debug_abbrev  0x0000866e      0x16f .\CortexM3\ARM_GCC_541\Debug\u8x8_d_pcf8812.o
 .debug_abbrev  0x000087dd      0x155 .\CortexM3\ARM_GCC_541\Debug\u8x8_d_pcd8544_84x48.o
 .debug_abbrev  0x00008932      0x1b8 .\CortexM3\ARM_GCC_541\Debug\u8x8_d_max7219.o
 .debug_abbrev  0x00008aea      0x143 .\CortexM3\ARM_GCC_541\Debug\u8x8_d_ls013b7dh03.o
 .debug_abbrev  0x00008c2d      0x1a9 .\CortexM3\ARM_GCC_541\Debug\u8x8_d_ld7032_60x32.o
 .debug_abbrev  0x00008dd6      0x1b8 .\CortexM3\ARM_GCC_541\Debug\u8x8_d_lc7981.o
 .debug_abbrev  0x00008f8e      0x196 .\CortexM3\ARM_GCC_541\Debug\u8x8_d_ks0108.o
 .debug_abbrev  0x00009124      0x155 .\CortexM3\ARM_GCC_541\Debug\u8x8_d_ist7920.o
 .debug_abbrev  0x00009279      0x155 .\CortexM3\ARM_GCC_541\Debug\u8x8_d_ist3020.o
 .debug_abbrev  0x000093ce      0x1c7 .\CortexM3\ARM_GCC_541\Debug\u8x8_d_il3820_296x128.o
 .debug_abbrev  0x00009595      0x21b .\CortexM3\ARM_GCC_541\Debug\u8x8_d_hd44102.o
 .debug_abbrev  0x000097b0      0x14a .\CortexM3\ARM_GCC_541\Debug\u8x8_d_gu800.o
 .debug_abbrev  0x000098fa      0x16f .\CortexM3\ARM_GCC_541\Debug\u8x8_d_a2printer.o
 .debug_abbrev  0x00009a69      0x14a .\CortexM3\ARM_GCC_541\Debug\u8x8_capture.o
 .debug_abbrev  0x00009bb3      0x238 .\CortexM3\ARM_GCC_541\Debug\u8x8_cad.o
 .debug_abbrev  0x00009deb      0x214 .\CortexM3\ARM_GCC_541\Debug\u8x8_byte.o
 .debug_abbrev  0x00009fff      0x269 .\CortexM3\ARM_GCC_541\Debug\u8x8_8x8.o
 .debug_abbrev  0x0000a268      0x218 .\CortexM3\ARM_GCC_541\Debug\mui.o
 .debug_abbrev  0x0000a480      0x2c9 .\CortexM3\ARM_GCC_541\Debug\mui_u8g2.o
 .debug_abbrev  0x0000a749      0x217 .\CortexM3\ARM_GCC_541\Debug\main.o
 .debug_abbrev  0x0000a960      0x20d .\CortexM3\ARM_GCC_541\Debug\cyfitter_cfg.o
 .debug_abbrev  0x0000ab6d       0x77 .\CortexM3\ARM_GCC_541\Debug\cymetadata.o
 .debug_abbrev  0x0000abe4      0x1e8 .\CortexM3\ARM_GCC_541\Debug\Cm3Start.o
 .debug_abbrev  0x0000adcc      0x254 .\CortexM3\ARM_GCC_541\Debug\Lab 5.a(CyLib.o)
 .debug_abbrev  0x0000b020      0x1ab .\CortexM3\ARM_GCC_541\Debug\Lab 5.a(cyPm.o)
 .debug_abbrev  0x0000b1cb       0xe1 .\CortexM3\ARM_GCC_541\Debug\Lab 5.a(I2C_DISPLAY.o)
 .debug_abbrev  0x0000b2ac       0xb6 .\CortexM3\ARM_GCC_541\Debug\Lab 5.a(I2C_DISPLAY_INT.o)
 .debug_abbrev  0x0000b362      0x13c .\CortexM3\ARM_GCC_541\Debug\Lab 5.a(I2C_DISPLAY_MASTER.o)
 .debug_abbrev  0x0000b49e      0x133 .\CortexM3\ARM_GCC_541\Debug\Lab 5.a(PWM_MOTOR_SPEED.o)
 .debug_abbrev  0x0000b5d1       0x90 .\CortexM3\ARM_GCC_541\Debug\Lab 5.a(DIRECTION.o)
 .debug_abbrev  0x0000b661      0x133 .\CortexM3\ARM_GCC_541\Debug\Lab 5.a(BUZZER.o)
 .debug_abbrev  0x0000b794      0x133 .\CortexM3\ARM_GCC_541\Debug\Lab 5.a(PWM_TACHO.o)
 .debug_abbrev  0x0000b8c7      0x173 .\CortexM3\ARM_GCC_541\Debug\Lab 5.a(IRQ_TACHO.o)
 .debug_abbrev  0x0000ba3a      0x126 .\CortexM3\ARM_GCC_541\Debug\Lab 5.a(Counter_TACHO.o)
 .debug_abbrev  0x0000bb60      0x175 .\CortexM3\ARM_GCC_541\Debug\Lab 5.a(UART.o)
 .debug_abbrev  0x0000bcd5      0x139 .\CortexM3\ARM_GCC_541\Debug\Lab 5.a(UART_IntClock.o)
 .debug_abbrev  0x0000be0e       0x14 .\CortexM3\ARM_GCC_541\Debug\Lab 5.a(CyBootAsmGnu.o)
 .debug_abbrev  0x0000be22      0x1a7 .\CortexM3\ARM_GCC_541\Debug\Lab 5.a(CyFlash.o)
 .debug_abbrev  0x0000bfc9      0x194 .\CortexM3\ARM_GCC_541\Debug\Lab 5.a(CySpc.o)

.debug_line     0x00000000    0x18513
 *(.debug_line)
 .debug_line    0x00000000      0x207 .\CortexM3\ARM_GCC_541\Debug\u8log_u8x8.o
 .debug_line    0x00000207      0x208 .\CortexM3\ARM_GCC_541\Debug\u8log_u8g2.o
 .debug_line    0x0000040f      0x335 .\CortexM3\ARM_GCC_541\Debug\u8log.o
 .debug_line    0x00000744      0x42b .\CortexM3\ARM_GCC_541\Debug\u8g2_setup.o
 .debug_line    0x00000b6f      0x29a .\CortexM3\ARM_GCC_541\Debug\u8g2_selection_list.o
 .debug_line    0x00000e09      0x342 .\CortexM3\ARM_GCC_541\Debug\u8g2_polygon.o
 .debug_line    0x0000114b      0x24e .\CortexM3\ARM_GCC_541\Debug\u8g2_message.o
 .debug_line    0x00001399      0x217 .\CortexM3\ARM_GCC_541\Debug\u8g2_ll_hvline.o
 .debug_line    0x000015b0      0x1fc .\CortexM3\ARM_GCC_541\Debug\u8g2_line.o
 .debug_line    0x000017ac      0x211 .\CortexM3\ARM_GCC_541\Debug\u8g2_kerning.o
 .debug_line    0x000019bd      0x1e7 .\CortexM3\ARM_GCC_541\Debug\u8g2_intersection.o
 .debug_line    0x00001ba4      0x20f .\CortexM3\ARM_GCC_541\Debug\u8g2_input_value.o
 .debug_line    0x00001db3      0x257 .\CortexM3\ARM_GCC_541\Debug\u8g2_hvline.o
 .debug_line    0x0000200a      0x167 .\CortexM3\ARM_GCC_541\Debug\u8g2_fonts.o
 .debug_line    0x00002171      0x6dc .\CortexM3\ARM_GCC_541\Debug\u8g2_font.o
 .debug_line    0x0000284d     0x3b0e .\CortexM3\ARM_GCC_541\Debug\u8g2_d_setup.o
 .debug_line    0x0000635b      0xc24 .\CortexM3\ARM_GCC_541\Debug\u8g2_d_memory.o
 .debug_line    0x00006f7f      0x1c8 .\CortexM3\ARM_GCC_541\Debug\u8g2_cleardisplay.o
 .debug_line    0x00007147      0x349 .\CortexM3\ARM_GCC_541\Debug\u8g2_circle.o
 .debug_line    0x00007490      0x216 .\CortexM3\ARM_GCC_541\Debug\u8g2_button.o
 .debug_line    0x000076a6      0x34d .\CortexM3\ARM_GCC_541\Debug\u8g2_buffer.o
 .debug_line    0x000079f3      0x22c .\CortexM3\ARM_GCC_541\Debug\u8g2_box.o
 .debug_line    0x00007c1f      0x271 .\CortexM3\ARM_GCC_541\Debug\u8g2_bitmap.o
 .debug_line    0x00007e90      0x1c1 .\CortexM3\ARM_GCC_541\Debug\u8x8_u16toa.o
 .debug_line    0x00008051      0x1a6 .\CortexM3\ARM_GCC_541\Debug\u8x8_u8toa.o
 .debug_line    0x000081f7      0x24e .\CortexM3\ARM_GCC_541\Debug\u8x8_string.o
 .debug_line    0x00008445      0x1f4 .\CortexM3\ARM_GCC_541\Debug\u8x8_setup.o
 .debug_line    0x00008639      0x255 .\CortexM3\ARM_GCC_541\Debug\u8x8_selection_list.o
 .debug_line    0x0000888e      0x234 .\CortexM3\ARM_GCC_541\Debug\u8x8_message.o
 .debug_line    0x00008ac2      0x1f3 .\CortexM3\ARM_GCC_541\Debug\u8x8_input_value.o
 .debug_line    0x00008cb5      0x1ae .\CortexM3\ARM_GCC_541\Debug\u8x8_gpio.o
 .debug_line    0x00008e63       0x1d .\CortexM3\ARM_GCC_541\Debug\u8x8_fonts.o
 .debug_line    0x00008e80      0x2bb .\CortexM3\ARM_GCC_541\Debug\u8x8_display.o
 .debug_line    0x0000913b      0x22c .\CortexM3\ARM_GCC_541\Debug\u8x8_debounce.o
 .debug_line    0x00009367      0x215 .\CortexM3\ARM_GCC_541\Debug\u8x8_d_uc1701_mini12864.o
 .debug_line    0x0000957c      0x212 .\CortexM3\ARM_GCC_541\Debug\u8x8_d_uc1701_dogs102.o
 .debug_line    0x0000978e      0x23b .\CortexM3\ARM_GCC_541\Debug\u8x8_d_uc1638.o
 .debug_line    0x000099c9      0x2a3 .\CortexM3\ARM_GCC_541\Debug\u8x8_d_uc1617.o
 .debug_line    0x00009c6c      0x375 .\CortexM3\ARM_GCC_541\Debug\u8x8_d_uc1611.o
 .debug_line    0x00009fe1      0x259 .\CortexM3\ARM_GCC_541\Debug\u8x8_d_uc1610.o
 .debug_line    0x0000a23a      0x209 .\CortexM3\ARM_GCC_541\Debug\u8x8_d_uc1609.o
 .debug_line    0x0000a443      0x27e .\CortexM3\ARM_GCC_541\Debug\u8x8_d_uc1608.o
 .debug_line    0x0000a6c1      0x219 .\CortexM3\ARM_GCC_541\Debug\u8x8_d_uc1604.o
 .debug_line    0x0000a8da      0x26a .\CortexM3\ARM_GCC_541\Debug\u8x8_d_uc1601.o
 .debug_line    0x0000ab44      0x2ba .\CortexM3\ARM_GCC_541\Debug\u8x8_d_t6963.o
 .debug_line    0x0000adfe      0x231 .\CortexM3\ARM_GCC_541\Debug\u8x8_d_stdio.o
 .debug_line    0x0000b02f      0x215 .\CortexM3\ARM_GCC_541\Debug\u8x8_d_st75320.o
 .debug_line    0x0000b244      0x3ee .\CortexM3\ARM_GCC_541\Debug\u8x8_d_st75256.o
 .debug_line    0x0000b632      0x1e6 .\CortexM3\ARM_GCC_541\Debug\u8x8_d_st75160.o
 .debug_line    0x0000b818      0x243 .\CortexM3\ARM_GCC_541\Debug\u8x8_d_st7920.o
 .debug_line    0x0000ba5b      0x21e .\CortexM3\ARM_GCC_541\Debug\u8x8_d_st7588.o
 .debug_line    0x0000bc79      0x22f .\CortexM3\ARM_GCC_541\Debug\u8x8_d_st7586s_ymc240160.o
 .debug_line    0x0000bea8      0x244 .\CortexM3\ARM_GCC_541\Debug\u8x8_d_st7586s_s028hn118a.o
 .debug_line    0x0000c0ec      0x234 .\CortexM3\ARM_GCC_541\Debug\u8x8_d_st7586s_erc240160.o
 .debug_line    0x0000c320      0x23e .\CortexM3\ARM_GCC_541\Debug\u8x8_d_st7571.o
 .debug_line    0x0000c55e      0x44c .\CortexM3\ARM_GCC_541\Debug\u8x8_d_st7567.o
 .debug_line    0x0000c9aa      0x447 .\CortexM3\ARM_GCC_541\Debug\u8x8_d_st7565.o
 .debug_line    0x0000cdf1      0x2a9 .\CortexM3\ARM_GCC_541\Debug\u8x8_d_st7528.o
 .debug_line    0x0000d09a      0x20b .\CortexM3\ARM_GCC_541\Debug\u8x8_d_st7511.o
 .debug_line    0x0000d2a5      0x31f .\CortexM3\ARM_GCC_541\Debug\u8x8_d_ssd1607_200x200.o
 .debug_line    0x0000d5c4      0x268 .\CortexM3\ARM_GCC_541\Debug\u8x8_d_ssd1606_172x72.o
 .debug_line    0x0000d82c      0x2f0 .\CortexM3\ARM_GCC_541\Debug\u8x8_d_ssd1329.o
 .debug_line    0x0000db1c      0x33a .\CortexM3\ARM_GCC_541\Debug\u8x8_d_ssd1327.o
 .debug_line    0x0000de56      0x290 .\CortexM3\ARM_GCC_541\Debug\u8x8_d_ssd1326.o
 .debug_line    0x0000e0e6      0x284 .\CortexM3\ARM_GCC_541\Debug\u8x8_d_ssd1325.o
 .debug_line    0x0000e36a      0x382 .\CortexM3\ARM_GCC_541\Debug\u8x8_d_ssd1322.o
 .debug_line    0x0000e6ec      0x2af .\CortexM3\ARM_GCC_541\Debug\u8x8_d_ssd1320.o
 .debug_line    0x0000e99b      0x241 .\CortexM3\ARM_GCC_541\Debug\u8x8_d_ssd1318.o
 .debug_line    0x0000ebdc      0x220 .\CortexM3\ARM_GCC_541\Debug\u8x8_d_ssd1317.o
 .debug_line    0x0000edfc      0x21d .\CortexM3\ARM_GCC_541\Debug\u8x8_d_ssd1316.o
 .debug_line    0x0000f019      0x2a6 .\CortexM3\ARM_GCC_541\Debug\u8x8_d_ssd1309.o
 .debug_line    0x0000f2bf      0x21d .\CortexM3\ARM_GCC_541\Debug\u8x8_d_ssd1306_2040x16.o
 .debug_line    0x0000f4dc      0x2d3 .\CortexM3\ARM_GCC_541\Debug\u8x8_d_ssd1306_128x64_noname.o
 .debug_line    0x0000f7af      0x24d .\CortexM3\ARM_GCC_541\Debug\u8x8_d_ssd1306_128x32.o
 .debug_line    0x0000f9fc      0x21b .\CortexM3\ARM_GCC_541\Debug\u8x8_d_ssd1306_96x16.o
 .debug_line    0x0000fc17      0x21b .\CortexM3\ARM_GCC_541\Debug\u8x8_d_ssd1306_72x40.o
 .debug_line    0x0000fe32      0x21b .\CortexM3\ARM_GCC_541\Debug\u8x8_d_ssd1306_64x48.o
 .debug_line    0x0001004d      0x234 .\CortexM3\ARM_GCC_541\Debug\u8x8_d_ssd1306_64x32.o
 .debug_line    0x00010281      0x21b .\CortexM3\ARM_GCC_541\Debug\u8x8_d_ssd1306_48x64.o
 .debug_line    0x0001049c      0x2ae .\CortexM3\ARM_GCC_541\Debug\u8x8_d_ssd1305.o
 .debug_line    0x0001074a      0x23c .\CortexM3\ARM_GCC_541\Debug\u8x8_d_sh1122.o
 .debug_line    0x00010986      0x21d .\CortexM3\ARM_GCC_541\Debug\u8x8_d_sh1108.o
 .debug_line    0x00010ba3      0x2c3 .\CortexM3\ARM_GCC_541\Debug\u8x8_d_sh1107.o
 .debug_line    0x00010e66      0x21a .\CortexM3\ARM_GCC_541\Debug\u8x8_d_sh1106_72x40.o
 .debug_line    0x00011080      0x21a .\CortexM3\ARM_GCC_541\Debug\u8x8_d_sh1106_64x32.o
 .debug_line    0x0001129a      0x25e .\CortexM3\ARM_GCC_541\Debug\u8x8_d_sed1330.o
 .debug_line    0x000114f8      0x201 .\CortexM3\ARM_GCC_541\Debug\u8x8_d_sbn1661.o
 .debug_line    0x000116f9      0x220 .\CortexM3\ARM_GCC_541\Debug\u8x8_d_s1d15721.o
 .debug_line    0x00011919      0x21f .\CortexM3\ARM_GCC_541\Debug\u8x8_d_s1d15e06.o
 .debug_line    0x00011b38      0x21d .\CortexM3\ARM_GCC_541\Debug\u8x8_d_pcf8814_hx1230.o
 .debug_line    0x00011d55      0x20a .\CortexM3\ARM_GCC_541\Debug\u8x8_d_pcf8812.o
 .debug_line    0x00011f5f      0x1f6 .\CortexM3\ARM_GCC_541\Debug\u8x8_d_pcd8544_84x48.o
 .debug_line    0x00012155      0x27c .\CortexM3\ARM_GCC_541\Debug\u8x8_d_max7219.o
 .debug_line    0x000123d1      0x240 .\CortexM3\ARM_GCC_541\Debug\u8x8_d_ls013b7dh03.o
 .debug_line    0x00012611      0x23c .\CortexM3\ARM_GCC_541\Debug\u8x8_d_ld7032_60x32.o
 .debug_line    0x0001284d      0x283 .\CortexM3\ARM_GCC_541\Debug\u8x8_d_lc7981.o
 .debug_line    0x00012ad0      0x278 .\CortexM3\ARM_GCC_541\Debug\u8x8_d_ks0108.o
 .debug_line    0x00012d48      0x208 .\CortexM3\ARM_GCC_541\Debug\u8x8_d_ist7920.o
 .debug_line    0x00012f50      0x207 .\CortexM3\ARM_GCC_541\Debug\u8x8_d_ist3020.o
 .debug_line    0x00013157      0x28f .\CortexM3\ARM_GCC_541\Debug\u8x8_d_il3820_296x128.o
 .debug_line    0x000133e6      0x2f4 .\CortexM3\ARM_GCC_541\Debug\u8x8_d_hd44102.o
 .debug_line    0x000136da      0x1fc .\CortexM3\ARM_GCC_541\Debug\u8x8_d_gu800.o
 .debug_line    0x000138d6      0x245 .\CortexM3\ARM_GCC_541\Debug\u8x8_d_a2printer.o
 .debug_line    0x00013b1b      0x26d .\CortexM3\ARM_GCC_541\Debug\u8x8_capture.o
 .debug_line    0x00013d88      0x5e0 .\CortexM3\ARM_GCC_541\Debug\u8x8_cad.o
 .debug_line    0x00014368      0x53f .\CortexM3\ARM_GCC_541\Debug\u8x8_byte.o
 .debug_line    0x000148a7      0x483 .\CortexM3\ARM_GCC_541\Debug\u8x8_8x8.o
 .debug_line    0x00014d2a      0x600 .\CortexM3\ARM_GCC_541\Debug\mui.o
 .debug_line    0x0001532a      0x7f0 .\CortexM3\ARM_GCC_541\Debug\mui_u8g2.o
 .debug_line    0x00015b1a      0x3a4 .\CortexM3\ARM_GCC_541\Debug\main.o
 .debug_line    0x00015ebe      0x201 .\CortexM3\ARM_GCC_541\Debug\cyfitter_cfg.o
 .debug_line    0x000160bf      0x141 .\CortexM3\ARM_GCC_541\Debug\cymetadata.o
 .debug_line    0x00016200      0x234 .\CortexM3\ARM_GCC_541\Debug\Cm3Start.o
 .debug_line    0x00016434      0x816 .\CortexM3\ARM_GCC_541\Debug\Lab 5.a(CyLib.o)
 .debug_line    0x00016c4a      0x367 .\CortexM3\ARM_GCC_541\Debug\Lab 5.a(cyPm.o)
 .debug_line    0x00016fb1       0xd9 .\CortexM3\ARM_GCC_541\Debug\Lab 5.a(I2C_DISPLAY.o)
 .debug_line    0x0001708a      0x126 .\CortexM3\ARM_GCC_541\Debug\Lab 5.a(I2C_DISPLAY_INT.o)
 .debug_line    0x000171b0      0x237 .\CortexM3\ARM_GCC_541\Debug\Lab 5.a(I2C_DISPLAY_MASTER.o)
 .debug_line    0x000173e7      0x192 .\CortexM3\ARM_GCC_541\Debug\Lab 5.a(PWM_MOTOR_SPEED.o)
 .debug_line    0x00017579       0x96 .\CortexM3\ARM_GCC_541\Debug\Lab 5.a(DIRECTION.o)
 .debug_line    0x0001760f      0x189 .\CortexM3\ARM_GCC_541\Debug\Lab 5.a(BUZZER.o)
 .debug_line    0x00017798      0x18c .\CortexM3\ARM_GCC_541\Debug\Lab 5.a(PWM_TACHO.o)
 .debug_line    0x00017924      0x136 .\CortexM3\ARM_GCC_541\Debug\Lab 5.a(IRQ_TACHO.o)
 .debug_line    0x00017a5a      0x1a1 .\CortexM3\ARM_GCC_541\Debug\Lab 5.a(Counter_TACHO.o)
 .debug_line    0x00017bfb      0x2bc .\CortexM3\ARM_GCC_541\Debug\Lab 5.a(UART.o)
 .debug_line    0x00017eb7      0x17c .\CortexM3\ARM_GCC_541\Debug\Lab 5.a(UART_IntClock.o)
 .debug_line    0x00018033       0x66 .\CortexM3\ARM_GCC_541\Debug\Lab 5.a(CyBootAsmGnu.o)
 .debug_line    0x00018099      0x21a .\CortexM3\ARM_GCC_541\Debug\Lab 5.a(CyFlash.o)
 .debug_line    0x000182b3      0x260 .\CortexM3\ARM_GCC_541\Debug\Lab 5.a(CySpc.o)

.debug_frame    0x00000000     0xea94
 *(.debug_frame)
 .debug_frame   0x00000000       0x88 .\CortexM3\ARM_GCC_541\Debug\u8log_u8x8.o
 .debug_frame   0x00000088       0x5c .\CortexM3\ARM_GCC_541\Debug\u8log_u8g2.o
 .debug_frame   0x000000e4      0x1d8 .\CortexM3\ARM_GCC_541\Debug\u8log.o
 .debug_frame   0x000002bc      0x2e4 .\CortexM3\ARM_GCC_541\Debug\u8g2_setup.o
 .debug_frame   0x000005a0      0x100 .\CortexM3\ARM_GCC_541\Debug\u8g2_selection_list.o
 .debug_frame   0x000006a0      0x1e0 .\CortexM3\ARM_GCC_541\Debug\u8g2_polygon.o
 .debug_frame   0x00000880       0x80 .\CortexM3\ARM_GCC_541\Debug\u8g2_message.o
 .debug_frame   0x00000900       0x60 .\CortexM3\ARM_GCC_541\Debug\u8g2_ll_hvline.o
 .debug_frame   0x00000960       0x48 .\CortexM3\ARM_GCC_541\Debug\u8g2_line.o
 .debug_frame   0x000009a8       0x7c .\CortexM3\ARM_GCC_541\Debug\u8g2_kerning.o
 .debug_frame   0x00000a24       0x40 .\CortexM3\ARM_GCC_541\Debug\u8g2_intersection.o
 .debug_frame   0x00000a64       0x48 .\CortexM3\ARM_GCC_541\Debug\u8g2_input_value.o
 .debug_frame   0x00000aac       0xf0 .\CortexM3\ARM_GCC_541\Debug\u8g2_hvline.o
 .debug_frame   0x00000b9c      0x530 .\CortexM3\ARM_GCC_541\Debug\u8g2_font.o
 .debug_frame   0x000010cc     0x676c .\CortexM3\ARM_GCC_541\Debug\u8g2_d_setup.o
 .debug_frame   0x00007838      0x9a0 .\CortexM3\ARM_GCC_541\Debug\u8g2_d_memory.o
 .debug_frame   0x000081d8       0x2c .\CortexM3\ARM_GCC_541\Debug\u8g2_cleardisplay.o
 .debug_frame   0x00008204      0x250 .\CortexM3\ARM_GCC_541\Debug\u8g2_circle.o
 .debug_frame   0x00008454       0x78 .\CortexM3\ARM_GCC_541\Debug\u8g2_button.o
 .debug_frame   0x000084cc      0x1c8 .\CortexM3\ARM_GCC_541\Debug\u8g2_buffer.o
 .debug_frame   0x00008694       0xe0 .\CortexM3\ARM_GCC_541\Debug\u8g2_box.o
 .debug_frame   0x00008774      0x158 .\CortexM3\ARM_GCC_541\Debug\u8g2_bitmap.o
 .debug_frame   0x000088cc       0x64 .\CortexM3\ARM_GCC_541\Debug\u8x8_u16toa.o
 .debug_frame   0x00008930       0x4c .\CortexM3\ARM_GCC_541\Debug\u8x8_u8toa.o
 .debug_frame   0x0000897c       0xc8 .\CortexM3\ARM_GCC_541\Debug\u8x8_string.o
 .debug_frame   0x00008a44       0x74 .\CortexM3\ARM_GCC_541\Debug\u8x8_setup.o
 .debug_frame   0x00008ab8       0xb8 .\CortexM3\ARM_GCC_541\Debug\u8x8_selection_list.o
 .debug_frame   0x00008b70       0x74 .\CortexM3\ARM_GCC_541\Debug\u8x8_message.o
 .debug_frame   0x00008be4       0x48 .\CortexM3\ARM_GCC_541\Debug\u8x8_input_value.o
 .debug_frame   0x00008c2c       0x2c .\CortexM3\ARM_GCC_541\Debug\u8x8_gpio.o
 .debug_frame   0x00008c58      0x1ac .\CortexM3\ARM_GCC_541\Debug\u8x8_display.o
 .debug_frame   0x00008e04       0x68 .\CortexM3\ARM_GCC_541\Debug\u8x8_debounce.o
 .debug_frame   0x00008e6c       0x38 .\CortexM3\ARM_GCC_541\Debug\u8x8_d_uc1701_mini12864.o